<html>
<body>
<pre>
<h1>µVision Build Log</h1>
<h2>Tool Versions:</h2>
IDE-Version: ¦ÌVision V5.35.0.0
Copyright (C) 2021 ARM Ltd and ARM Germany GmbH. All rights reserved.
License Information: lee lee, lee, LIC=UJWP0-BNT78-12QLE-5E8A5-8RH78-35XF2
 
Tool Versions:
Toolchain:       MDK-ARM Plus  Version: 5.35.0.2
Toolchain Path:  D:\Lee\MDK5\ARM\ARMCC\Bin
C Compiler:      Armcc.exe V5.06 update 7 (build 960)
Assembler:       Armasm.exe V5.06 update 7 (build 960)
Linker/Locator:  ArmLink.exe V5.06 update 7 (build 960)
Library Manager: ArmAr.exe V5.06 update 7 (build 960)
Hex Converter:   FromElf.exe V5.06 update 7 (build 960)
CPU DLL:         SARMCM3.DLL V5.35.0.2
Dialog DLL:      DCM.DLL V1.17.3.0
Target DLL:      STLink\ST-LINKIII-KEIL_SWO.dll V3.0.9.0
Dialog DLL:      TCM.DLL V1.53.0.0
 
<h2>Project:</h2>
F:\SEMG_Mechanical_Arm\code\MCU_Project\MCU_Project\MDK-ARM\MCU_Project.uvprojx
Project File Date:  09/21/2022

<h2>Output:</h2>
*** Using Compiler 'V5.06 update 7 (build 960)', folder: 'D:\Lee\MDK5\ARM\ARMCC\Bin'
Build target 'MCU_Project'
compiling USART_Gyroscope .c...
..\Hardware\USART_Gyroscope\USART_Gyroscope .c(149): warning:  #167-D: argument of type "const uint8_t *" is incompatible with parameter of type "uint8_t *"
  	ret = Send_Command(ACCCMD);
..\Hardware\USART_Gyroscope\USART_Gyroscope .c(159): warning:  #167-D: argument of type "const uint8_t *" is incompatible with parameter of type "uint8_t *"
  	ret = Send_Command(YAWCMD);
..\Hardware\USART_Gyroscope\USART_Gyroscope .c: 2 warnings, 0 errors
compiling main.c...
linking...
Program Size: Code=10260 RO-data=556 RW-data=120 ZI-data=1656  
FromELF: creating hex file...
"MCU_Project\MCU_Project.axf" - 0 Error(s), 2 Warning(s).

<h2>Software Packages used:</h2>

Package Vendor: ARM
                http://www.keil.com/pack/ARM.CMSIS.5.8.0.pack
                ARM.CMSIS.5.8.0
                CMSIS (Common Microcontroller Software Interface Standard)
   * Component: CORE Version: 5.5.0

Package Vendor: Keil
                http://www.keil.com/pack/Keil.STM32F4xx_DFP.2.15.0.pack
                Keil.STM32F4xx_DFP.2.15.0
                STMicroelectronics STM32F4 Series Device Support, Drivers and Examples

<h2>Collection of Component include folders:</h2>
  .\RTE\_MCU_Project
  D:\Lee\MDK5\ARM\CMSIS\5.8.0\CMSIS\Core\Include
  D:\Lee\MDK5\Keil\STM32F4xx_DFP\2.15.0\Drivers\CMSIS\Device\ST\STM32F4xx\Include

<h2>Collection of Component Files used:</h2>

   * Component: ARM::CMSIS:CORE:5.5.0
      Include file:  CMSIS\Core\Include\tz_context.h
Build Time Elapsed:  00:00:02
</pre>
</body>
</html>
