Component: ARM Compiler 5.06 update 7 (build 960) Tool: armlink [4d3601]

==============================================================================

Section Cross References

    startup_stm32f411xe.o(RESET) refers to startup_stm32f411xe.o(STACK) for __initial_sp
    startup_stm32f411xe.o(RESET) refers to startup_stm32f411xe.o(.text) for Reset_Handler
    startup_stm32f411xe.o(RESET) refers to stm32f4xx_it.o(i.NMI_Handler) for NMI_Handler
    startup_stm32f411xe.o(RESET) refers to stm32f4xx_it.o(i.HardFault_Handler) for HardFault_Handler
    startup_stm32f411xe.o(RESET) refers to stm32f4xx_it.o(i.MemManage_Handler) for MemManage_Handler
    startup_stm32f411xe.o(RESET) refers to stm32f4xx_it.o(i.BusFault_Handler) for BusFault_Handler
    startup_stm32f411xe.o(RESET) refers to stm32f4xx_it.o(i.UsageFault_Handler) for UsageFault_Handler
    startup_stm32f411xe.o(RESET) refers to stm32f4xx_it.o(i.SVC_Handler) for SVC_Handler
    startup_stm32f411xe.o(RESET) refers to stm32f4xx_it.o(i.DebugMon_Handler) for DebugMon_Handler
    startup_stm32f411xe.o(RESET) refers to stm32f4xx_it.o(i.PendSV_Handler) for PendSV_Handler
    startup_stm32f411xe.o(RESET) refers to stm32f4xx_it.o(i.SysTick_Handler) for SysTick_Handler
    startup_stm32f411xe.o(RESET) refers to stm32f4xx_it.o(i.ADC_IRQHandler) for ADC_IRQHandler
    startup_stm32f411xe.o(RESET) refers to stm32f4xx_it.o(i.USART1_IRQHandler) for USART1_IRQHandler
    startup_stm32f411xe.o(RESET) refers to stm32f4xx_it.o(i.USART2_IRQHandler) for USART2_IRQHandler
    startup_stm32f411xe.o(RESET) refers to stm32f4xx_it.o(i.DMA2_Stream0_IRQHandler) for DMA2_Stream0_IRQHandler
    startup_stm32f411xe.o(RESET) refers to stm32f4xx_it.o(i.USART6_IRQHandler) for USART6_IRQHandler
    startup_stm32f411xe.o(.text) refers to system_stm32f4xx.o(i.SystemInit) for SystemInit
    startup_stm32f411xe.o(.text) refers to entry.o(.ARM.Collect$$$$00000000) for __main
    main.o(i.Error_Handler) refers to stm32f4xx_hal_gpio.o(i.HAL_GPIO_TogglePin) for HAL_GPIO_TogglePin
    main.o(i.Error_Handler) refers to stm32f4xx_hal.o(i.HAL_Delay) for HAL_Delay
    main.o(i.Hardware_Init) refers to printf1.o(i.__0printf$1) for __2printf
    main.o(i.Hardware_Init) refers to adc_operation.o(i.ADC_Operation_Init) for ADC_Operation_Init
    main.o(i.Hardware_Init) refers to usart_printf.o(i.USART6_Start_IT) for USART6_Start_IT
    main.o(i.Hardware_Init) refers to usart_printf.o(i.USART1_Start_IT) for USART1_Start_IT
    main.o(i.Hardware_Init) refers to servomotor_control.o(i.ServoMotor_Control_Test) for ServoMotor_Control_Test
    main.o(i.Hardware_Init) refers to stm32f4xx_hal.o(i.HAL_Delay) for HAL_Delay
    main.o(i.Hardware_Init) refers to main.o(i.Error_Handler) for Error_Handler
    main.o(i.Hardware_Init) refers to main.o(.conststring) for .conststring
    main.o(i.Hardware_Init) refers to main.o(.data) for .data
    main.o(i.SystemClock_Config) refers to memseta.o(.text) for __aeabi_memclr4
    main.o(i.SystemClock_Config) refers to stm32f4xx_hal_rcc.o(i.HAL_RCC_OscConfig) for HAL_RCC_OscConfig
    main.o(i.SystemClock_Config) refers to stm32f4xx_hal_rcc.o(i.HAL_RCC_ClockConfig) for HAL_RCC_ClockConfig
    main.o(i.SystemClock_Config) refers to main.o(i.Error_Handler) for Error_Handler
    main.o(i.main) refers to stm32f4xx_hal.o(i.HAL_Init) for HAL_Init
    main.o(i.main) refers to main.o(i.SystemClock_Config) for SystemClock_Config
    main.o(i.main) refers to gpio.o(i.MX_GPIO_Init) for MX_GPIO_Init
    main.o(i.main) refers to dma.o(i.MX_DMA_Init) for MX_DMA_Init
    main.o(i.main) refers to adc.o(i.MX_ADC1_Init) for MX_ADC1_Init
    main.o(i.main) refers to usart.o(i.MX_USART1_UART_Init) for MX_USART1_UART_Init
    main.o(i.main) refers to usart.o(i.MX_USART2_UART_Init) for MX_USART2_UART_Init
    main.o(i.main) refers to usart.o(i.MX_USART6_UART_Init) for MX_USART6_UART_Init
    main.o(i.main) refers to main.o(i.Hardware_Init) for Hardware_Init
    main.o(i.main) refers to printf1.o(i.__0printf$1) for __2printf
    main.o(i.main) refers to adc_operation.o(i.ADC_Get_Data) for ADC_Get_Data
    main.o(i.main) refers to adc_operation.o(i.ADC_Get_SensorData_1) for ADC_Get_SensorData_1
    main.o(i.main) refers to adc_operation.o(i.ADC_Get_SensorData_2) for ADC_Get_SensorData_2
    main.o(i.main) refers to adc_operation.o(i.ADC_Get_Vref) for ADC_Get_Vref
    main.o(i.main) refers to servomotor_control.o(i.ServoMotor_Read_Position) for ServoMotor_Read_Position
    main.o(i.main) refers to usart_printf.o(i.UART6_Reset) for UART6_Reset
    main.o(i.main) refers to main.o(i.Error_Handler) for Error_Handler
    main.o(i.main) refers to main.o(.data) for .data
    gpio.o(i.MX_GPIO_Init) refers to memseta.o(.text) for __aeabi_memclr4
    gpio.o(i.MX_GPIO_Init) refers to stm32f4xx_hal_gpio.o(i.HAL_GPIO_WritePin) for HAL_GPIO_WritePin
    gpio.o(i.MX_GPIO_Init) refers to stm32f4xx_hal_gpio.o(i.HAL_GPIO_Init) for HAL_GPIO_Init
[...]
    Removing stm32f4xx_hal_gpio.o(.rev16_text), (4 bytes).
    Removing stm32f4xx_hal_gpio.o(.revsh_text), (4 bytes).
    Removing stm32f4xx_hal_gpio.o(.rrx_text), (6 bytes).
    Removing stm32f4xx_hal_gpio.o(i.HAL_GPIO_DeInit), (300 bytes).
    Removing stm32f4xx_hal_gpio.o(i.HAL_GPIO_EXTI_Callback), (2 bytes).
    Removing stm32f4xx_hal_gpio.o(i.HAL_GPIO_EXTI_IRQHandler), (24 bytes).
    Removing stm32f4xx_hal_gpio.o(i.HAL_GPIO_LockPin), (34 bytes).
    Removing stm32f4xx_hal_gpio.o(i.HAL_GPIO_ReadPin), (10 bytes).
    Removing stm32f4xx_hal_dma_ex.o(.rev16_text), (4 bytes).
    Removing stm32f4xx_hal_dma_ex.o(.revsh_text), (4 bytes).
    Removing stm32f4xx_hal_dma_ex.o(.rrx_text), (6 bytes).
    Removing stm32f4xx_hal_dma_ex.o(i.DMA_MultiBufferSetConfig), (30 bytes).
    Removing stm32f4xx_hal_dma_ex.o(i.HAL_DMAEx_ChangeMemory), (14 bytes).
    Removing stm32f4xx_hal_dma_ex.o(i.HAL_DMAEx_MultiBufferStart), (100 bytes).
    Removing stm32f4xx_hal_dma_ex.o(i.HAL_DMAEx_MultiBufferStart_IT), (2432 bytes).
    Removing stm32f4xx_hal_dma.o(.rev16_text), (4 bytes).
    Removing stm32f4xx_hal_dma.o(.revsh_text), (4 bytes).
    Removing stm32f4xx_hal_dma.o(.rrx_text), (6 bytes).
    Removing stm32f4xx_hal_dma.o(i.HAL_DMA_Abort), (142 bytes).
    Removing stm32f4xx_hal_dma.o(i.HAL_DMA_DeInit), (98 bytes).
    Removing stm32f4xx_hal_dma.o(i.HAL_DMA_GetError), (4 bytes).
    Removing stm32f4xx_hal_dma.o(i.HAL_DMA_GetState), (6 bytes).
    Removing stm32f4xx_hal_dma.o(i.HAL_DMA_PollForTransfer), (292 bytes).
    Removing stm32f4xx_hal_dma.o(i.HAL_DMA_RegisterCallback), (80 bytes).
    Removing stm32f4xx_hal_dma.o(i.HAL_DMA_Start), (70 bytes).
    Removing stm32f4xx_hal_dma.o(i.HAL_DMA_UnRegisterCallback), (96 bytes).
    Removing stm32f4xx_hal_pwr.o(.rev16_text), (4 bytes).
    Removing stm32f4xx_hal_pwr.o(.revsh_text), (4 bytes).
    Removing stm32f4xx_hal_pwr.o(.rrx_text), (6 bytes).
    Removing stm32f4xx_hal_pwr.o(i.HAL_PWR_ConfigPVD), (124 bytes).
    Removing stm32f4xx_hal_pwr.o(i.HAL_PWR_DeInit), (24 bytes).
    Removing stm32f4xx_hal_pwr.o(i.HAL_PWR_DisableBkUpAccess), (12 bytes).
    Removing stm32f4xx_hal_pwr.o(i.HAL_PWR_DisablePVD), (12 bytes).
    Removing stm32f4xx_hal_pwr.o(i.HAL_PWR_DisableSEVOnPend), (16 bytes).
    Removing stm32f4xx_hal_pwr.o(i.HAL_PWR_DisableSleepOnExit), (16 bytes).
    Removing stm32f4xx_hal_pwr.o(i.HAL_PWR_DisableWakeUpPin), (16 bytes).
    Removing stm32f4xx_hal_pwr.o(i.HAL_PWR_EnableBkUpAccess), (12 bytes).
    Removing stm32f4xx_hal_pwr.o(i.HAL_PWR_EnablePVD), (12 bytes).
    Removing stm32f4xx_hal_pwr.o(i.HAL_PWR_EnableSEVOnPend), (16 bytes).
    Removing stm32f4xx_hal_pwr.o(i.HAL_PWR_EnableSleepOnExit), (16 bytes).
    Removing stm32f4xx_hal_pwr.o(i.HAL_PWR_EnableWakeUpPin), (16 bytes).
    Removing stm32f4xx_hal_pwr.o(i.HAL_PWR_EnterSLEEPMode), (32 bytes).
    Removing stm32f4xx_hal_pwr.o(i.HAL_PWR_EnterSTANDBYMode), (32 bytes).
    Removing stm32f4xx_hal_pwr.o(i.HAL_PWR_EnterSTOPMode), (56 bytes).
    Removing stm32f4xx_hal_pwr.o(i.HAL_PWR_PVDCallback), (2 bytes).
    Removing stm32f4xx_hal_pwr.o(i.HAL_PWR_PVD_IRQHandler), (28 bytes).
    Removing stm32f4xx_hal_pwr_ex.o(.rev16_text), (4 bytes).
    Removing stm32f4xx_hal_pwr_ex.o(.revsh_text), (4 bytes).
    Removing stm32f4xx_hal_pwr_ex.o(.rrx_text), (6 bytes).
    Removing stm32f4xx_hal_pwr_ex.o(i.HAL_PWREx_ControlVoltageScaling), (176 bytes).
    Removing stm32f4xx_hal_pwr_ex.o(i.HAL_PWREx_DisableBkUpReg), (60 bytes).
    Removing stm32f4xx_hal_pwr_ex.o(i.HAL_PWREx_DisableFlashPowerDown), (12 bytes).
    Removing stm32f4xx_hal_pwr_ex.o(i.HAL_PWREx_DisableLowRegulatorLowVoltage), (12 bytes).
    Removing stm32f4xx_hal_pwr_ex.o(i.HAL_PWREx_DisableMainRegulatorLowVoltage), (12 bytes).
    Removing stm32f4xx_hal_pwr_ex.o(i.HAL_PWREx_EnableBkUpReg), (60 bytes).
    Removing stm32f4xx_hal_pwr_ex.o(i.HAL_PWREx_EnableFlashPowerDown), (12 bytes).
    Removing stm32f4xx_hal_pwr_ex.o(i.HAL_PWREx_EnableLowRegulatorLowVoltage), (12 bytes).
    Removing stm32f4xx_hal_pwr_ex.o(i.HAL_PWREx_EnableMainRegulatorLowVoltage), (12 bytes).
    Removing stm32f4xx_hal_pwr_ex.o(i.HAL_PWREx_GetVoltageRange), (16 bytes).
    Removing stm32f4xx_hal_cortex.o(.rev16_text), (4 bytes).
    Removing stm32f4xx_hal_cortex.o(.revsh_text), (4 bytes).
    Removing stm32f4xx_hal_cortex.o(.rrx_text), (6 bytes).
    Removing stm32f4xx_hal_cortex.o(i.HAL_MPU_ConfigRegion), (84 bytes).
    Removing stm32f4xx_hal_cortex.o(i.HAL_MPU_Disable), (28 bytes).
    Removing stm32f4xx_hal_cortex.o(i.HAL_MPU_Enable), (36 bytes).
    Removing stm32f4xx_hal_cortex.o(i.HAL_NVIC_ClearPendingIRQ), (26 bytes).
    Removing stm32f4xx_hal_cortex.o(i.HAL_NVIC_DisableIRQ), (34 bytes).
    Removing stm32f4xx_hal_cortex.o(i.HAL_NVIC_GetActive), (36 bytes).
    Removing stm32f4xx_hal_cortex.o(i.HAL_NVIC_GetPendingIRQ), (36 bytes).
    Removing stm32f4xx_hal_cortex.o(i.HAL_NVIC_GetPriority), (82 bytes).
    Removing stm32f4xx_hal_cortex.o(i.HAL_NVIC_GetPriorityGrouping), (16 bytes).
    Removing stm32f4xx_hal_cortex.o(i.HAL_NVIC_SetPendingIRQ), (26 bytes).
    Removing stm32f4xx_hal_cortex.o(i.HAL_NVIC_SystemReset), (36 bytes).
    Removing stm32f4xx_hal_cortex.o(i.HAL_SYSTICK_CLKSourceConfig), (24 bytes).
    Removing stm32f4xx_hal_cortex.o(i.HAL_SYSTICK_Callback), (2 bytes).
    Removing stm32f4xx_hal_cortex.o(i.HAL_SYSTICK_IRQHandler), (8 bytes).
    Removing stm32f4xx_hal.o(.rev16_text), (4 bytes).
    Removing stm32f4xx_hal.o(.revsh_text), (4 bytes).
    Removing stm32f4xx_hal.o(.rrx_text), (6 bytes).
    Removing stm32f4xx_hal.o(i.HAL_DBGMCU_DisableDBGSleepMode), (16 bytes).
    Removing stm32f4xx_hal.o(i.HAL_DBGMCU_DisableDBGStandbyMode), (16 bytes).
    Removing stm32f4xx_hal.o(i.HAL_DBGMCU_DisableDBGStopMode), (16 bytes).
    Removing stm32f4xx_hal.o(i.HAL_DBGMCU_EnableDBGSleepMode), (16 bytes).
    Removing stm32f4xx_hal.o(i.HAL_DBGMCU_EnableDBGStandbyMode), (16 bytes).
    Removing stm32f4xx_hal.o(i.HAL_DBGMCU_EnableDBGStopMode), (16 bytes).
    Removing stm32f4xx_hal.o(i.HAL_DeInit), (52 bytes).
    Removing stm32f4xx_hal.o(i.HAL_DisableCompensationCell), (12 bytes).
    Removing stm32f4xx_hal.o(i.HAL_EnableCompensationCell), (12 bytes).
    Removing stm32f4xx_hal.o(i.HAL_GetDEVID), (16 bytes).
    Removing stm32f4xx_hal.o(i.HAL_GetHalVersion), (8 bytes).
    Removing stm32f4xx_hal.o(i.HAL_GetREVID), (12 bytes).
    Removing stm32f4xx_hal.o(i.HAL_GetTickFreq), (12 bytes).
    Removing stm32f4xx_hal.o(i.HAL_GetTickPrio), (12 bytes).
    Removing stm32f4xx_hal.o(i.HAL_GetUIDw0), (12 bytes).
    Removing stm32f4xx_hal.o(i.HAL_GetUIDw1), (12 bytes).
    Removing stm32f4xx_hal.o(i.HAL_GetUIDw2), (12 bytes).
    Removing stm32f4xx_hal.o(i.HAL_MspDeInit), (2 bytes).
    Removing stm32f4xx_hal.o(i.HAL_MspInit), (2 bytes).
    Removing stm32f4xx_hal.o(i.HAL_ResumeTick), (14 bytes).
    Removing stm32f4xx_hal.o(i.HAL_SetTickFreq), (36 bytes).
    Removing stm32f4xx_hal.o(i.HAL_SuspendTick), (14 bytes).
    Removing stm32f4xx_hal_exti.o(.rev16_text), (4 bytes).
    Removing stm32f4xx_hal_exti.o(.revsh_text), (4 bytes).
    Removing stm32f4xx_hal_exti.o(.rrx_text), (6 bytes).
    Removing stm32f4xx_hal_exti.o(i.HAL_EXTI_ClearConfigLine), (108 bytes).
    Removing stm32f4xx_hal_exti.o(i.HAL_EXTI_ClearPending), (20 bytes).
    Removing stm32f4xx_hal_exti.o(i.HAL_EXTI_GenerateSWI), (20 bytes).
    Removing stm32f4xx_hal_exti.o(i.HAL_EXTI_GetConfigLine), (156 bytes).
    Removing stm32f4xx_hal_exti.o(i.HAL_EXTI_GetHandle), (12 bytes).
    Removing stm32f4xx_hal_exti.o(i.HAL_EXTI_GetPending), (24 bytes).
    Removing stm32f4xx_hal_exti.o(i.HAL_EXTI_IRQHandler), (36 bytes).
    Removing stm32f4xx_hal_exti.o(i.HAL_EXTI_RegisterCallback), (14 bytes).
    Removing stm32f4xx_hal_exti.o(i.HAL_EXTI_SetConfigLine), (168 bytes).
    Removing stm32f4xx_hal_tim.o(.rev16_text), (4 bytes).
    Removing stm32f4xx_hal_tim.o(.revsh_text), (4 bytes).
    Removing stm32f4xx_hal_tim.o(.rrx_text), (6 bytes).
    Removing stm32f4xx_hal_tim_ex.o(.rev16_text), (4 bytes).
    Removing stm32f4xx_hal_tim_ex.o(.revsh_text), (4 bytes).
    Removing stm32f4xx_hal_tim_ex.o(.rrx_text), (6 bytes).
    Removing stm32f4xx_hal_uart.o(.rev16_text), (4 bytes).
    Removing stm32f4xx_hal_uart.o(.revsh_text), (4 bytes).
    Removing stm32f4xx_hal_uart.o(.rrx_text), (6 bytes).
    Removing stm32f4xx_hal_uart.o(i.HAL_HalfDuplex_EnableReceiver), (50 bytes).
    Removing stm32f4xx_hal_uart.o(i.HAL_HalfDuplex_EnableTransmitter), (50 bytes).
    Removing stm32f4xx_hal_uart.o(i.HAL_HalfDuplex_Init), (108 bytes).
    Removing stm32f4xx_hal_uart.o(i.HAL_LIN_Init), (128 bytes).
    Removing stm32f4xx_hal_uart.o(i.HAL_LIN_SendBreak), (46 bytes).
    Removing stm32f4xx_hal_uart.o(i.HAL_MultiProcessor_EnterMuteMode), (46 bytes).
    Removing stm32f4xx_hal_uart.o(i.HAL_MultiProcessor_ExitMuteMode), (46 bytes).
    Removing stm32f4xx_hal_uart.o(i.HAL_MultiProcessor_Init), (142 bytes).
    Removing stm32f4xx_hal_uart.o(i.HAL_UART_Abort), (138 bytes).
    Removing stm32f4xx_hal_uart.o(i.HAL_UART_AbortCpltCallback), (2 bytes).
    Removing stm32f4xx_hal_uart.o(i.HAL_UART_AbortReceive), (88 bytes).
    Removing stm32f4xx_hal_uart.o(i.HAL_UART_AbortReceiveCpltCallback), (2 bytes).
    Removing stm32f4xx_hal_uart.o(i.HAL_UART_AbortReceive_IT), (92 bytes).
    Removing stm32f4xx_hal_uart.o(i.HAL_UART_AbortTransmit), (78 bytes).
    Removing stm32f4xx_hal_uart.o(i.HAL_UART_AbortTransmitCpltCallback), (2 bytes).
    Removing stm32f4xx_hal_uart.o(i.HAL_UART_AbortTransmit_IT), (84 bytes).
    Removing stm32f4xx_hal_uart.o(i.HAL_UART_Abort_IT), (172 bytes).
    Removing stm32f4xx_hal_uart.o(i.HAL_UART_DMAPause), (102 bytes).
    Removing stm32f4xx_hal_uart.o(i.HAL_UART_DMAResume), (94 bytes).
    Removing stm32f4xx_hal_uart.o(i.HAL_UART_DMAStop), (88 bytes).
    Removing stm32f4xx_hal_uart.o(i.HAL_UART_DeInit), (50 bytes).
    Removing stm32f4xx_hal_uart.o(i.HAL_UART_ErrorCallback), (2 bytes).
    Removing stm32f4xx_hal_uart.o(i.HAL_UART_GetError), (4 bytes).
    Removing stm32f4xx_hal_uart.o(i.HAL_UART_GetState), (10 bytes).
    Removing stm32f4xx_hal_uart.o(i.HAL_UART_MspDeInit), (2 bytes).
    Removing stm32f4xx_hal_uart.o(i.HAL_UART_MspInit), (2 bytes).
    Removing stm32f4xx_hal_uart.o(i.HAL_UART_Receive), (190 bytes).
    Removing stm32f4xx_hal_uart.o(i.HAL_UART_Receive_DMA), (152 bytes).
    Removing stm32f4xx_hal_uart.o(i.HAL_UART_RxCpltCallback), (2 bytes).
    Removing stm32f4xx_hal_uart.o(i.HAL_UART_RxHalfCpltCallback), (2 bytes).
    Removing stm32f4xx_hal_uart.o(i.HAL_UART_Transmit_DMA), (128 bytes).
    Removing stm32f4xx_hal_uart.o(i.HAL_UART_Transmit_IT), (62 bytes).
    Removing stm32f4xx_hal_uart.o(i.HAL_UART_TxHalfCpltCallback), (2 bytes).
    Removing stm32f4xx_hal_uart.o(i.UART_DMAError), (74 bytes).
    Removing stm32f4xx_hal_uart.o(i.UART_DMAReceiveCplt), (60 bytes).
    Removing stm32f4xx_hal_uart.o(i.UART_DMARxAbortCallback), (42 bytes).
    Removing stm32f4xx_hal_uart.o(i.UART_DMARxHalfCplt), (10 bytes).
    Removing stm32f4xx_hal_uart.o(i.UART_DMARxOnlyAbortCallback), (20 bytes).
    Removing stm32f4xx_hal_uart.o(i.UART_DMATransmitCplt), (46 bytes).
    Removing stm32f4xx_hal_uart.o(i.UART_DMATxAbortCallback), (42 bytes).
    Removing stm32f4xx_hal_uart.o(i.UART_DMATxHalfCplt), (10 bytes).
    Removing stm32f4xx_hal_uart.o(i.UART_DMATxOnlyAbortCallback), (20 bytes).
    Removing stm32f4xx_hal_uart.o(i.UART_EndTxTransfer), (18 bytes).
    Removing templete.o(.rev16_text), (4 bytes).
    Removing templete.o(.revsh_text), (4 bytes).
    Removing templete.o(.rrx_text), (6 bytes).
    Removing templete.o(i.Key_Scan), (32 bytes).
    Removing adc_operation.o(.rev16_text), (4 bytes).
    Removing adc_operation.o(.revsh_text), (4 bytes).
    Removing adc_operation.o(.rrx_text), (6 bytes).
    Removing usart_printf.o(.rev16_text), (4 bytes).
    Removing usart_printf.o(.revsh_text), (4 bytes).
    Removing usart_printf.o(.rrx_text), (6 bytes).
    Removing usart_printf.o(i.USART6_printf), (296 bytes).
    Removing usart_printf.o(i.__io_putchar), (24 bytes).
    Removing usart_printf.o(i.fgetc), (28 bytes).
    Removing servomotor_control.o(.rev16_text), (4 bytes).
    Removing servomotor_control.o(.revsh_text), (4 bytes).
    Removing servomotor_control.o(.rrx_text), (6 bytes).
    Removing servomotor_control.o(i.ServoMotor_Load), (76 bytes).
    Removing servomotor_control.o(i.ServoMotor_SetID), (86 bytes).
    Removing servomotor_control.o(i.ServoMotor_Unload), (76 bytes).
    Removing servomotor_control.o(.data), (4 bytes).
    Removing usart_gyroscope .o(.rev16_text), (4 bytes).
    Removing usart_gyroscope .o(.revsh_text), (4 bytes).
    Removing usart_gyroscope .o(.rrx_text), (6 bytes).
    Removing usart_gyroscope .o(i.Get_Xaxis_Acc), (52 bytes).
    Removing usart_gyroscope .o(i.Get_Xaxis_Angle), (56 bytes).
    Removing usart_gyroscope .o(i.Get_Xaxis_Angle_Acc), (56 bytes).
    Removing usart_gyroscope .o(i.Get_Yaxis_Acc), (52 bytes).
    Removing usart_gyroscope .o(i.Get_Yaxis_Angle), (56 bytes).
    Removing usart_gyroscope .o(i.Get_Yaxis_Angle_Acc), (56 bytes).
    Removing usart_gyroscope .o(i.Get_Zaxis_Acc), (52 bytes).
    Removing usart_gyroscope .o(i.Get_Zaxis_Angle), (56 bytes).
    Removing usart_gyroscope .o(i.Get_Zaxis_Angle_Acc), (56 bytes).
    Removing usart_gyroscope .o(i.Gyroscope_Calibration), (44 bytes).
    Removing usart_gyroscope .o(i.Send_Command), (56 bytes).
    Removing usart_gyroscope .o(.constdata), (6 bytes).
    Removing usart_gyroscope .o(.constdata), (3 bytes).
    Removing usart_gyroscope .o(.constdata), (3 bytes).
    Removing usart_gyroscope .o(.constdata), (3 bytes).
    Removing system_stm32f4xx.o(.rev16_text), (4 bytes).
    Removing system_stm32f4xx.o(.revsh_text), (4 bytes).
    Removing system_stm32f4xx.o(.rrx_text), (6 bytes).
    Removing system_stm32f4xx.o(i.SystemCoreClockUpdate), (120 bytes).
    Removing dadd.o(.text), (334 bytes).
    Removing dmul.o(.text), (228 bytes).
    Removing ddiv.o(.text), (222 bytes).
    Removing dfixul.o(.text), (48 bytes).
    Removing cdrcmple.o(.text), (48 bytes).
    Removing depilogue.o(.text), (186 bytes).

337 unused section(s) (total 17973 bytes) removed from the image.

==============================================================================

Image Symbol Table

    Local Symbols

    Symbol Name                              Value     Ov Type        Size  Object(Section)

    ../Core/Src/adc.c                        0x00000000   Number         0  adc.o ABSOLUTE
    ../Core/Src/dma.c                        0x00000000   Number         0  dma.o ABSOLUTE
    ../Core/Src/gpio.c                       0x00000000   Number         0  gpio.o ABSOLUTE
    ../Core/Src/main.c                       0x00000000   Number         0  main.o ABSOLUTE
    ../Core/Src/stm32f4xx_hal_msp.c          0x00000000   Number         0  stm32f4xx_hal_msp.o ABSOLUTE
    ../Core/Src/stm32f4xx_it.c               0x00000000   Number         0  stm32f4xx_it.o ABSOLUTE
    ../Core/Src/system_stm32f4xx.c           0x00000000   Number         0  system_stm32f4xx.o ABSOLUTE
    ../Core/Src/usart.c                      0x00000000   Number         0  usart.o ABSOLUTE
    ../Drivers/STM32F4xx_HAL_Driver/Src/stm32f4xx_hal.c 0x00000000   Number         0  stm32f4xx_hal.o ABSOLUTE
    ../Drivers/STM32F4xx_HAL_Driver/Src/stm32f4xx_hal_adc.c 0x00000000   Number         0  stm32f4xx_hal_adc.o ABSOLUTE
    ../Drivers/STM32F4xx_HAL_Driver/Src/stm32f4xx_hal_adc_ex.c 0x00000000   Number         0  stm32f4xx_hal_adc_ex.o ABSOLUTE
    ../Drivers/STM32F4xx_HAL_Driver/Src/stm32f4xx_hal_cortex.c 0x00000000   Number         0  stm32f4xx_hal_cortex.o ABSOLUTE
    ../Drivers/STM32F4xx_HAL_Driver/Src/stm32f4xx_hal_crc.c 0x00000000   Number         0  stm32f4xx_hal_crc.o ABSOLUTE
    ../Drivers/STM32F4xx_HAL_Driver/Src/stm32f4xx_hal_dma.c 0x00000000   Number         0  stm32f4xx_hal_dma.o ABSOLUTE
    ../Drivers/STM32F4xx_HAL_Driver/Src/stm32f4xx_hal_dma_ex.c 0x00000000   Number         0  stm32f4xx_hal_dma_ex.o ABSOLUTE
    ../Drivers/STM32F4xx_HAL_Driver/Src/stm32f4xx_hal_exti.c 0x00000000   Number         0  stm32f4xx_hal_exti.o ABSOLUTE
    ../Drivers/STM32F4xx_HAL_Driver/Src/stm32f4xx_hal_flash.c 0x00000000   Number         0  stm32f4xx_hal_flash.o ABSOLUTE
    ../Drivers/STM32F4xx_HAL_Driver/Src/stm32f4xx_hal_flash_ex.c 0x00000000   Number         0  stm32f4xx_hal_flash_ex.o ABSOLUTE
    ../Drivers/STM32F4xx_HAL_Driver/Src/stm32f4xx_hal_flash_ramfunc.c 0x00000000   Number         0  stm32f4xx_hal_flash_ramfunc.o ABSOLUTE
    ../Drivers/STM32F4xx_HAL_Driver/Src/stm32f4xx_hal_gpio.c 0x00000000   Number         0  stm32f4xx_hal_gpio.o ABSOLUTE
    ../Drivers/STM32F4xx_HAL_Driver/Src/stm32f4xx_hal_pwr.c 0x00000000   Number         0  stm32f4xx_hal_pwr.o ABSOLUTE
    ../Drivers/STM32F4xx_HAL_Driver/Src/stm32f4xx_hal_pwr_ex.c 0x00000000   Number         0  stm32f4xx_hal_pwr_ex.o ABSOLUTE
    ../Drivers/STM32F4xx_HAL_Driver/Src/stm32f4xx_hal_rcc.c 0x00000000   Number         0  stm32f4xx_hal_rcc.o ABSOLUTE
    ../Drivers/STM32F4xx_HAL_Driver/Src/stm32f4xx_hal_rcc_ex.c 0x00000000   Number         0  stm32f4xx_hal_rcc_ex.o ABSOLUTE
    ../Drivers/STM32F4xx_HAL_Driver/Src/stm32f4xx_hal_tim.c 0x00000000   Number         0  stm32f4xx_hal_tim.o ABSOLUTE
    ../Drivers/STM32F4xx_HAL_Driver/Src/stm32f4xx_hal_tim_ex.c 0x00000000   Number         0  stm32f4xx_hal_tim_ex.o ABSOLUTE
    ../Drivers/STM32F4xx_HAL_Driver/Src/stm32f4xx_hal_uart.c 0x00000000   Number         0  stm32f4xx_hal_uart.o ABSOLUTE
    ../clib/microlib/division.c              0x00000000   Number         0  uidiv.o ABSOLUTE
    ../clib/microlib/division.c              0x00000000   Number         0  uldiv.o ABSOLUTE
    ../clib/microlib/init/entry.s            0x00000000   Number         0  entry12a.o ABSOLUTE
    ../clib/microlib/init/entry.s            0x00000000   Number         0  entry11b.o ABSOLUTE
    ../clib/microlib/init/entry.s            0x00000000   Number         0  entry10b.o ABSOLUTE
    ../clib/microlib/init/entry.s            0x00000000   Number         0  entry10a.o ABSOLUTE
    ../clib/microlib/init/entry.s            0x00000000   Number         0  entry9b.o ABSOLUTE
    ../clib/microlib/init/entry.s            0x00000000   Number         0  entry9a.o ABSOLUTE
    ../clib/microlib/init/entry.s            0x00000000   Number         0  entry8b.o ABSOLUTE
    ../clib/microlib/init/entry.s            0x00000000   Number         0  entry8a.o ABSOLUTE
    ../clib/microlib/init/entry.s            0x00000000   Number         0  entry7b.o ABSOLUTE
    ../clib/microlib/init/entry.s            0x00000000   Number         0  entry11a.o ABSOLUTE
    ../clib/microlib/init/entry.s            0x00000000   Number         0  entry7a.o ABSOLUTE
    ../clib/microlib/init/entry.s            0x00000000   Number         0  entry5.o ABSOLUTE
    ../clib/microlib/init/entry.s            0x00000000   Number         0  entry2.o ABSOLUTE
    ../clib/microlib/init/entry.s            0x00000000   Number         0  entry.o ABSOLUTE
    ../clib/microlib/init/entry.s            0x00000000   Number         0  entry12b.o ABSOLUTE
    ../clib/microlib/longlong.c              0x00000000   Number         0  llushr.o ABSOLUTE
    ../clib/microlib/longlong.c              0x00000000   Number         0  llshl.o ABSOLUTE
    ../clib/microlib/longlong.c              0x00000000   Number         0  llsshr.o ABSOLUTE
    ../clib/microlib/printf/printf.c         0x00000000   Number         0  printfa.o ABSOLUTE
    ../clib/microlib/printf/printf.c         0x00000000   Number         0  printf4.o ABSOLUTE
    ../clib/microlib/printf/printf.c         0x00000000   Number         0  printf3.o ABSOLUTE
    ../clib/microlib/printf/printf.c         0x00000000   Number         0  printf2.o ABSOLUTE
    ../clib/microlib/printf/printf.c         0x00000000   Number         0  printf1.o ABSOLUTE
    ../clib/microlib/printf/printf.c         0x00000000   Number         0  printf0.o ABSOLUTE
    ../clib/microlib/printf/printf.c         0x00000000   Number         0  printfb.o ABSOLUTE
    ../clib/microlib/printf/printf.c         0x00000000   Number         0  printf8.o ABSOLUTE
    ../clib/microlib/printf/printf.c         0x00000000   Number         0  printf7.o ABSOLUTE
    ../clib/microlib/printf/printf.c         0x00000000   Number         0  printf6.o ABSOLUTE
    ../clib/microlib/printf/printf.c         0x00000000   Number         0  printf5.o ABSOLUTE
    ../clib/microlib/printf/stubs.s          0x00000000   Number         0  stubs.o ABSOLUTE
    ../clib/microlib/stdio/streams.c         0x00000000   Number         0  stdout.o ABSOLUTE
    ../clib/microlib/string/memset.c         0x00000000   Number         0  memseta.o ABSOLUTE
    ../clib/microlib/stubs.s                 0x00000000   Number         0  iusefp.o ABSOLUTE
    ../fplib/microlib/fpadd.c                0x00000000   Number         0  dadd.o ABSOLUTE
    ../fplib/microlib/fpdiv.c                0x00000000   Number         0  ddiv.o ABSOLUTE
    ../fplib/microlib/fpepilogue.c           0x00000000   Number         0  depilogue.o ABSOLUTE
    ../fplib/microlib/fpfix.c                0x00000000   Number         0  dfixul.o ABSOLUTE
    ../fplib/microlib/fpmul.c                0x00000000   Number         0  dmul.o ABSOLUTE
    ..\Common\Templete.c                     0x00000000   Number         0  templete.o ABSOLUTE
    ..\Core\Src\adc.c                        0x00000000   Number         0  adc.o ABSOLUTE
    ..\Core\Src\dma.c                        0x00000000   Number         0  dma.o ABSOLUTE
    ..\Core\Src\gpio.c                       0x00000000   Number         0  gpio.o ABSOLUTE
    ..\Core\Src\main.c                       0x00000000   Number         0  main.o ABSOLUTE
    ..\Core\Src\stm32f4xx_hal_msp.c          0x00000000   Number         0  stm32f4xx_hal_msp.o ABSOLUTE
    ..\Core\Src\stm32f4xx_it.c               0x00000000   Number         0  stm32f4xx_it.o ABSOLUTE
    ..\Core\Src\system_stm32f4xx.c           0x00000000   Number         0  system_stm32f4xx.o ABSOLUTE
    ..\Core\Src\usart.c                      0x00000000   Number         0  usart.o ABSOLUTE
    ..\Drivers\STM32F4xx_HAL_Driver\Src\stm32f4xx_hal.c 0x00000000   Number         0  stm32f4xx_hal.o ABSOLUTE
    ..\Drivers\STM32F4xx_HAL_Driver\Src\stm32f4xx_hal_adc.c 0x00000000   Number         0  stm32f4xx_hal_adc.o ABSOLUTE
    ..\Drivers\STM32F4xx_HAL_Driver\Src\stm32f4xx_hal_adc_ex.c 0x00000000   Number         0  stm32f4xx_hal_adc_ex.o ABSOLUTE
    ..\Drivers\STM32F4xx_HAL_Driver\Src\stm32f4xx_hal_cortex.c 0x00000000   Number         0  stm32f4xx_hal_cortex.o ABSOLUTE
    ..\Drivers\STM32F4xx_HAL_Driver\Src\stm32f4xx_hal_crc.c 0x00000000   Number         0  stm32f4xx_hal_crc.o ABSOLUTE
    ..\Drivers\STM32F4xx_HAL_Driver\Src\stm32f4xx_hal_dma.c 0x00000000   Number         0  stm32f4xx_hal_dma.o ABSOLUTE
    ..\Drivers\STM32F4xx_HAL_Driver\Src\stm32f4xx_hal_dma_ex.c 0x00000000   Number         0  stm32f4xx_hal_dma_ex.o ABSOLUTE
    ..\Drivers\STM32F4xx_HAL_Driver\Src\stm32f4xx_hal_exti.c 0x00000000   Number         0  stm32f4xx_hal_exti.o ABSOLUTE
    ..\Drivers\STM32F4xx_HAL_Driver\Src\stm32f4xx_hal_flash.c 0x00000000   Number         0  stm32f4xx_hal_flash.o ABSOLUTE
    ..\Drivers\STM32F4xx_HAL_Driver\Src\stm32f4xx_hal_flash_ex.c 0x00000000   Number         0  stm32f4xx_hal_flash_ex.o ABSOLUTE
    ..\Drivers\STM32F4xx_HAL_Driver\Src\stm32f4xx_hal_flash_ramfunc.c 0x00000000   Number         0  stm32f4xx_hal_flash_ramfunc.o ABSOLUTE
    ..\Drivers\STM32F4xx_HAL_Driver\Src\stm32f4xx_hal_gpio.c 0x00000000   Number         0  stm32f4xx_hal_gpio.o ABSOLUTE
    ..\Drivers\STM32F4xx_HAL_Driver\Src\stm32f4xx_hal_pwr.c 0x00000000   Number         0  stm32f4xx_hal_pwr.o ABSOLUTE
    ..\Drivers\STM32F4xx_HAL_Driver\Src\stm32f4xx_hal_pwr_ex.c 0x00000000   Number         0  stm32f4xx_hal_pwr_ex.o ABSOLUTE
    ..\Drivers\STM32F4xx_HAL_Driver\Src\stm32f4xx_hal_rcc.c 0x00000000   Number         0  stm32f4xx_hal_rcc.o ABSOLUTE
    ..\Drivers\STM32F4xx_HAL_Driver\Src\stm32f4xx_hal_rcc_ex.c 0x00000000   Number         0  stm32f4xx_hal_rcc_ex.o ABSOLUTE
    ..\Drivers\STM32F4xx_HAL_Driver\Src\stm32f4xx_hal_tim.c 0x00000000   Number         0  stm32f4xx_hal_tim.o ABSOLUTE
    ..\Drivers\STM32F4xx_HAL_Driver\Src\stm32f4xx_hal_tim_ex.c 0x00000000   Number         0  stm32f4xx_hal_tim_ex.o ABSOLUTE
    ..\Drivers\STM32F4xx_HAL_Driver\Src\stm32f4xx_hal_uart.c 0x00000000   Number         0  stm32f4xx_hal_uart.o ABSOLUTE
    ..\Hardware\ADC_Operation\ADC_Operation.c 0x00000000   Number         0  adc_operation.o ABSOLUTE
    ..\Hardware\USARTServo_Control\ServoMotor_Control.c 0x00000000   Number         0  servomotor_control.o ABSOLUTE
    ..\Hardware\USART_Gyroscope\USART_Gyroscope .c 0x00000000   Number         0  usart_gyroscope .o ABSOLUTE
    ..\Hardware\USART_Printf\USART_Printf.c  0x00000000   Number         0  usart_printf.o ABSOLUTE
    ..\\Common\\Templete.c                   0x00000000   Number         0  templete.o ABSOLUTE
    ..\\Hardware\\ADC_Operation\\ADC_Operation.c 0x00000000   Number         0  adc_operation.o ABSOLUTE
    ..\\Hardware\\USARTServo_Control\\ServoMotor_Control.c 0x00000000   Number         0  servomotor_control.o ABSOLUTE
    ..\\Hardware\\USART_Gyroscope\\USART_Gyroscope .c 0x00000000   Number         0  usart_gyroscope .o ABSOLUTE
    ..\\Hardware\\USART_Printf\\USART_Printf.c 0x00000000   Number         0  usart_printf.o ABSOLUTE
    cdrcmple.s                               0x00000000   Number         0  cdrcmple.o ABSOLUTE
    dc.s                                     0x00000000   Number         0  dc.o ABSOLUTE
    handlers.s                               0x00000000   Number         0  handlers.o ABSOLUTE
    init.s                                   0x00000000   Number         0  init.o ABSOLUTE
    startup_stm32f411xe.s                    0x00000000   Number         0  startup_stm32f411xe.o ABSOLUTE
    RESET                                    0x08000000   Section      408  startup_stm32f411xe.o(RESET)
    .ARM.Collect$$$$00000000                 0x08000198   Section        0  entry.o(.ARM.Collect$$$$00000000)
    .ARM.Collect$$$$00000001                 0x08000198   Section        4  entry2.o(.ARM.Collect$$$$00000001)
    .ARM.Collect$$$$00000004                 0x0800019c   Section        4  entry5.o(.ARM.Collect$$$$00000004)
    .ARM.Collect$$$$00000008                 0x080001a0   Section        0  entry7b.o(.ARM.Collect$$$$00000008)
    .ARM.Collect$$$$0000000A                 0x080001a0   Section        0  entry8b.o(.ARM.Collect$$$$0000000A)
    .ARM.Collect$$$$0000000B                 0x080001a0   Section        8  entry9a.o(.ARM.Collect$$$$0000000B)
    .ARM.Collect$$$$0000000E                 0x080001a8   Section        4  entry12b.o(.ARM.Collect$$$$0000000E)
    .ARM.Collect$$$$0000000F                 0x080001ac   Section        0  entry10a.o(.ARM.Collect$$$$0000000F)
    .ARM.Collect$$$$00000011                 0x080001ac   Section        0  entry11a.o(.ARM.Collect$$$$00000011)
    .ARM.Collect$$$$00002712                 0x080001ac   Section        4  entry2.o(.ARM.Collect$$$$00002712)
    __lit__00000000                          0x080001ac   Data           4  entry2.o(.ARM.Collect$$$$00002712)
    .text                                    0x080001b0   Section       36  startup_stm32f411xe.o(.text)
    $v0                                      0x080001b0   Number         0  startup_stm32f411xe.o(.text)
    .text                                    0x080001d4   Section        0  uldiv.o(.text)
    .text                                    0x08000236   Section        0  memseta.o(.text)
    .text                                    0x0800025a   Section        0  uidiv.o(.text)
    .text                                    0x08000286   Section        0  llshl.o(.text)
    .text                                    0x080002a4   Section        0  llushr.o(.text)
    .text                                    0x080002c4   Section       36  init.o(.text)
    i.ADC_DMAConvCplt                        0x080002e8   Section        0  stm32f4xx_hal_adc.o(i.ADC_DMAConvCplt)
    ADC_DMAConvCplt                          0x080002e9   Thumb Code   110  stm32f4xx_hal_adc.o(i.ADC_DMAConvCplt)
    i.ADC_DMAError                           0x08000356   Section        0  stm32f4xx_hal_adc.o(i.ADC_DMAError)
    ADC_DMAError                             0x08000357   Thumb Code    22  stm32f4xx_hal_adc.o(i.ADC_DMAError)
    i.ADC_DMAHalfConvCplt                    0x0800036c   Section        0  stm32f4xx_hal_adc.o(i.ADC_DMAHalfConvCplt)
    ADC_DMAHalfConvCplt                      0x0800036d   Thumb Code    10  stm32f4xx_hal_adc.o(i.ADC_DMAHalfConvCplt)
    i.ADC_Get_Data                           0x08000378   Section        0  adc_operation.o(i.ADC_Get_Data)
    i.ADC_Get_SensorData_1                   0x080003e8   Section        0  adc_operation.o(i.ADC_Get_SensorData_1)
    i.ADC_Get_SensorData_2                   0x080003f8   Section        0  adc_operation.o(i.ADC_Get_SensorData_2)
    i.ADC_Get_Vref                           0x08000408   Section        0  adc_operation.o(i.ADC_Get_Vref)
    i.ADC_IRQHandler                         0x08000418   Section        0  stm32f4xx_it.o(i.ADC_IRQHandler)
    i.ADC_Init                               0x08000424   Section        0  stm32f4xx_hal_adc.o(i.ADC_Init)
    ADC_Init                                 0x08000425   Thumb Code   284  stm32f4xx_hal_adc.o(i.ADC_Init)
    i.ADC_Operation_Init                     0x0800054c   Section        0  adc_operation.o(i.ADC_Operation_Init)
    i.BusFault_Handler                       0x08000574   Section        0  stm32f4xx_it.o(i.BusFault_Handler)
    i.CmdStruct_To_Array                     0x08000576   Section        0  servomotor_control.o(i.CmdStruct_To_Array)
    CmdStruct_To_Array                       0x08000577   Thumb Code    22  servomotor_control.o(i.CmdStruct_To_Array)
    i.CmdStruct_To_Array_Checksum            0x0800058c   Section        0  servomotor_control.o(i.CmdStruct_To_Array_Checksum)
    CmdStruct_To_Array_Checksum              0x0800058d   Thumb Code    42  servomotor_control.o(i.CmdStruct_To_Array_Checksum)
    i.CopeSerial2Data                        0x080005b8   Section        0  usart_gyroscope .o(i.CopeSerial2Data)
    i.DMA2_Stream0_IRQHandler                0x08000614   Section        0  stm32f4xx_it.o(i.DMA2_Stream0_IRQHandler)
    i.DMA_CalcBaseAndBitshift                0x08000620   Section        0  stm32f4xx_hal_dma.o(i.DMA_CalcBaseAndBitshift)
    DMA_CalcBaseAndBitshift                  0x08000621   Thumb Code    34  stm32f4xx_hal_dma.o(i.DMA_CalcBaseAndBitshift)
    i.DMA_CheckFifoParam                     0x08000648   Section        0  stm32f4xx_hal_dma.o(i.DMA_CheckFifoParam)
    DMA_CheckFifoParam                       0x08000649   Thumb Code    84  stm32f4xx_hal_dma.o(i.DMA_CheckFifoParam)
    i.DMA_SetConfig                          0x0800069c   Section        0  stm32f4xx_hal_dma.o(i.DMA_SetConfig)
    DMA_SetConfig                            0x0800069d   Thumb Code    40  stm32f4xx_hal_dma.o(i.DMA_SetConfig)
    i.DebugMon_Handler                       0x080006c4   Section        0  stm32f4xx_it.o(i.DebugMon_Handler)
    i.Error_Handler                          0x080006c8   Section        0  main.o(i.Error_Handler)
    i.Get_CheckSum                           0x08000704   Section        0  servomotor_control.o(i.Get_CheckSum)
    Get_CheckSum                             0x08000705   Thumb Code    32  servomotor_control.o(i.Get_CheckSum)
    i.HAL_ADCEx_InjectedConvCpltCallback     0x08000724   Section        0  stm32f4xx_hal_adc_ex.o(i.HAL_ADCEx_InjectedConvCpltCallback)
    i.HAL_ADC_ConfigChannel                  0x08000728   Section        0  stm32f4xx_hal_adc.o(i.HAL_ADC_ConfigChannel)
    i.HAL_ADC_ConvCpltCallback               0x0800088c   Section        0  adc_operation.o(i.HAL_ADC_ConvCpltCallback)
    i.HAL_ADC_ConvHalfCpltCallback           0x08000898   Section        0  stm32f4xx_hal_adc.o(i.HAL_ADC_ConvHalfCpltCallback)
    i.HAL_ADC_ErrorCallback                  0x0800089a   Section        0  stm32f4xx_hal_adc.o(i.HAL_ADC_ErrorCallback)
    i.HAL_ADC_IRQHandler                     0x0800089c   Section        0  stm32f4xx_hal_adc.o(i.HAL_ADC_IRQHandler)
    i.HAL_ADC_Init                           0x080009d8   Section        0  stm32f4xx_hal_adc.o(i.HAL_ADC_Init)
    i.HAL_ADC_LevelOutOfWindowCallback       0x08000a2c   Section        0  stm32f4xx_hal_adc.o(i.HAL_ADC_LevelOutOfWindowCallback)
    i.HAL_ADC_MspInit                        0x08000a30   Section        0  adc.o(i.HAL_ADC_MspInit)
    i.HAL_ADC_PollForConversion              0x08000adc   Section        0  stm32f4xx_hal_adc.o(i.HAL_ADC_PollForConversion)
    i.HAL_ADC_Start                          0x08000b80   Section        0  stm32f4xx_hal_adc.o(i.HAL_ADC_Start)
    i.HAL_ADC_Start_DMA                      0x08000c3c   Section        0  stm32f4xx_hal_adc.o(i.HAL_ADC_Start_DMA)
    i.HAL_DMA_Abort_IT                       0x08000d3c   Section        0  stm32f4xx_hal_dma.o(i.HAL_DMA_Abort_IT)
    i.HAL_DMA_IRQHandler                     0x08000d60   Section        0  stm32f4xx_hal_dma.o(i.HAL_DMA_IRQHandler)
    i.HAL_DMA_Init                           0x08000f00   Section        0  stm32f4xx_hal_dma.o(i.HAL_DMA_Init)
    i.HAL_DMA_Start_IT                       0x08000fd4   Section        0  stm32f4xx_hal_dma.o(i.HAL_DMA_Start_IT)
    i.HAL_Delay                              0x08001044   Section        0  stm32f4xx_hal.o(i.HAL_Delay)
    i.HAL_GPIO_Init                          0x08001068   Section        0  stm32f4xx_hal_gpio.o(i.HAL_GPIO_Init)
    i.HAL_GPIO_TogglePin                     0x080011fc   Section        0  stm32f4xx_hal_gpio.o(i.HAL_GPIO_TogglePin)
    i.HAL_GPIO_WritePin                      0x0800120a   Section        0  stm32f4xx_hal_gpio.o(i.HAL_GPIO_WritePin)
    i.HAL_GetTick                            0x08001214   Section        0  stm32f4xx_hal.o(i.HAL_GetTick)
    i.HAL_IncTick                            0x08001220   Section        0  stm32f4xx_hal.o(i.HAL_IncTick)
    i.HAL_Init                               0x08001230   Section        0  stm32f4xx_hal.o(i.HAL_Init)
    i.HAL_InitTick                           0x08001264   Section        0  stm32f4xx_hal.o(i.HAL_InitTick)
    i.HAL_MspInit                            0x080012a4   Section        0  stm32f4xx_hal_msp.o(i.HAL_MspInit)
    i.HAL_NVIC_EnableIRQ                     0x080012d4   Section        0  stm32f4xx_hal_cortex.o(i.HAL_NVIC_EnableIRQ)
    i.HAL_NVIC_SetPriority                   0x080012f0   Section        0  stm32f4xx_hal_cortex.o(i.HAL_NVIC_SetPriority)
    i.HAL_NVIC_SetPriorityGrouping           0x08001330   Section        0  stm32f4xx_hal_cortex.o(i.HAL_NVIC_SetPriorityGrouping)
    i.HAL_RCC_ClockConfig                    0x08001354   Section        0  stm32f4xx_hal_rcc.o(i.HAL_RCC_ClockConfig)
    i.HAL_RCC_GetPCLK1Freq                   0x08001488   Section        0  stm32f4xx_hal_rcc.o(i.HAL_RCC_GetPCLK1Freq)
    i.HAL_RCC_GetPCLK2Freq                   0x080014a8   Section        0  stm32f4xx_hal_rcc.o(i.HAL_RCC_GetPCLK2Freq)
    i.HAL_RCC_GetSysClockFreq                0x080014c8   Section        0  stm32f4xx_hal_rcc.o(i.HAL_RCC_GetSysClockFreq)
    i.HAL_RCC_OscConfig                      0x08001528   Section        0  stm32f4xx_hal_rcc.o(i.HAL_RCC_OscConfig)
    i.HAL_SYSTICK_Config                     0x08001884   Section        0  stm32f4xx_hal_cortex.o(i.HAL_SYSTICK_Config)
    i.HAL_UART1_RxCpltCallback               0x080018ac   Section        0  usart_printf.o(i.HAL_UART1_RxCpltCallback)
    i.HAL_UART6_RxCpltCallback               0x080018d0   Section        0  usart_printf.o(i.HAL_UART6_RxCpltCallback)
    i.HAL_UART_ErrorCallback                 0x080019b4   Section        0  usart_printf.o(i.HAL_UART_ErrorCallback)
    i.HAL_UART_IRQHandler                    0x080019dc   Section        0  stm32f4xx_hal_uart.o(i.HAL_UART_IRQHandler)
    i.HAL_UART_Init                          0x08001af0   Section        0  stm32f4xx_hal_uart.o(i.HAL_UART_Init)
    i.HAL_UART_MspInit                       0x08001b54   Section        0  usart.o(i.HAL_UART_MspInit)
    i.HAL_UART_Receive_IT                    0x08001c98   Section        0  stm32f4xx_hal_uart.o(i.HAL_UART_Receive_IT)
    i.HAL_UART_RxCpltCallback                0x08001cec   Section        0  usart_printf.o(i.HAL_UART_RxCpltCallback)
    i.HAL_UART_Transmit                      0x08001d18   Section        0  stm32f4xx_hal_uart.o(i.HAL_UART_Transmit)
    i.HAL_UART_TxCpltCallback                0x08001dd2   Section        0  stm32f4xx_hal_uart.o(i.HAL_UART_TxCpltCallback)
    i.HardFault_Handler                      0x08001dd4   Section        0  stm32f4xx_it.o(i.HardFault_Handler)
    i.Hardware_Init                          0x08001dd8   Section        0  main.o(i.Hardware_Init)
    i.MX_ADC1_Init                           0x08001f7c   Section        0  adc.o(i.MX_ADC1_Init)
    i.MX_DMA_Init                            0x0800200c   Section        0  dma.o(i.MX_DMA_Init)
    i.MX_GPIO_Init                           0x08002038   Section        0  gpio.o(i.MX_GPIO_Init)
    i.MX_USART1_UART_Init                    0x080020b8   Section        0  usart.o(i.MX_USART1_UART_Init)
    i.MX_USART2_UART_Init                    0x080020f0   Section        0  usart.o(i.MX_USART2_UART_Init)
    i.MX_USART6_UART_Init                    0x08002128   Section        0  usart.o(i.MX_USART6_UART_Init)
    i.MemManage_Handler                      0x08002160   Section        0  stm32f4xx_it.o(i.MemManage_Handler)
    i.NMI_Handler                            0x08002162   Section        0  stm32f4xx_it.o(i.NMI_Handler)
    i.PendSV_Handler                         0x08002164   Section        0  stm32f4xx_it.o(i.PendSV_Handler)
    i.SVC_Handler                            0x08002166   Section        0  stm32f4xx_it.o(i.SVC_Handler)
    i.ServoMotor_Control_Test                0x08002168   Section        0  servomotor_control.o(i.ServoMotor_Control_Test)
    i.ServoMotor_Move_Immediately            0x0800218a   Section        0  servomotor_control.o(i.ServoMotor_Move_Immediately)
    i.ServoMotor_Read_Position               0x080021e4   Section        0  servomotor_control.o(i.ServoMotor_Read_Position)
    i.ServoMotor_Read_Ret                    0x08002238   Section        0  servomotor_control.o(i.ServoMotor_Read_Ret)
    i.SysTick_Handler                        0x08002298   Section        0  stm32f4xx_it.o(i.SysTick_Handler)
    i.SystemClock_Config                     0x0800229c   Section        0  main.o(i.SystemClock_Config)
    i.SystemInit                             0x08002328   Section        0  system_stm32f4xx.o(i.SystemInit)
    i.UART6_Reset                            0x08002344   Section        0  usart_printf.o(i.UART6_Reset)
    i.UART_DMAAbortOnError                   0x08002370   Section        0  stm32f4xx_hal_uart.o(i.UART_DMAAbortOnError)
    UART_DMAAbortOnError                     0x08002371   Thumb Code    16  stm32f4xx_hal_uart.o(i.UART_DMAAbortOnError)
    i.UART_EndRxTransfer                     0x08002380   Section        0  stm32f4xx_hal_uart.o(i.UART_EndRxTransfer)
    UART_EndRxTransfer                       0x08002381   Thumb Code    28  stm32f4xx_hal_uart.o(i.UART_EndRxTransfer)
    i.UART_Receive_IT                        0x0800239c   Section        0  stm32f4xx_hal_uart.o(i.UART_Receive_IT)
    UART_Receive_IT                          0x0800239d   Thumb Code   150  stm32f4xx_hal_uart.o(i.UART_Receive_IT)
    i.UART_SetConfig                         0x08002434   Section        0  stm32f4xx_hal_uart.o(i.UART_SetConfig)
    UART_SetConfig                           0x08002435   Thumb Code   286  stm32f4xx_hal_uart.o(i.UART_SetConfig)
    i.UART_Transmit_IT                       0x0800255c   Section        0  stm32f4xx_hal_uart.o(i.UART_Transmit_IT)
    UART_Transmit_IT                         0x0800255d   Thumb Code    98  stm32f4xx_hal_uart.o(i.UART_Transmit_IT)
    i.UART_WaitOnFlagUntilTimeout            0x080025be   Section        0  stm32f4xx_hal_uart.o(i.UART_WaitOnFlagUntilTimeout)
    UART_WaitOnFlagUntilTimeout              0x080025bf   Thumb Code   100  stm32f4xx_hal_uart.o(i.UART_WaitOnFlagUntilTimeout)
    i.USART1_IRQHandler                      0x08002624   Section        0  stm32f4xx_it.o(i.USART1_IRQHandler)
    i.USART1_Start_IT                        0x08002630   Section        0  usart_printf.o(i.USART1_Start_IT)
    i.USART2_IRQHandler                      0x08002650   Section        0  stm32f4xx_it.o(i.USART2_IRQHandler)
    i.USART6_IRQHandler                      0x0800265c   Section        0  stm32f4xx_it.o(i.USART6_IRQHandler)
    i.USART6_SendBuf                         0x08002668   Section        0  usart_printf.o(i.USART6_SendBuf)
    i.USART6_Start_IT                        0x08002688   Section        0  usart_printf.o(i.USART6_Start_IT)
    i.UsageFault_Handler                     0x080026a8   Section        0  stm32f4xx_it.o(i.UsageFault_Handler)
    i.__0printf$1                            0x080026ac   Section        0  printf1.o(i.__0printf$1)
    i.__NVIC_SetPriority                     0x080026cc   Section        0  stm32f4xx_hal_cortex.o(i.__NVIC_SetPriority)
    __NVIC_SetPriority                       0x080026cd   Thumb Code    32  stm32f4xx_hal_cortex.o(i.__NVIC_SetPriority)
    i.__scatterload_copy                     0x080026ec   Section       14  handlers.o(i.__scatterload_copy)
    i.__scatterload_null                     0x080026fa   Section        2  handlers.o(i.__scatterload_null)
    i.__scatterload_zeroinit                 0x080026fc   Section       14  handlers.o(i.__scatterload_zeroinit)
    i._printf_core                           0x0800270c   Section        0  printf1.o(i._printf_core)
    _printf_core                             0x0800270d   Thumb Code   336  printf1.o(i._printf_core)
    i.fputc                                  0x08002860   Section        0  usart_printf.o(i.fputc)
    i.isRxCompleted                          0x08002878   Section        0  usart_printf.o(i.isRxCompleted)
    i.main                                   0x08002890   Section        0  main.o(i.main)
    .constdata                               0x080029ac   Section        8  stm32f4xx_hal_dma.o(.constdata)
    flagBitshiftOffset                       0x080029ac   Data           8  stm32f4xx_hal_dma.o(.constdata)
    .constdata                               0x080029b4   Section       16  system_stm32f4xx.o(.constdata)
    .constdata                               0x080029c4   Section        8  system_stm32f4xx.o(.constdata)
    .conststring                             0x080029cc   Section       84  main.o(.conststring)
    .data                                    0x20000000   Section       12  main.o(.data)
    .data                                    0x2000000c   Section       12  stm32f4xx_hal.o(.data)
    .data                                    0x20000018   Section       14  adc_operation.o(.data)
    uhADCChannel_1_ToDAC_mVolt               0x2000001a   Data           2  adc_operation.o(.data)
    uhADCChannel_3_ToDAC_mVolt               0x2000001c   Data           2  adc_operation.o(.data)
    uhADCChannel_Vref_ToDAC_mVolt            0x2000001e   Data           2  adc_operation.o(.data)
    aADCxConvertedValues                     0x20000020   Data           6  adc_operation.o(.data)
    .data                                    0x20000026   Section        9  usart_printf.o(.data)
    isUartRxCompleted                        0x20000026   Data           1  usart_printf.o(.data)
    USART6_Rx_Data                           0x20000027   Data           1  usart_printf.o(.data)
    isGotFrameHeader                         0x20000028   Data           1  usart_printf.o(.data)
    frameHeaderCount                         0x20000029   Data           1  usart_printf.o(.data)
    dataLength                               0x2000002a   Data           1  usart_printf.o(.data)
    dataCount                                0x2000002b   Data           1  usart_printf.o(.data)
    command_parameter_count                  0x2000002c   Data           1  usart_printf.o(.data)
    Res                                      0x2000002d   Data           1  usart_printf.o(.data)
    USART1_Rx_Data                           0x2000002e   Data           1  usart_printf.o(.data)
    .data                                    0x2000002f   Section        1  servomotor_control.o(.data)
    checksum                                 0x2000002f   Data           1  servomotor_control.o(.data)
    .data                                    0x20000030   Section       64  usart_gyroscope .o(.data)
    ucRxCnt                                  0x20000030   Data           1  usart_gyroscope .o(.data)
    tx_buff                                  0x20000031   Data           1  usart_gyroscope .o(.data)
    angle_x                                  0x20000034   Data           4  usart_gyroscope .o(.data)
    angle_y                                  0x20000038   Data           4  usart_gyroscope .o(.data)
    angle_z                                  0x2000003c   Data           4  usart_gyroscope .o(.data)
    acc_x                                    0x20000040   Data           4  usart_gyroscope .o(.data)
    acc_y                                    0x20000044   Data           4  usart_gyroscope .o(.data)
    acc_z                                    0x20000048   Data           4  usart_gyroscope .o(.data)
    gyro_x                                   0x2000004c   Data           4  usart_gyroscope .o(.data)
    gyro_y                                   0x20000050   Data           4  usart_gyroscope .o(.data)
    gyro_z                                   0x20000054   Data           4  usart_gyroscope .o(.data)
    S_Acc                                    0x20000058   Data           8  usart_gyroscope .o(.data)
    S_AngleAcc                               0x20000060   Data           8  usart_gyroscope .o(.data)
    S_Angle                                  0x20000068   Data           8  usart_gyroscope .o(.data)
    .data                                    0x20000070   Section        4  system_stm32f4xx.o(.data)
    .data                                    0x20000074   Section        4  stdout.o(.data)
    .bss                                     0x20000078   Section      168  adc.o(.bss)
    .bss                                     0x20000120   Section      192  usart.o(.bss)
    .bss                                     0x200001e0   Section       18  servomotor_control.o(.bss)
    .bss                                     0x200001f2   Section      250  usart_gyroscope .o(.bss)
    ucRxBuffer                               0x200001f2   Data         250  usart_gyroscope .o(.bss)
    STACK                                    0x200002f0   Section     1024  startup_stm32f411xe.o(STACK)

    Global Symbols

    Symbol Name                              Value     Ov Type        Size  Object(Section)

    BuildAttributes$$THM_ISAv4$E$P$D$K$B$S$7EM$VFPi3$EXTD16$VFPS$VFMA$PE$A:L22UL41UL21$X:L11$S22US41US21$IEEE1$IW$USESV6$~STKCKD$USESV7$~SHL$OSPACE$ROPI$EBA8$MICROLIB$REQ8$PRES8$EABIv2 0x00000000   Number         0  anon$$obj.o ABSOLUTE
    __ARM_use_no_argv                        0x00000000   Number         0  main.o ABSOLUTE
    _printf_a                                0x00000000   Number         0  stubs.o ABSOLUTE
    _printf_c                                0x00000000   Number         0  stubs.o ABSOLUTE
    _printf_charcount                        0x00000000   Number         0  stubs.o ABSOLUTE
    _printf_d                                0x00000000   Number         0  stubs.o ABSOLUTE
    _printf_e                                0x00000000   Number         0  stubs.o ABSOLUTE
    _printf_f                                0x00000000   Number         0  stubs.o ABSOLUTE
    _printf_flags                            0x00000000   Number         0  stubs.o ABSOLUTE
    _printf_fp_dec                           0x00000000   Number         0  stubs.o ABSOLUTE
    _printf_fp_hex                           0x00000000   Number         0  stubs.o ABSOLUTE
    _printf_g                                0x00000000   Number         0  stubs.o ABSOLUTE
    _printf_i                                0x00000000   Number         0  stubs.o ABSOLUTE
    _printf_int_dec                          0x00000000   Number         0  stubs.o ABSOLUTE
    _printf_l                                0x00000000   Number         0  stubs.o ABSOLUTE
    _printf_lc                               0x00000000   Number         0  stubs.o ABSOLUTE
    _printf_ll                               0x00000000   Number         0  stubs.o ABSOLUTE
    _printf_lld                              0x00000000   Number         0  stubs.o ABSOLUTE
    _printf_lli                              0x00000000   Number         0  stubs.o ABSOLUTE
    _printf_llo                              0x00000000   Number         0  stubs.o ABSOLUTE
    _printf_llu                              0x00000000   Number         0  stubs.o ABSOLUTE
    _printf_llx                              0x00000000   Number         0  stubs.o ABSOLUTE
    _printf_longlong_dec                     0x00000000   Number         0  stubs.o ABSOLUTE
    _printf_longlong_hex                     0x00000000   Number         0  stubs.o ABSOLUTE
    _printf_longlong_oct                     0x00000000   Number         0  stubs.o ABSOLUTE
    _printf_ls                               0x00000000   Number         0  stubs.o ABSOLUTE
    _printf_mbtowc                           0x00000000   Number         0  stubs.o ABSOLUTE
    _printf_n                                0x00000000   Number         0  stubs.o ABSOLUTE
    _printf_o                                0x00000000   Number         0  stubs.o ABSOLUTE
    _printf_p                                0x00000000   Number         0  stubs.o ABSOLUTE
    _printf_percent                          0x00000000   Number         0  stubs.o ABSOLUTE
    _printf_pre_padding                      0x00000000   Number         0  stubs.o ABSOLUTE
    _printf_return_value                     0x00000000   Number         0  stubs.o ABSOLUTE
    _printf_s                                0x00000000   Number         0  stubs.o ABSOLUTE
    _printf_sizespec                         0x00000000   Number         0  stubs.o ABSOLUTE
    _printf_str                              0x00000000   Number         0  stubs.o ABSOLUTE
    _printf_truncate_signed                  0x00000000   Number         0  stubs.o ABSOLUTE
    _printf_truncate_unsigned                0x00000000   Number         0  stubs.o ABSOLUTE
    _printf_u                                0x00000000   Number         0  stubs.o ABSOLUTE
    _printf_wc                               0x00000000   Number         0  stubs.o ABSOLUTE
    _printf_wctomb                           0x00000000   Number         0  stubs.o ABSOLUTE
    _printf_widthprec                        0x00000000   Number         0  stubs.o ABSOLUTE
    _printf_x                                0x00000000   Number         0  stubs.o ABSOLUTE
    __arm_fini_                               - Undefined Weak Reference
    __cpp_initialize__aeabi_                  - Undefined Weak Reference
    __cxa_finalize                            - Undefined Weak Reference
    __decompress                              - Undefined Weak Reference
    _clock_init                               - Undefined Weak Reference
    _microlib_exit                            - Undefined Weak Reference
    __Vectors_Size                           0x00000198   Number         0  startup_stm32f411xe.o ABSOLUTE
    __Vectors                                0x08000000   Data           4  startup_stm32f411xe.o(RESET)
    __Vectors_End                            0x08000198   Data           0  startup_stm32f411xe.o(RESET)
    __main                                   0x08000199   Thumb Code     0  entry.o(.ARM.Collect$$$$00000000)
    _main_stk                                0x08000199   Thumb Code     0  entry2.o(.ARM.Collect$$$$00000001)
    _main_scatterload                        0x0800019d   Thumb Code     0  entry5.o(.ARM.Collect$$$$00000004)
    __main_after_scatterload                 0x080001a1   Thumb Code     0  entry5.o(.ARM.Collect$$$$00000004)
    _main_clock                              0x080001a1   Thumb Code     0  entry7b.o(.ARM.Collect$$$$00000008)
    _main_cpp_init                           0x080001a1   Thumb Code     0  entry8b.o(.ARM.Collect$$$$0000000A)
    _main_init                               0x080001a1   Thumb Code     0  entry9a.o(.ARM.Collect$$$$0000000B)
    __rt_lib_shutdown_fini                   0x080001a9   Thumb Code     0  entry12b.o(.ARM.Collect$$$$0000000E)
    __rt_final_cpp                           0x080001ad   Thumb Code     0  entry10a.o(.ARM.Collect$$$$0000000F)
    __rt_final_exit                          0x080001ad   Thumb Code     0  entry11a.o(.ARM.Collect$$$$00000011)
    Reset_Handler                            0x080001b1   Thumb Code     8  startup_stm32f411xe.o(.text)
    DMA1_Stream0_IRQHandler                  0x080001cb   Thumb Code     0  startup_stm32f411xe.o(.text)
    DMA1_Stream1_IRQHandler                  0x080001cb   Thumb Code     0  startup_stm32f411xe.o(.text)
    DMA1_Stream2_IRQHandler                  0x080001cb   Thumb Code     0  startup_stm32f411xe.o(.text)
    DMA1_Stream3_IRQHandler                  0x080001cb   Thumb Code     0  startup_stm32f411xe.o(.text)
    DMA1_Stream4_IRQHandler                  0x080001cb   Thumb Code     0  startup_stm32f411xe.o(.text)
    DMA1_Stream5_IRQHandler                  0x080001cb   Thumb Code     0  startup_stm32f411xe.o(.text)
    DMA1_Stream6_IRQHandler                  0x080001cb   Thumb Code     0  startup_stm32f411xe.o(.text)
    DMA1_Stream7_IRQHandler                  0x080001cb   Thumb Code     0  startup_stm32f411xe.o(.text)
    DMA2_Stream1_IRQHandler                  0x080001cb   Thumb Code     0  startup_stm32f411xe.o(.text)
    DMA2_Stream2_IRQHandler                  0x080001cb   Thumb Code     0  startup_stm32f411xe.o(.text)
    DMA2_Stream3_IRQHandler                  0x080001cb   Thumb Code     0  startup_stm32f411xe.o(.text)
    DMA2_Stream4_IRQHandler                  0x080001cb   Thumb Code     0  startup_stm32f411xe.o(.text)
    DMA2_Stream5_IRQHandler                  0x080001cb   Thumb Code     0  startup_stm32f411xe.o(.text)
    DMA2_Stream6_IRQHandler                  0x080001cb   Thumb Code     0  startup_stm32f411xe.o(.text)
    DMA2_Stream7_IRQHandler                  0x080001cb   Thumb Code     0  startup_stm32f411xe.o(.text)
    EXTI0_IRQHandler                         0x080001cb   Thumb Code     0  startup_stm32f411xe.o(.text)
    EXTI15_10_IRQHandler                     0x080001cb   Thumb Code     0  startup_stm32f411xe.o(.text)
    EXTI1_IRQHandler                         0x080001cb   Thumb Code     0  startup_stm32f411xe.o(.text)
    EXTI2_IRQHandler                         0x080001cb   Thumb Code     0  startup_stm32f411xe.o(.text)
    EXTI3_IRQHandler                         0x080001cb   Thumb Code     0  startup_stm32f411xe.o(.text)
    EXTI4_IRQHandler                         0x080001cb   Thumb Code     0  startup_stm32f411xe.o(.text)
    EXTI9_5_IRQHandler                       0x080001cb   Thumb Code     0  startup_stm32f411xe.o(.text)
    FLASH_IRQHandler                         0x080001cb   Thumb Code     0  startup_stm32f411xe.o(.text)
    FPU_IRQHandler                           0x080001cb   Thumb Code     0  startup_stm32f411xe.o(.text)
    I2C1_ER_IRQHandler                       0x080001cb   Thumb Code     0  startup_stm32f411xe.o(.text)
    I2C1_EV_IRQHandler                       0x080001cb   Thumb Code     0  startup_stm32f411xe.o(.text)
    I2C2_ER_IRQHandler                       0x080001cb   Thumb Code     0  startup_stm32f411xe.o(.text)
    I2C2_EV_IRQHandler                       0x080001cb   Thumb Code     0  startup_stm32f411xe.o(.text)
    I2C3_ER_IRQHandler                       0x080001cb   Thumb Code     0  startup_stm32f411xe.o(.text)
    I2C3_EV_IRQHandler                       0x080001cb   Thumb Code     0  startup_stm32f411xe.o(.text)
    OTG_FS_IRQHandler                        0x080001cb   Thumb Code     0  startup_stm32f411xe.o(.text)
    OTG_FS_WKUP_IRQHandler                   0x080001cb   Thumb Code     0  startup_stm32f411xe.o(.text)
    PVD_IRQHandler                           0x080001cb   Thumb Code     0  startup_stm32f411xe.o(.text)
    RCC_IRQHandler                           0x080001cb   Thumb Code     0  startup_stm32f411xe.o(.text)
    RTC_Alarm_IRQHandler                     0x080001cb   Thumb Code     0  startup_stm32f411xe.o(.text)
    RTC_WKUP_IRQHandler                      0x080001cb   Thumb Code     0  startup_stm32f411xe.o(.text)
    SDIO_IRQHandler                          0x080001cb   Thumb Code     0  startup_stm32f411xe.o(.text)
    SPI1_IRQHandler                          0x080001cb   Thumb Code     0  startup_stm32f411xe.o(.text)
    SPI2_IRQHandler                          0x080001cb   Thumb Code     0  startup_stm32f411xe.o(.text)
    SPI3_IRQHandler                          0x080001cb   Thumb Code     0  startup_stm32f411xe.o(.text)
    SPI4_IRQHandler                          0x080001cb   Thumb Code     0  startup_stm32f411xe.o(.text)
    SPI5_IRQHandler                          0x080001cb   Thumb Code     0  startup_stm32f411xe.o(.text)
    TAMP_STAMP_IRQHandler                    0x080001cb   Thumb Code     0  startup_stm32f411xe.o(.text)
    TIM1_BRK_TIM9_IRQHandler                 0x080001cb   Thumb Code     0  startup_stm32f411xe.o(.text)
    TIM1_CC_IRQHandler                       0x080001cb   Thumb Code     0  startup_stm32f411xe.o(.text)
    TIM1_TRG_COM_TIM11_IRQHandler            0x080001cb   Thumb Code     0  startup_stm32f411xe.o(.text)
    TIM1_UP_TIM10_IRQHandler                 0x080001cb   Thumb Code     0  startup_stm32f411xe.o(.text)
    TIM2_IRQHandler                          0x080001cb   Thumb Code     0  startup_stm32f411xe.o(.text)
    TIM3_IRQHandler                          0x080001cb   Thumb Code     0  startup_stm32f411xe.o(.text)
    TIM4_IRQHandler                          0x080001cb   Thumb Code     0  startup_stm32f411xe.o(.text)
    TIM5_IRQHandler                          0x080001cb   Thumb Code     0  startup_stm32f411xe.o(.text)
    WWDG_IRQHandler                          0x080001cb   Thumb Code     0  startup_stm32f411xe.o(.text)
    __aeabi_uldivmod                         0x080001d5   Thumb Code    98  uldiv.o(.text)
    __aeabi_memset                           0x08000237   Thumb Code    14  memseta.o(.text)
    __aeabi_memset4                          0x08000237   Thumb Code     0  memseta.o(.text)
    __aeabi_memset8                          0x08000237   Thumb Code     0  memseta.o(.text)
    __aeabi_memclr                           0x08000245   Thumb Code     4  memseta.o(.text)
    __aeabi_memclr4                          0x08000245   Thumb Code     0  memseta.o(.text)
    __aeabi_memclr8                          0x08000245   Thumb Code     0  memseta.o(.text)
    _memset$wrapper                          0x08000249   Thumb Code    18  memseta.o(.text)
    __aeabi_uidiv                            0x0800025b   Thumb Code     0  uidiv.o(.text)
    __aeabi_uidivmod                         0x0800025b   Thumb Code    44  uidiv.o(.text)
    __aeabi_llsl                             0x08000287   Thumb Code    30  llshl.o(.text)
    _ll_shift_l                              0x08000287   Thumb Code     0  llshl.o(.text)
    __aeabi_llsr                             0x080002a5   Thumb Code    32  llushr.o(.text)
    _ll_ushift_r                             0x080002a5   Thumb Code     0  llushr.o(.text)
    __scatterload                            0x080002c5   Thumb Code    28  init.o(.text)
    __scatterload_rt2                        0x080002c5   Thumb Code     0  init.o(.text)
    ADC_Get_Data                             0x08000379   Thumb Code    98  adc_operation.o(i.ADC_Get_Data)
    ADC_Get_SensorData_1                     0x080003e9   Thumb Code    12  adc_operation.o(i.ADC_Get_SensorData_1)
    ADC_Get_SensorData_2                     0x080003f9   Thumb Code    12  adc_operation.o(i.ADC_Get_SensorData_2)
    ADC_Get_Vref                             0x08000409   Thumb Code    12  adc_operation.o(i.ADC_Get_Vref)
    ADC_IRQHandler                           0x08000419   Thumb Code     6  stm32f4xx_it.o(i.ADC_IRQHandler)
    ADC_Operation_Init                       0x0800054d   Thumb Code    32  adc_operation.o(i.ADC_Operation_Init)
    BusFault_Handler                         0x08000575   Thumb Code     2  stm32f4xx_it.o(i.BusFault_Handler)
    CopeSerial2Data                          0x080005b9   Thumb Code    82  usart_gyroscope .o(i.CopeSerial2Data)
    DMA2_Stream0_IRQHandler                  0x08000615   Thumb Code     6  stm32f4xx_it.o(i.DMA2_Stream0_IRQHandler)
    DebugMon_Handler                         0x080006c5   Thumb Code     2  stm32f4xx_it.o(i.DebugMon_Handler)
    Error_Handler                            0x080006c9   Thumb Code    54  main.o(i.Error_Handler)
    HAL_ADCEx_InjectedConvCpltCallback       0x08000725   Thumb Code     2  stm32f4xx_hal_adc_ex.o(i.HAL_ADCEx_InjectedConvCpltCallback)
    HAL_ADC_ConfigChannel                    0x08000729   Thumb Code   334  stm32f4xx_hal_adc.o(i.HAL_ADC_ConfigChannel)
    HAL_ADC_ConvCpltCallback                 0x0800088d   Thumb Code     8  adc_operation.o(i.HAL_ADC_ConvCpltCallback)
    HAL_ADC_ConvHalfCpltCallback             0x08000899   Thumb Code     2  stm32f4xx_hal_adc.o(i.HAL_ADC_ConvHalfCpltCallback)
    HAL_ADC_ErrorCallback                    0x0800089b   Thumb Code     2  stm32f4xx_hal_adc.o(i.HAL_ADC_ErrorCallback)
    HAL_ADC_IRQHandler                       0x0800089d   Thumb Code   316  stm32f4xx_hal_adc.o(i.HAL_ADC_IRQHandler)
    HAL_ADC_Init                             0x080009d9   Thumb Code    84  stm32f4xx_hal_adc.o(i.HAL_ADC_Init)
    HAL_ADC_LevelOutOfWindowCallback         0x08000a2d   Thumb Code     2  stm32f4xx_hal_adc.o(i.HAL_ADC_LevelOutOfWindowCallback)
    HAL_ADC_MspInit                          0x08000a31   Thumb Code   150  adc.o(i.HAL_ADC_MspInit)
    HAL_ADC_PollForConversion                0x08000add   Thumb Code   162  stm32f4xx_hal_adc.o(i.HAL_ADC_PollForConversion)
    HAL_ADC_Start                            0x08000b81   Thumb Code   170  stm32f4xx_hal_adc.o(i.HAL_ADC_Start)
    HAL_ADC_Start_DMA                        0x08000c3d   Thumb Code   228  stm32f4xx_hal_adc.o(i.HAL_ADC_Start_DMA)
    HAL_DMA_Abort_IT                         0x08000d3d   Thumb Code    36  stm32f4xx_hal_dma.o(i.HAL_DMA_Abort_IT)
    HAL_DMA_IRQHandler                       0x08000d61   Thumb Code   412  stm32f4xx_hal_dma.o(i.HAL_DMA_IRQHandler)
    HAL_DMA_Init                             0x08000f01   Thumb Code   206  stm32f4xx_hal_dma.o(i.HAL_DMA_Init)
    HAL_DMA_Start_IT                         0x08000fd5   Thumb Code   110  stm32f4xx_hal_dma.o(i.HAL_DMA_Start_IT)
    HAL_Delay                                0x08001045   Thumb Code    32  stm32f4xx_hal.o(i.HAL_Delay)
    HAL_GPIO_Init                            0x08001069   Thumb Code   370  stm32f4xx_hal_gpio.o(i.HAL_GPIO_Init)
    HAL_GPIO_TogglePin                       0x080011fd   Thumb Code    14  stm32f4xx_hal_gpio.o(i.HAL_GPIO_TogglePin)
    HAL_GPIO_WritePin                        0x0800120b   Thumb Code    10  stm32f4xx_hal_gpio.o(i.HAL_GPIO_WritePin)
    HAL_GetTick                              0x08001215   Thumb Code     6  stm32f4xx_hal.o(i.HAL_GetTick)
    HAL_IncTick                              0x08001221   Thumb Code    12  stm32f4xx_hal.o(i.HAL_IncTick)
    HAL_Init                                 0x08001231   Thumb Code    48  stm32f4xx_hal.o(i.HAL_Init)
    HAL_InitTick                             0x08001265   Thumb Code    54  stm32f4xx_hal.o(i.HAL_InitTick)
    HAL_MspInit                              0x080012a5   Thumb Code    42  stm32f4xx_hal_msp.o(i.HAL_MspInit)
    HAL_NVIC_EnableIRQ                       0x080012d5   Thumb Code    26  stm32f4xx_hal_cortex.o(i.HAL_NVIC_EnableIRQ)
    HAL_NVIC_SetPriority                     0x080012f1   Thumb Code    60  stm32f4xx_hal_cortex.o(i.HAL_NVIC_SetPriority)
    HAL_NVIC_SetPriorityGrouping             0x08001331   Thumb Code    26  stm32f4xx_hal_cortex.o(i.HAL_NVIC_SetPriorityGrouping)
    HAL_RCC_ClockConfig                      0x08001355   Thumb Code   288  stm32f4xx_hal_rcc.o(i.HAL_RCC_ClockConfig)
    HAL_RCC_GetPCLK1Freq                     0x08001489   Thumb Code    20  stm32f4xx_hal_rcc.o(i.HAL_RCC_GetPCLK1Freq)
    HAL_RCC_GetPCLK2Freq                     0x080014a9   Thumb Code    20  stm32f4xx_hal_rcc.o(i.HAL_RCC_GetPCLK2Freq)
    HAL_RCC_GetSysClockFreq                  0x080014c9   Thumb Code    88  stm32f4xx_hal_rcc.o(i.HAL_RCC_GetSysClockFreq)
    HAL_RCC_OscConfig                        0x08001529   Thumb Code   840  stm32f4xx_hal_rcc.o(i.HAL_RCC_OscConfig)
    HAL_SYSTICK_Config                       0x08001885   Thumb Code    40  stm32f4xx_hal_cortex.o(i.HAL_SYSTICK_Config)
    HAL_UART1_RxCpltCallback                 0x080018ad   Thumb Code    26  usart_printf.o(i.HAL_UART1_RxCpltCallback)
    HAL_UART6_RxCpltCallback                 0x080018d1   Thumb Code   216  usart_printf.o(i.HAL_UART6_RxCpltCallback)
    HAL_UART_ErrorCallback                   0x080019b5   Thumb Code    32  usart_printf.o(i.HAL_UART_ErrorCallback)
    HAL_UART_IRQHandler                      0x080019dd   Thumb Code   270  stm32f4xx_hal_uart.o(i.HAL_UART_IRQHandler)
    HAL_UART_Init                            0x08001af1   Thumb Code    98  stm32f4xx_hal_uart.o(i.HAL_UART_Init)
    HAL_UART_MspInit                         0x08001b55   Thumb Code   296  usart.o(i.HAL_UART_MspInit)
    HAL_UART_Receive_IT                      0x08001c99   Thumb Code    82  stm32f4xx_hal_uart.o(i.HAL_UART_Receive_IT)
    HAL_UART_RxCpltCallback                  0x08001ced   Thumb Code    34  usart_printf.o(i.HAL_UART_RxCpltCallback)
    HAL_UART_Transmit                        0x08001d19   Thumb Code   186  stm32f4xx_hal_uart.o(i.HAL_UART_Transmit)
    HAL_UART_TxCpltCallback                  0x08001dd3   Thumb Code     2  stm32f4xx_hal_uart.o(i.HAL_UART_TxCpltCallback)
    HardFault_Handler                        0x08001dd5   Thumb Code     2  stm32f4xx_it.o(i.HardFault_Handler)
    Hardware_Init                            0x08001dd9   Thumb Code   108  main.o(i.Hardware_Init)
    MX_ADC1_Init                             0x08001f7d   Thumb Code   130  adc.o(i.MX_ADC1_Init)
    MX_DMA_Init                              0x0800200d   Thumb Code    40  dma.o(i.MX_DMA_Init)
    MX_GPIO_Init                             0x08002039   Thumb Code   118  gpio.o(i.MX_GPIO_Init)
    MX_USART1_UART_Init                      0x080020b9   Thumb Code    48  usart.o(i.MX_USART1_UART_Init)
    MX_USART2_UART_Init                      0x080020f1   Thumb Code    48  usart.o(i.MX_USART2_UART_Init)
    MX_USART6_UART_Init                      0x08002129   Thumb Code    48  usart.o(i.MX_USART6_UART_Init)
    MemManage_Handler                        0x08002161   Thumb Code     2  stm32f4xx_it.o(i.MemManage_Handler)
    NMI_Handler                              0x08002163   Thumb Code     2  stm32f4xx_it.o(i.NMI_Handler)
    PendSV_Handler                           0x08002165   Thumb Code     2  stm32f4xx_it.o(i.PendSV_Handler)
    SVC_Handler                              0x08002167   Thumb Code     2  stm32f4xx_it.o(i.SVC_Handler)
    ServoMotor_Control_Test                  0x08002169   Thumb Code    34  servomotor_control.o(i.ServoMotor_Control_Test)
    ServoMotor_Move_Immediately              0x0800218b   Thumb Code    90  servomotor_control.o(i.ServoMotor_Move_Immediately)
    ServoMotor_Read_Position                 0x080021e5   Thumb Code    84  servomotor_control.o(i.ServoMotor_Read_Position)
    ServoMotor_Read_Ret                      0x08002239   Thumb Code    88  servomotor_control.o(i.ServoMotor_Read_Ret)
    SysTick_Handler                          0x08002299   Thumb Code     4  stm32f4xx_it.o(i.SysTick_Handler)
    SystemClock_Config                       0x0800229d   Thumb Code   132  main.o(i.SystemClock_Config)
    SystemInit                               0x08002329   Thumb Code    22  system_stm32f4xx.o(i.SystemInit)
    UART6_Reset                              0x08002345   Thumb Code    34  usart_printf.o(i.UART6_Reset)
    USART1_IRQHandler                        0x08002625   Thumb Code     6  stm32f4xx_it.o(i.USART1_IRQHandler)
    USART1_Start_IT                          0x08002631   Thumb Code    24  usart_printf.o(i.USART1_Start_IT)
    USART2_IRQHandler                        0x08002651   Thumb Code     6  stm32f4xx_it.o(i.USART2_IRQHandler)
    USART6_IRQHandler                        0x0800265d   Thumb Code     6  stm32f4xx_it.o(i.USART6_IRQHandler)
    USART6_SendBuf                           0x08002669   Thumb Code    26  usart_printf.o(i.USART6_SendBuf)
    USART6_Start_IT                          0x08002689   Thumb Code    24  usart_printf.o(i.USART6_Start_IT)
    UsageFault_Handler                       0x080026a9   Thumb Code     2  stm32f4xx_it.o(i.UsageFault_Handler)
    __0printf$1                              0x080026ad   Thumb Code    22  printf1.o(i.__0printf$1)
    __1printf$1                              0x080026ad   Thumb Code     0  printf1.o(i.__0printf$1)
    __2printf                                0x080026ad   Thumb Code     0  printf1.o(i.__0printf$1)
    __scatterload_copy                       0x080026ed   Thumb Code    14  handlers.o(i.__scatterload_copy)
    __scatterload_null                       0x080026fb   Thumb Code     2  handlers.o(i.__scatterload_null)
    __scatterload_zeroinit                   0x080026fd   Thumb Code    14  handlers.o(i.__scatterload_zeroinit)
    fputc                                    0x08002861   Thumb Code    20  usart_printf.o(i.fputc)
    isRxCompleted                            0x08002879   Thumb Code    20  usart_printf.o(i.isRxCompleted)
    main                                     0x08002891   Thumb Code   144  main.o(i.main)
    AHBPrescTable                            0x080029b4   Data          16  system_stm32f4xx.o(.constdata)
    APBPrescTable                            0x080029c4   Data           8  system_stm32f4xx.o(.constdata)
    Region$$Table$$Base                      0x08002a20   Number         0  anon$$obj.o(Region$$Table)
    Region$$Table$$Limit                     0x08002a40   Number         0  anon$$obj.o(Region$$Table)
    ret                                      0x20000000   Data           1  main.o(.data)
    Sensor1_V_Data                           0x20000002   Data           2  main.o(.data)
    Sensor2_V_Data                           0x20000004   Data           2  main.o(.data)
    Vref                                     0x20000006   Data           2  main.o(.data)
    Angle                                    0x20000008   Data           4  main.o(.data)
    uwTickFreq                               0x2000000c   Data           1  stm32f4xx_hal.o(.data)
    uwTickPrio                               0x20000010   Data           4  stm32f4xx_hal.o(.data)
    uwTick                                   0x20000014   Data           4  stm32f4xx_hal.o(.data)
    ubSequenceCompleted                      0x20000018   Data           1  adc_operation.o(.data)
    SystemCoreClock                          0x20000070   Data           4  system_stm32f4xx.o(.data)
    __stdout                                 0x20000074   Data           4  stdout.o(.data)
    hadc1                                    0x20000078   Data          72  adc.o(.bss)
    hdma_adc1                                0x200000c0   Data          96  adc.o(.bss)
    huart1                                   0x20000120   Data          64  usart.o(.bss)
    huart2                                   0x20000160   Data          64  usart.o(.bss)
    huart6                                   0x200001a0   Data          64  usart.o(.bss)
    RxDataStruct                             0x200001e0   Data          18  servomotor_control.o(.bss)
    __initial_sp                             0x200006f0   Data           0  startup_stm32f411xe.o(STACK)



==============================================================================

Memory Map of the image

  Image Entry point : 0x08000199

  Load Region LR_IROM1 (Base: 0x08000000, Size: 0x00002ab8, Max: 0x00080000, ABSOLUTE)

    Execution Region ER_IROM1 (Exec base: 0x08000000, Load base: 0x08000000, Size: 0x00002a40, Max: 0x00080000, ABSOLUTE)

    Exec Addr    Load Addr    Size         Type   Attr      Idx    E Section Name        Object

    0x08000000   0x08000000   0x00000198   Data   RO            3    RESET               startup_stm32f411xe.o
    0x08000198   0x08000198   0x00000000   Code   RO         2786  * .ARM.Collect$$$$00000000  mc_w.l(entry.o)
    0x08000198   0x08000198   0x00000004   Code   RO         3054    .ARM.Collect$$$$00000001  mc_w.l(entry2.o)
    0x0800019c   0x0800019c   0x00000004   Code   RO         3057    .ARM.Collect$$$$00000004  mc_w.l(entry5.o)
    0x080001a0   0x080001a0   0x00000000   Code   RO         3059    .ARM.Collect$$$$00000008  mc_w.l(entry7b.o)
    0x080001a0   0x080001a0   0x00000000   Code   RO         3061    .ARM.Collect$$$$0000000A  mc_w.l(entry8b.o)
    0x080001a0   0x080001a0   0x00000008   Code   RO         3062    .ARM.Collect$$$$0000000B  mc_w.l(entry9a.o)
    0x080001a8   0x080001a8   0x00000004   Code   RO         3069    .ARM.Collect$$$$0000000E  mc_w.l(entry12b.o)
    0x080001ac   0x080001ac   0x00000000   Code   RO         3064    .ARM.Collect$$$$0000000F  mc_w.l(entry10a.o)
    0x080001ac   0x080001ac   0x00000000   Code   RO         3066    .ARM.Collect$$$$00000011  mc_w.l(entry11a.o)
    0x080001ac   0x080001ac   0x00000004   Code   RO         3055    .ARM.Collect$$$$00002712  mc_w.l(entry2.o)
    0x080001b0   0x080001b0   0x00000024   Code   RO            4    .text               startup_stm32f411xe.o
    0x080001d4   0x080001d4   0x00000062   Code   RO         2789    .text               mc_w.l(uldiv.o)
    0x08000236   0x08000236   0x00000024   Code   RO         2791    .text               mc_w.l(memseta.o)
    0x0800025a   0x0800025a   0x0000002c   Code   RO         3071    .text               mc_w.l(uidiv.o)
    0x08000286   0x08000286   0x0000001e   Code   RO         3073    .text               mc_w.l(llshl.o)
    0x080002a4   0x080002a4   0x00000020   Code   RO         3075    .text               mc_w.l(llushr.o)
    0x080002c4   0x080002c4   0x00000024   Code   RO         3088    .text               mc_w.l(init.o)
    0x080002e8   0x080002e8   0x0000006e   Code   RO          506    i.ADC_DMAConvCplt   stm32f4xx_hal_adc.o
    0x08000356   0x08000356   0x00000016   Code   RO          507    i.ADC_DMAError      stm32f4xx_hal_adc.o
    0x0800036c   0x0800036c   0x0000000a   Code   RO          508    i.ADC_DMAHalfConvCplt  stm32f4xx_hal_adc.o
    0x08000376   0x08000376   0x00000002   PAD
    0x08000378   0x08000378   0x00000070   Code   RO         2384    i.ADC_Get_Data      adc_operation.o
    0x080003e8   0x080003e8   0x00000010   Code   RO         2385    i.ADC_Get_SensorData_1  adc_operation.o
    0x080003f8   0x080003f8   0x00000010   Code   RO         2386    i.ADC_Get_SensorData_2  adc_operation.o
    0x08000408   0x08000408   0x00000010   Code   RO         2387    i.ADC_Get_Vref      adc_operation.o
    0x08000418   0x08000418   0x0000000c   Code   RO          350    i.ADC_IRQHandler    stm32f4xx_it.o
    0x08000424   0x08000424   0x00000128   Code   RO          509    i.ADC_Init          stm32f4xx_hal_adc.o
    0x0800054c   0x0800054c   0x00000028   Code   RO         2388    i.ADC_Operation_Init  adc_operation.o
    0x08000574   0x08000574   0x00000002   Code   RO          351    i.BusFault_Handler  stm32f4xx_it.o
    0x08000576   0x08000576   0x00000016   Code   RO         2559    i.CmdStruct_To_Array  servomotor_control.o
    0x0800058c   0x0800058c   0x0000002a   Code   RO         2560    i.CmdStruct_To_Array_Checksum  servomotor_control.o
    0x080005b6   0x080005b6   0x00000002   PAD
    0x080005b8   0x080005b8   0x0000005c   Code   RO         2646    i.CopeSerial2Data   usart_gyroscope .o
    0x08000614   0x08000614   0x0000000c   Code   RO          352    i.DMA2_Stream0_IRQHandler  stm32f4xx_it.o
    0x08000620   0x08000620   0x00000028   Code   RO         1294    i.DMA_CalcBaseAndBitshift  stm32f4xx_hal_dma.o
    0x08000648   0x08000648   0x00000054   Code   RO         1295    i.DMA_CheckFifoParam  stm32f4xx_hal_dma.o
    0x0800069c   0x0800069c   0x00000028   Code   RO         1296    i.DMA_SetConfig     stm32f4xx_hal_dma.o
    0x080006c4   0x080006c4   0x00000002   Code   RO          353    i.DebugMon_Handler  stm32f4xx_it.o
    0x080006c6   0x080006c6   0x00000002   PAD
    0x080006c8   0x080006c8   0x0000003c   Code   RO           13    i.Error_Handler     main.o
    0x08000704   0x08000704   0x00000020   Code   RO         2561    i.Get_CheckSum      servomotor_control.o
    0x08000724   0x08000724   0x00000002   Code   RO          680    i.HAL_ADCEx_InjectedConvCpltCallback  stm32f4xx_hal_adc_ex.o
    0x08000726   0x08000726   0x00000002   PAD
    0x08000728   0x08000728   0x00000164   Code   RO          511    i.HAL_ADC_ConfigChannel  stm32f4xx_hal_adc.o
    0x0800088c   0x0800088c   0x0000000c   Code   RO         2389    i.HAL_ADC_ConvCpltCallback  adc_operation.o
    0x08000898   0x08000898   0x00000002   Code   RO          513    i.HAL_ADC_ConvHalfCpltCallback  stm32f4xx_hal_adc.o
    0x0800089a   0x0800089a   0x00000002   Code   RO          515    i.HAL_ADC_ErrorCallback  stm32f4xx_hal_adc.o
    0x0800089c   0x0800089c   0x0000013c   Code   RO          519    i.HAL_ADC_IRQHandler  stm32f4xx_hal_adc.o
    0x080009d8   0x080009d8   0x00000054   Code   RO          520    i.HAL_ADC_Init      stm32f4xx_hal_adc.o
    0x08000a2c   0x08000a2c   0x00000002   Code   RO          521    i.HAL_ADC_LevelOutOfWindowCallback  stm32f4xx_hal_adc.o
    0x08000a2e   0x08000a2e   0x00000002   PAD
    0x08000a30   0x08000a30   0x000000ac   Code   RO          219    i.HAL_ADC_MspInit   adc.o
    0x08000adc   0x08000adc   0x000000a2   Code   RO          524    i.HAL_ADC_PollForConversion  stm32f4xx_hal_adc.o
    0x08000b7e   0x08000b7e   0x00000002   PAD
    0x08000b80   0x08000b80   0x000000bc   Code   RO          526    i.HAL_ADC_Start     stm32f4xx_hal_adc.o
    0x08000c3c   0x08000c3c   0x00000100   Code   RO          527    i.HAL_ADC_Start_DMA  stm32f4xx_hal_adc.o
    0x08000d3c   0x08000d3c   0x00000024   Code   RO         1298    i.HAL_DMA_Abort_IT  stm32f4xx_hal_dma.o
    0x08000d60   0x08000d60   0x000001a0   Code   RO         1302    i.HAL_DMA_IRQHandler  stm32f4xx_hal_dma.o
    0x08000f00   0x08000f00   0x000000d4   Code   RO         1303    i.HAL_DMA_Init      stm32f4xx_hal_dma.o
    0x08000fd4   0x08000fd4   0x0000006e   Code   RO         1307    i.HAL_DMA_Start_IT  stm32f4xx_hal_dma.o
    0x08001042   0x08001042   0x00000002   PAD
    0x08001044   0x08001044   0x00000024   Code   RO         1740    i.HAL_Delay         stm32f4xx_hal.o
    0x08001068   0x08001068   0x00000194   Code   RO         1190    i.HAL_GPIO_Init     stm32f4xx_hal_gpio.o
    0x080011fc   0x080011fc   0x0000000e   Code   RO         1193    i.HAL_GPIO_TogglePin  stm32f4xx_hal_gpio.o
    0x0800120a   0x0800120a   0x0000000a   Code   RO         1194    i.HAL_GPIO_WritePin  stm32f4xx_hal_gpio.o
    0x08001214   0x08001214   0x0000000c   Code   RO         1746    i.HAL_GetTick       stm32f4xx_hal.o
    0x08001220   0x08001220   0x00000010   Code   RO         1752    i.HAL_IncTick       stm32f4xx_hal.o
    0x08001230   0x08001230   0x00000034   Code   RO         1753    i.HAL_Init          stm32f4xx_hal.o
    0x08001264   0x08001264   0x00000040   Code   RO         1754    i.HAL_InitTick      stm32f4xx_hal.o
    0x080012a4   0x080012a4   0x00000030   Code   RO          460    i.HAL_MspInit       stm32f4xx_hal_msp.o
    0x080012d4   0x080012d4   0x0000001a   Code   RO         1603    i.HAL_NVIC_EnableIRQ  stm32f4xx_hal_cortex.o
    0x080012ee   0x080012ee   0x00000002   PAD
    0x080012f0   0x080012f0   0x00000040   Code   RO         1609    i.HAL_NVIC_SetPriority  stm32f4xx_hal_cortex.o
    0x08001330   0x08001330   0x00000024   Code   RO         1610    i.HAL_NVIC_SetPriorityGrouping  stm32f4xx_hal_cortex.o
    0x08001354   0x08001354   0x00000134   Code   RO          782    i.HAL_RCC_ClockConfig  stm32f4xx_hal_rcc.o
    0x08001488   0x08001488   0x00000020   Code   RO          789    i.HAL_RCC_GetPCLK1Freq  stm32f4xx_hal_rcc.o
    0x080014a8   0x080014a8   0x00000020   Code   RO          790    i.HAL_RCC_GetPCLK2Freq  stm32f4xx_hal_rcc.o
    0x080014c8   0x080014c8   0x00000060   Code   RO          791    i.HAL_RCC_GetSysClockFreq  stm32f4xx_hal_rcc.o
    0x08001528   0x08001528   0x0000035c   Code   RO          794    i.HAL_RCC_OscConfig  stm32f4xx_hal_rcc.o
    0x08001884   0x08001884   0x00000028   Code   RO         1614    i.HAL_SYSTICK_Config  stm32f4xx_hal_cortex.o
    0x080018ac   0x080018ac   0x00000024   Code   RO         2448    i.HAL_UART1_RxCpltCallback  usart_printf.o
    0x080018d0   0x080018d0   0x000000e4   Code   RO         2449    i.HAL_UART6_RxCpltCallback  usart_printf.o
    0x080019b4   0x080019b4   0x00000028   Code   RO         2450    i.HAL_UART_ErrorCallback  usart_printf.o
    0x080019dc   0x080019dc   0x00000114   Code   RO         2051    i.HAL_UART_IRQHandler  stm32f4xx_hal_uart.o
    0x08001af0   0x08001af0   0x00000062   Code   RO         2052    i.HAL_UART_Init     stm32f4xx_hal_uart.o
    0x08001b52   0x08001b52   0x00000002   PAD
    0x08001b54   0x08001b54   0x00000144   Code   RO          293    i.HAL_UART_MspInit  usart.o
    0x08001c98   0x08001c98   0x00000052   Code   RO         2057    i.HAL_UART_Receive_IT  stm32f4xx_hal_uart.o
    0x08001cea   0x08001cea   0x00000002   PAD
    0x08001cec   0x08001cec   0x0000002c   Code   RO         2451    i.HAL_UART_RxCpltCallback  usart_printf.o
    0x08001d18   0x08001d18   0x000000ba   Code   RO         2060    i.HAL_UART_Transmit  stm32f4xx_hal_uart.o
    0x08001dd2   0x08001dd2   0x00000002   Code   RO         2063    i.HAL_UART_TxCpltCallback  stm32f4xx_hal_uart.o
    0x08001dd4   0x08001dd4   0x00000002   Code   RO          354    i.HardFault_Handler  stm32f4xx_it.o
    0x08001dd6   0x08001dd6   0x00000002   PAD
    0x08001dd8   0x08001dd8   0x000001a4   Code   RO           14    i.Hardware_Init     main.o
    0x08001f7c   0x08001f7c   0x00000090   Code   RO          220    i.MX_ADC1_Init      adc.o
    0x0800200c   0x0800200c   0x0000002c   Code   RO          264    i.MX_DMA_Init       dma.o
    0x08002038   0x08002038   0x00000080   Code   RO          190    i.MX_GPIO_Init      gpio.o
    0x080020b8   0x080020b8   0x00000038   Code   RO          294    i.MX_USART1_UART_Init  usart.o
    0x080020f0   0x080020f0   0x00000038   Code   RO          295    i.MX_USART2_UART_Init  usart.o
    0x08002128   0x08002128   0x00000038   Code   RO          296    i.MX_USART6_UART_Init  usart.o
    0x08002160   0x08002160   0x00000002   Code   RO          355    i.MemManage_Handler  stm32f4xx_it.o
    0x08002162   0x08002162   0x00000002   Code   RO          356    i.NMI_Handler       stm32f4xx_it.o
    0x08002164   0x08002164   0x00000002   Code   RO          357    i.PendSV_Handler    stm32f4xx_it.o
    0x08002166   0x08002166   0x00000002   Code   RO          358    i.SVC_Handler       stm32f4xx_it.o
    0x08002168   0x08002168   0x00000022   Code   RO         2562    i.ServoMotor_Control_Test  servomotor_control.o
    0x0800218a   0x0800218a   0x0000005a   Code   RO         2564    i.ServoMotor_Move_Immediately  servomotor_control.o
    0x080021e4   0x080021e4   0x00000054   Code   RO         2565    i.ServoMotor_Read_Position  servomotor_control.o
    0x08002238   0x08002238   0x00000060   Code   RO         2566    i.ServoMotor_Read_Ret  servomotor_control.o
    0x08002298   0x08002298   0x00000004   Code   RO          359    i.SysTick_Handler   stm32f4xx_it.o
    0x0800229c   0x0800229c   0x0000008c   Code   RO           15    i.SystemClock_Config  main.o
    0x08002328   0x08002328   0x0000001c   Code   RO         2752    i.SystemInit        system_stm32f4xx.o
    0x08002344   0x08002344   0x0000002c   Code   RO         2452    i.UART6_Reset       usart_printf.o
    0x08002370   0x08002370   0x00000010   Code   RO         2065    i.UART_DMAAbortOnError  stm32f4xx_hal_uart.o
    0x08002380   0x08002380   0x0000001c   Code   RO         2075    i.UART_EndRxTransfer  stm32f4xx_hal_uart.o
    0x0800239c   0x0800239c   0x00000096   Code   RO         2077    i.UART_Receive_IT   stm32f4xx_hal_uart.o
    0x08002432   0x08002432   0x00000002   PAD
    0x08002434   0x08002434   0x00000128   Code   RO         2078    i.UART_SetConfig    stm32f4xx_hal_uart.o
    0x0800255c   0x0800255c   0x00000062   Code   RO         2079    i.UART_Transmit_IT  stm32f4xx_hal_uart.o
    0x080025be   0x080025be   0x00000064   Code   RO         2080    i.UART_WaitOnFlagUntilTimeout  stm32f4xx_hal_uart.o
    0x08002622   0x08002622   0x00000002   PAD
    0x08002624   0x08002624   0x0000000c   Code   RO          360    i.USART1_IRQHandler  stm32f4xx_it.o
    0x08002630   0x08002630   0x00000020   Code   RO         2453    i.USART1_Start_IT   usart_printf.o
    0x08002650   0x08002650   0x0000000c   Code   RO          361    i.USART2_IRQHandler  stm32f4xx_it.o
    0x0800265c   0x0800265c   0x0000000c   Code   RO          362    i.USART6_IRQHandler  stm32f4xx_it.o
    0x08002668   0x08002668   0x00000020   Code   RO         2454    i.USART6_SendBuf    usart_printf.o
    0x08002688   0x08002688   0x00000020   Code   RO         2455    i.USART6_Start_IT   usart_printf.o
    0x080026a8   0x080026a8   0x00000002   Code   RO          363    i.UsageFault_Handler  stm32f4xx_it.o
    0x080026aa   0x080026aa   0x00000002   PAD
    0x080026ac   0x080026ac   0x00000020   Code   RO         2838    i.__0printf$1       mc_w.l(printf1.o)
    0x080026cc   0x080026cc   0x00000020   Code   RO         1616    i.__NVIC_SetPriority  stm32f4xx_hal_cortex.o
    0x080026ec   0x080026ec   0x0000000e   Code   RO         3096    i.__scatterload_copy  mc_w.l(handlers.o)
    0x080026fa   0x080026fa   0x00000002   Code   RO         3097    i.__scatterload_null  mc_w.l(handlers.o)
    0x080026fc   0x080026fc   0x0000000e   Code   RO         3098    i.__scatterload_zeroinit  mc_w.l(handlers.o)
    0x0800270a   0x0800270a   0x00000002   PAD
    0x0800270c   0x0800270c   0x00000154   Code   RO         2845    i._printf_core      mc_w.l(printf1.o)
    0x08002860   0x08002860   0x00000018   Code   RO         2459    i.fputc             usart_printf.o
    0x08002878   0x08002878   0x00000018   Code   RO         2460    i.isRxCompleted     usart_printf.o
    0x08002890   0x08002890   0x0000011c   Code   RO           16    i.main              main.o
    0x080029ac   0x080029ac   0x00000008   Data   RO         1309    .constdata          stm32f4xx_hal_dma.o
    0x080029b4   0x080029b4   0x00000010   Data   RO         2753    .constdata          system_stm32f4xx.o
    0x080029c4   0x080029c4   0x00000008   Data   RO         2754    .constdata          system_stm32f4xx.o
    0x080029cc   0x080029cc   0x00000054   Data   RO           17    .conststring        main.o
    0x08002a20   0x08002a20   0x00000020   Data   RO         3094    Region$$Table       anon$$obj.o


    Execution Region RW_IRAM1 (Exec base: 0x20000000, Load base: 0x08002a40, Size: 0x000006f0, Max: 0x00020000, ABSOLUTE)

    Exec Addr    Load Addr    Size         Type   Attr      Idx    E Section Name        Object

    0x20000000   0x08002a40   0x0000000c   Data   RW           18    .data               main.o
    0x2000000c   0x08002a4c   0x0000000c   Data   RW         1760    .data               stm32f4xx_hal.o
    0x20000018   0x08002a58   0x0000000e   Data   RW         2390    .data               adc_operation.o
    0x20000026   0x08002a66   0x00000009   Data   RW         2461    .data               usart_printf.o
    0x2000002f   0x08002a6f   0x00000001   Data   RW         2571    .data               servomotor_control.o
    0x20000030   0x08002a70   0x00000040   Data   RW         2663    .data               usart_gyroscope .o
    0x20000070   0x08002ab0   0x00000004   Data   RW         2755    .data               system_stm32f4xx.o
    0x20000074   0x08002ab4   0x00000004   Data   RW         3070    .data               mc_w.l(stdout.o)
    0x20000078        -       0x000000a8   Zero   RW          221    .bss                adc.o
    0x20000120        -       0x000000c0   Zero   RW          297    .bss                usart.o
    0x200001e0        -       0x00000012   Zero   RW         2569    .bss                servomotor_control.o
    0x200001f2        -       0x000000fa   Zero   RW         2658    .bss                usart_gyroscope .o
    0x200002ec   0x08002ab8   0x00000004   PAD
    0x200002f0        -       0x00000400   Zero   RW            1    STACK               startup_stm32f411xe.o


==============================================================================

Image component sizes


      Code (inc. data)   RO Data    RW Data    ZI Data      Debug   Object Name

       316         36          0          0        168       1995   adc.o
       212         38          0         14          0       4734   adc_operation.o
        44          4          0          0          0        930   dma.o
       128         10          0          0          0       1107   gpio.o
       904        466         84         12          0     408951   main.o
       400          8          0          1         18       9775   servomotor_control.o
        36          8        408          0       1024        852   startup_stm32f411xe.o
       180         28          0         12          0       9509   stm32f4xx_hal.o
      1806         80          0          0          0      10342   stm32f4xx_hal_adc.o
         2          0          0          0          0       1137   stm32f4xx_hal_adc_ex.o
       198         14          0          0          0      34031   stm32f4xx_hal_cortex.o
       938         16          8          0          0       6702   stm32f4xx_hal_dma.o
       428         34          0          0          0       3185   stm32f4xx_hal_gpio.o
        48          6          0          0          0       1006   stm32f4xx_hal_msp.o
      1328         72          0          0          0       5440   stm32f4xx_hal_rcc.o
      1332         16          0          0          0       9526   stm32f4xx_hal_uart.o
        80         30          0          0          0       6721   stm32f4xx_it.o
        28          6         24          4          0       1327   system_stm32f4xx.o
       492         52          0          0        192       3384   usart.o
        92         10          0         64        250       3277   usart_gyroscope .o
       536         80          0          9          0       9400   usart_printf.o

    ----------------------------------------------------------------------
      9556       1014        556        116       1656     533331   Object Totals
         0          0         32          0          0          0   (incl. Generated)
        28          0          0          0          4          0   (incl. Padding)

    ----------------------------------------------------------------------

      Code (inc. data)   RO Data    RW Data    ZI Data      Debug   Library Member Name

         0          0          0          0          0          0   entry.o
         0          0          0          0          0          0   entry10a.o
         0          0          0          0          0          0   entry11a.o
         4          0          0          0          0          0   entry12b.o
         8          4          0          0          0          0   entry2.o
         4          0          0          0          0          0   entry5.o
         0          0          0          0          0          0   entry7b.o
         0          0          0          0          0          0   entry8b.o
         8          4          0          0          0          0   entry9a.o
        30          0          0          0          0          0   handlers.o
        36          8          0          0          0         68   init.o
        30          0          0          0          0         68   llshl.o
        32          0          0          0          0         68   llushr.o
        36          0          0          0          0        108   memseta.o
       372         14          0          0          0        184   printf1.o
         0          0          0          4          0          0   stdout.o
        44          0          0          0          0         80   uidiv.o
        98          0          0          0          0         92   uldiv.o

    ----------------------------------------------------------------------
       704         30          0          4          0        668   Library Totals
         2          0          0          0          0          0   (incl. Padding)

    ----------------------------------------------------------------------

      Code (inc. data)   RO Data    RW Data    ZI Data      Debug   Library Name

       702         30          0          4          0        668   mc_w.l

    ----------------------------------------------------------------------
       704         30          0          4          0        668   Library Totals

    ----------------------------------------------------------------------

==============================================================================


      Code (inc. data)   RO Data    RW Data    ZI Data      Debug   

     10260       1044        556        120       1656     524443   Grand Totals
     10260       1044        556        120       1656     524443   ELF Image Totals
     10260       1044        556        120          0          0   ROM Totals

==============================================================================

    Total RO  Size (Code + RO Data)                10816 (  10.56kB)
    Total RW  Size (RW Data + ZI Data)              1776 (   1.73kB)
    Total ROM Size (Code + RO Data + RW Data)      10936 (  10.68kB)

==============================================================================

