Component: ARM Compiler 5.06 update 7 (build 960) Tool: armlink [4d3601]

==============================================================================

Section Cross References

    startup_stm32f411xe.o(RESET) refers to startup_stm32f411xe.o(STACK) for __initial_sp
    startup_stm32f411xe.o(RESET) refers to startup_stm32f411xe.o(.text) for Reset_Handler
    startup_stm32f411xe.o(RESET) refers to stm32f4xx_it.o(i.NMI_Handler) for NMI_Handler
    startup_stm32f411xe.o(RESET) refers to stm32f4xx_it.o(i.HardFault_Handler) for HardFault_Handler
    startup_stm32f411xe.o(RESET) refers to stm32f4xx_it.o(i.MemManage_Handler) for MemManage_Handler
    startup_stm32f411xe.o(RESET) refers to stm32f4xx_it.o(i.BusFault_Handler) for BusFault_Handler
    startup_stm32f411xe.o(RESET) refers to stm32f4xx_it.o(i.UsageFault_Handler) for UsageFault_Handler
    startup_stm32f411xe.o(RESET) refers to stm32f4xx_it.o(i.SVC_Handler) for SVC_Handler
    startup_stm32f411xe.o(RESET) refers to stm32f4xx_it.o(i.DebugMon_Handler) for DebugMon_Handler
    startup_stm32f411xe.o(RESET) refers to stm32f4xx_it.o(i.PendSV_Handler) for PendSV_Handler
    startup_stm32f411xe.o(RESET) refers to stm32f4xx_it.o(i.SysTick_Handler) for SysTick_Handler
    startup_stm32f411xe.o(RESET) refers to stm32f4xx_it.o(i.ADC_IRQHandler) for ADC_IRQHandler
    startup_stm32f411xe.o(RESET) refers to stm32f4xx_it.o(i.TIM2_IRQHandler) for TIM2_IRQHandler
    startup_stm32f411xe.o(RESET) refers to stm32f4xx_it.o(i.TIM3_IRQHandler) for TIM3_IRQHandler
    startup_stm32f411xe.o(RESET) refers to stm32f4xx_it.o(i.TIM4_IRQHandler) for TIM4_IRQHandler
    startup_stm32f411xe.o(RESET) refers to stm32f4xx_it.o(i.USART1_IRQHandler) for USART1_IRQHandler
    startup_stm32f411xe.o(RESET) refers to stm32f4xx_it.o(i.USART2_IRQHandler) for USART2_IRQHandler
    startup_stm32f411xe.o(RESET) refers to stm32f4xx_it.o(i.DMA2_Stream0_IRQHandler) for DMA2_Stream0_IRQHandler
    startup_stm32f411xe.o(RESET) refers to stm32f4xx_it.o(i.USART6_IRQHandler) for USART6_IRQHandler
    startup_stm32f411xe.o(.text) refers to system_stm32f4xx.o(i.SystemInit) for SystemInit
    startup_stm32f411xe.o(.text) refers to entry.o(.ARM.Collect$$$$00000000) for __main
    main.o(i.ADC_KalmanFilter_Value_Test) refers to adc_function.o(i.Get_ADC_KalmanFilter_Value) for Get_ADC_KalmanFilter_Value
    main.o(i.ADC_KalmanFilter_Value_Test) refers to main.o(i.Error_Handler) for Error_Handler
    main.o(i.ADC_KalmanFilter_Value_Test) refers to main.o(.data) for Vref_F
    main.o(i.ADC_MeanFilter_Value_Test) refers to adc_function.o(i.Get_ADC_MeanFilter_Value) for Get_ADC_MeanFilter_Value
    main.o(i.ADC_MeanFilter_Value_Test) refers to main.o(i.Error_Handler) for Error_Handler
    main.o(i.ADC_MeanFilter_Value_Test) refers to main.o(.data) for Vref
    main.o(i.ADC_Original_Value_Test) refers to adc_operation.o(i.ADC_Get_Data) for ADC_Get_Data
    main.o(i.ADC_Original_Value_Test) refers to main.o(i.Error_Handler) for Error_Handler
    main.o(i.ADC_Original_Value_Test) refers to adc_operation.o(i.ADC_Get_SensorData_1) for ADC_Get_SensorData_1
    main.o(i.ADC_Original_Value_Test) refers to adc_operation.o(i.ADC_Get_SensorData_2) for ADC_Get_SensorData_2
    main.o(i.ADC_Original_Value_Test) refers to adc_operation.o(i.ADC_Get_SensorData_3) for ADC_Get_SensorData_3
    main.o(i.ADC_Original_Value_Test) refers to adc_operation.o(i.ADC_Get_SensorData_4) for ADC_Get_SensorData_4
    main.o(i.ADC_Original_Value_Test) refers to adc_operation.o(i.ADC_Get_Vref) for ADC_Get_Vref
    main.o(i.ADC_Original_Value_Test) refers to main.o(.data) for ret
    main.o(i.Error_Handler) refers to stm32f4xx_hal_gpio.o(i.HAL_GPIO_TogglePin) for HAL_GPIO_TogglePin
    main.o(i.Error_Handler) refers to stm32f4xx_hal.o(i.HAL_Delay) for HAL_Delay
    main.o(i.Hardware_Init) refers to stm32f4xx_hal.o(i.HAL_Delay) for HAL_Delay
    main.o(i.Hardware_Init) refers to printf3.o(i.__0printf$3) for __2printf
    main.o(i.Hardware_Init) refers to adc_operation.o(i.ADC_Operation_Init) for ADC_Operation_Init
    main.o(i.Hardware_Init) refers to main.o(i.Error_Handler) for Error_Handler
    main.o(i.Hardware_Init) refers to main.o(i.assert_failed) for assert_failed
    main.o(i.Hardware_Init) refers to usart_printf.o(i.USART6_Start_IT) for USART6_Start_IT
    main.o(i.Hardware_Init) refers to usart_printf.o(i.USART1_Start_IT) for USART1_Start_IT
    main.o(i.Hardware_Init) refers to usart_printf.o(i.USART2_Start_IT) for USART2_Start_IT
    main.o(i.Hardware_Init) refers to servomotor_control.o(i.ServoMotor_Control_Init) for ServoMotor_Control_Init
    main.o(i.Hardware_Init) refers to usart_gyroscope .o(i.Gyroscope_Calibration) for Gyroscope_Calibration
    main.o(i.Hardware_Init) refers to main.o(.data) for ret
    main.o(i.IsCompleteHardwareInit) refers to main.o(.data) for HardwareComplete_Flag
    main.o(i.SystemClock_Config) refers to memseta.o(.text) for __aeabi_memclr4
[...]
    startup_stm32f411xe.s                    0x00000000   Number         0  startup_stm32f411xe.o ABSOLUTE
    RESET                                    0x08000000   Section      408  startup_stm32f411xe.o(RESET)
    .ARM.Collect$$$$00000000                 0x08000198   Section        0  entry.o(.ARM.Collect$$$$00000000)
    .ARM.Collect$$$$00000001                 0x08000198   Section        4  entry2.o(.ARM.Collect$$$$00000001)
    .ARM.Collect$$$$00000004                 0x0800019c   Section        4  entry5.o(.ARM.Collect$$$$00000004)
    .ARM.Collect$$$$00000008                 0x080001a0   Section        0  entry7b.o(.ARM.Collect$$$$00000008)
    .ARM.Collect$$$$0000000A                 0x080001a0   Section        0  entry8b.o(.ARM.Collect$$$$0000000A)
    .ARM.Collect$$$$0000000B                 0x080001a0   Section        8  entry9a.o(.ARM.Collect$$$$0000000B)
    .ARM.Collect$$$$0000000E                 0x080001a8   Section        4  entry12b.o(.ARM.Collect$$$$0000000E)
    .ARM.Collect$$$$0000000F                 0x080001ac   Section        0  entry10a.o(.ARM.Collect$$$$0000000F)
    .ARM.Collect$$$$00000011                 0x080001ac   Section        0  entry11a.o(.ARM.Collect$$$$00000011)
    .ARM.Collect$$$$00002712                 0x080001ac   Section        4  entry2.o(.ARM.Collect$$$$00002712)
    __lit__00000000                          0x080001ac   Data           4  entry2.o(.ARM.Collect$$$$00002712)
    .text                                    0x080001b0   Section       36  startup_stm32f411xe.o(.text)
    $v0                                      0x080001b0   Number         0  startup_stm32f411xe.o(.text)
    .text                                    0x080001d4   Section        0  uldiv.o(.text)
    .text                                    0x08000236   Section        0  memseta.o(.text)
    .text                                    0x0800025a   Section        0  dadd.o(.text)
    .text                                    0x080003a8   Section        0  dfltui.o(.text)
    .text                                    0x080003c2   Section        0  f2d.o(.text)
    .text                                    0x080003e8   Section       48  cdrcmple.o(.text)
    .text                                    0x08000418   Section        0  uidiv.o(.text)
    .text                                    0x08000444   Section        0  llshl.o(.text)
    .text                                    0x08000462   Section        0  llushr.o(.text)
    .text                                    0x08000482   Section        0  llsshr.o(.text)
    .text                                    0x080004a6   Section        0  iusefp.o(.text)
    .text                                    0x080004a6   Section        0  depilogue.o(.text)
    .text                                    0x08000560   Section       36  init.o(.text)
    i.ADC_DMAConvCplt                        0x08000584   Section        0  stm32f4xx_hal_adc.o(i.ADC_DMAConvCplt)
    ADC_DMAConvCplt                          0x08000585   Thumb Code   126  stm32f4xx_hal_adc.o(i.ADC_DMAConvCplt)
    i.ADC_DMAError                           0x08000602   Section        0  stm32f4xx_hal_adc.o(i.ADC_DMAError)
    ADC_DMAError                             0x08000603   Thumb Code    26  stm32f4xx_hal_adc.o(i.ADC_DMAError)
    i.ADC_DMAHalfConvCplt                    0x0800061c   Section        0  stm32f4xx_hal_adc.o(i.ADC_DMAHalfConvCplt)
    ADC_DMAHalfConvCplt                      0x0800061d   Thumb Code    14  stm32f4xx_hal_adc.o(i.ADC_DMAHalfConvCplt)
    i.ADC_Get_Data                           0x0800062c   Section        0  adc_operation.o(i.ADC_Get_Data)
    i.ADC_Get_SensorData_1                   0x080006fc   Section        0  adc_operation.o(i.ADC_Get_SensorData_1)
    i.ADC_Get_SensorData_2                   0x0800070c   Section        0  adc_operation.o(i.ADC_Get_SensorData_2)
    i.ADC_Get_SensorData_3                   0x0800071c   Section        0  adc_operation.o(i.ADC_Get_SensorData_3)
    i.ADC_Get_SensorData_4                   0x0800072c   Section        0  adc_operation.o(i.ADC_Get_SensorData_4)
    i.ADC_Get_Vref                           0x0800073c   Section        0  adc_operation.o(i.ADC_Get_Vref)
    i.ADC_IRQHandler                         0x0800074c   Section        0  stm32f4xx_it.o(i.ADC_IRQHandler)
    i.ADC_Init                               0x0800075c   Section        0  stm32f4xx_hal_adc.o(i.ADC_Init)
    ADC_Init                                 0x0800075d   Thumb Code   370  stm32f4xx_hal_adc.o(i.ADC_Init)
    i.ADC_KalmanFilter_Value_Test            0x08000910   Section        0  main.o(i.ADC_KalmanFilter_Value_Test)
    i.ADC_Operation_Init                     0x0800094c   Section        0  adc_operation.o(i.ADC_Operation_Init)
    i.BusFault_Handler                       0x08000994   Section        0  stm32f4xx_it.o(i.BusFault_Handler)
    i.CmdStruct_To_Array                     0x08000998   Section        0  servomotor_control.o(i.CmdStruct_To_Array)
    CmdStruct_To_Array                       0x08000999   Thumb Code    26  servomotor_control.o(i.CmdStruct_To_Array)
    i.CmdStruct_To_Array_Checksum            0x080009b2   Section        0  servomotor_control.o(i.CmdStruct_To_Array_Checksum)
    CmdStruct_To_Array_Checksum              0x080009b3   Thumb Code    52  servomotor_control.o(i.CmdStruct_To_Array_Checksum)
    i.CopeSerial2Data                        0x080009e8   Section        0  usart_gyroscope .o(i.CopeSerial2Data)
    i.DMA2_Stream0_IRQHandler                0x08000a80   Section        0  stm32f4xx_it.o(i.DMA2_Stream0_IRQHandler)
    i.DMA_CalcBaseAndBitshift                0x08000a90   Section        0  stm32f4xx_hal_dma.o(i.DMA_CalcBaseAndBitshift)
    DMA_CalcBaseAndBitshift                  0x08000a91   Thumb Code    46  stm32f4xx_hal_dma.o(i.DMA_CalcBaseAndBitshift)
    i.DMA_CheckFifoParam                     0x08000ac4   Section        0  stm32f4xx_hal_dma.o(i.DMA_CheckFifoParam)
    DMA_CheckFifoParam                       0x08000ac5   Thumb Code   170  stm32f4xx_hal_dma.o(i.DMA_CheckFifoParam)
    i.DMA_SetConfig                          0x08000b6e   Section        0  stm32f4xx_hal_dma.o(i.DMA_SetConfig)
    DMA_SetConfig                            0x08000b6f   Thumb Code    44  stm32f4xx_hal_dma.o(i.DMA_SetConfig)
    i.Data_Mean_Filter_F                     0x08000b9c   Section        0  digtalsignal_process.o(i.Data_Mean_Filter_F)
    i.Data_Mean_Filter_U16                   0x08000bf0   Section        0  digtalsignal_process.o(i.Data_Mean_Filter_U16)
    i.DebugMon_Handler                       0x08000c22   Section        0  stm32f4xx_it.o(i.DebugMon_Handler)
    i.Error_Handler                          0x08000c24   Section        0  main.o(i.Error_Handler)
    i.Get_ADC_KalmanFilter_Value             0x08000c5c   Section        0  adc_function.o(i.Get_ADC_KalmanFilter_Value)
    i.Get_ADC_MeanFilter_Value               0x08001234   Section        0  adc_function.o(i.Get_ADC_MeanFilter_Value)
    i.Get_CheckSum                           0x08001370   Section        0  servomotor_control.o(i.Get_CheckSum)
    Get_CheckSum                             0x08001371   Thumb Code    34  servomotor_control.o(i.Get_CheckSum)
    i.Get_MotionData_MeanFilter_Value        0x08001394   Section        0  gyroscopedata_process.o(i.Get_MotionData_MeanFilter_Value)
    i.Get_Xaxis_Angle                        0x08001534   Section        0  usart_gyroscope .o(i.Get_Xaxis_Angle)
    i.Get_Xaxis_Angle_Acc                    0x08001570   Section        0  usart_gyroscope .o(i.Get_Xaxis_Angle_Acc)
    i.Get_Yaxis_Angle                        0x080015ac   Section        0  usart_gyroscope .o(i.Get_Yaxis_Angle)
    i.Get_Yaxis_Angle_Acc                    0x080015e8   Section        0  usart_gyroscope .o(i.Get_Yaxis_Angle_Acc)
    i.Get_Zaxis_Angle                        0x08001624   Section        0  usart_gyroscope .o(i.Get_Zaxis_Angle)
    i.Get_Zaxis_Angle_Acc                    0x08001660   Section        0  usart_gyroscope .o(i.Get_Zaxis_Angle_Acc)
    i.Gyroscope_Calibration                  0x0800169c   Section        0  usart_gyroscope .o(i.Gyroscope_Calibration)
    i.HAL_ADCEx_InjectedConvCpltCallback     0x08001738   Section        0  stm32f4xx_hal_adc_ex.o(i.HAL_ADCEx_InjectedConvCpltCallback)
    i.HAL_ADC_ConfigChannel                  0x0800173c   Section        0  stm32f4xx_hal_adc.o(i.HAL_ADC_ConfigChannel)
    i.HAL_ADC_ConvCpltCallback               0x0800197c   Section        0  adc_operation.o(i.HAL_ADC_ConvCpltCallback)
    i.HAL_ADC_ConvHalfCpltCallback           0x08001988   Section        0  stm32f4xx_hal_adc.o(i.HAL_ADC_ConvHalfCpltCallback)
    i.HAL_ADC_ErrorCallback                  0x0800198a   Section        0  stm32f4xx_hal_adc.o(i.HAL_ADC_ErrorCallback)
    i.HAL_ADC_IRQHandler                     0x0800198c   Section        0  stm32f4xx_hal_adc.o(i.HAL_ADC_IRQHandler)
    i.HAL_ADC_Init                           0x08001b80   Section        0  stm32f4xx_hal_adc.o(i.HAL_ADC_Init)
    i.HAL_ADC_LevelOutOfWindowCallback       0x08001dec   Section        0  stm32f4xx_hal_adc.o(i.HAL_ADC_LevelOutOfWindowCallback)
    i.HAL_ADC_MspInit                        0x08001df0   Section        0  adc.o(i.HAL_ADC_MspInit)
    i.HAL_ADC_PollForConversion              0x08001ec8   Section        0  stm32f4xx_hal_adc.o(i.HAL_ADC_PollForConversion)
    i.HAL_ADC_Start                          0x08001f8c   Section        0  stm32f4xx_hal_adc.o(i.HAL_ADC_Start)
    i.HAL_ADC_Start_DMA                      0x08002104   Section        0  stm32f4xx_hal_adc.o(i.HAL_ADC_Start_DMA)
    i.HAL_DMA_Abort_IT                       0x080022c8   Section        0  stm32f4xx_hal_dma.o(i.HAL_DMA_Abort_IT)
    i.HAL_DMA_IRQHandler                     0x080022f0   Section        0  stm32f4xx_hal_dma.o(i.HAL_DMA_IRQHandler)
    i.HAL_DMA_Init                           0x08002530   Section        0  stm32f4xx_hal_dma.o(i.HAL_DMA_Init)
    i.HAL_DMA_Start_IT                       0x0800288c   Section        0  stm32f4xx_hal_dma.o(i.HAL_DMA_Start_IT)
    i.HAL_Delay                              0x0800296c   Section        0  stm32f4xx_hal.o(i.HAL_Delay)
    i.HAL_GPIO_Init                          0x08002994   Section        0  stm32f4xx_hal_gpio.o(i.HAL_GPIO_Init)
    i.HAL_GPIO_TogglePin                     0x08002d6c   Section        0  stm32f4xx_hal_gpio.o(i.HAL_GPIO_TogglePin)
    i.HAL_GPIO_WritePin                      0x08002dd8   Section        0  stm32f4xx_hal_gpio.o(i.HAL_GPIO_WritePin)
    i.HAL_GetTick                            0x08002e50   Section        0  stm32f4xx_hal.o(i.HAL_GetTick)
    i.HAL_IncTick                            0x08002e5c   Section        0  stm32f4xx_hal.o(i.HAL_IncTick)
    i.HAL_Init                               0x08002e74   Section        0  stm32f4xx_hal.o(i.HAL_Init)
    i.HAL_InitTick                           0x08002eb0   Section        0  stm32f4xx_hal.o(i.HAL_InitTick)
    i.HAL_MspInit                            0x08002efc   Section        0  stm32f4xx_hal_msp.o(i.HAL_MspInit)
    i.HAL_NVIC_EnableIRQ                     0x08002f44   Section        0  stm32f4xx_hal_cortex.o(i.HAL_NVIC_EnableIRQ)
    i.HAL_NVIC_SetPriority                   0x08002fb0   Section        0  stm32f4xx_hal_cortex.o(i.HAL_NVIC_SetPriority)
    i.HAL_NVIC_SetPriorityGrouping           0x08003084   Section        0  stm32f4xx_hal_cortex.o(i.HAL_NVIC_SetPriorityGrouping)
    i.HAL_RCC_ClockConfig                    0x0800310c   Section        0  stm32f4xx_hal_rcc.o(i.HAL_RCC_ClockConfig)
    i.HAL_RCC_GetHCLKFreq                    0x080033cc   Section        0  stm32f4xx_hal_rcc.o(i.HAL_RCC_GetHCLKFreq)
    i.HAL_RCC_GetPCLK1Freq                   0x080033d8   Section        0  stm32f4xx_hal_rcc.o(i.HAL_RCC_GetPCLK1Freq)
    i.HAL_RCC_GetPCLK2Freq                   0x080033f8   Section        0  stm32f4xx_hal_rcc.o(i.HAL_RCC_GetPCLK2Freq)
    i.HAL_RCC_GetSysClockFreq                0x08003418   Section        0  stm32f4xx_hal_rcc.o(i.HAL_RCC_GetSysClockFreq)
    i.HAL_RCC_OscConfig                      0x080034c8   Section        0  stm32f4xx_hal_rcc.o(i.HAL_RCC_OscConfig)
    i.HAL_SYSTICK_Config                     0x08003ac4   Section        0  stm32f4xx_hal_cortex.o(i.HAL_SYSTICK_Config)
    i.HAL_TIMEx_BreakCallback                0x08003af8   Section        0  stm32f4xx_hal_tim_ex.o(i.HAL_TIMEx_BreakCallback)
    i.HAL_TIMEx_CommutCallback               0x08003afa   Section        0  stm32f4xx_hal_tim_ex.o(i.HAL_TIMEx_CommutCallback)
    i.HAL_TIMEx_MasterConfigSynchronization  0x08003afc   Section        0  stm32f4xx_hal_tim_ex.o(i.HAL_TIMEx_MasterConfigSynchronization)
    i.HAL_TIM_Base_Init                      0x08003c5c   Section        0  stm32f4xx_hal_tim.o(i.HAL_TIM_Base_Init)
    i.HAL_TIM_Base_MspInit                   0x08003d90   Section        0  tim.o(i.HAL_TIM_Base_MspInit)
    i.HAL_TIM_Base_Start_IT                  0x08003e50   Section        0  stm32f4xx_hal_tim.o(i.HAL_TIM_Base_Start_IT)
    i.HAL_TIM_ConfigClockSource              0x08003f1c   Section        0  stm32f4xx_hal_tim.o(i.HAL_TIM_ConfigClockSource)
    i.HAL_TIM_IC_CaptureCallback             0x080043f2   Section        0  stm32f4xx_hal_tim.o(i.HAL_TIM_IC_CaptureCallback)
    i.HAL_TIM_IRQHandler                     0x080043f4   Section        0  stm32f4xx_hal_tim.o(i.HAL_TIM_IRQHandler)
    i.HAL_TIM_OC_DelayElapsedCallback        0x0800458a   Section        0  stm32f4xx_hal_tim.o(i.HAL_TIM_OC_DelayElapsedCallback)
    i.HAL_TIM_PWM_PulseFinishedCallback      0x0800458c   Section        0  stm32f4xx_hal_tim.o(i.HAL_TIM_PWM_PulseFinishedCallback)
    i.HAL_TIM_PeriodElapsedCallback          0x08004590   Section        0  timx_callback_function.o(i.HAL_TIM_PeriodElapsedCallback)
    i.HAL_TIM_TriggerCallback                0x080045d8   Section        0  stm32f4xx_hal_tim.o(i.HAL_TIM_TriggerCallback)
    i.HAL_UART1_RxCpltCallback               0x080045dc   Section        0  usart_printf.o(i.HAL_UART1_RxCpltCallback)
    i.HAL_UART6_RxCpltCallback               0x08004604   Section        0  usart_printf.o(i.HAL_UART6_RxCpltCallback)
    i.HAL_UART_ErrorCallback                 0x080047c8   Section        0  usart_printf.o(i.HAL_UART_ErrorCallback)
    i.HAL_UART_IRQHandler                    0x08004800   Section        0  stm32f4xx_hal_uart.o(i.HAL_UART_IRQHandler)
    i.HAL_UART_Init                          0x08004954   Section        0  stm32f4xx_hal_uart.o(i.HAL_UART_Init)
    i.HAL_UART_MspInit                       0x08004ab0   Section        0  usart.o(i.HAL_UART_MspInit)
    i.HAL_UART_Receive_IT                    0x08004c8c   Section        0  stm32f4xx_hal_uart.o(i.HAL_UART_Receive_IT)
    i.HAL_UART_RxCpltCallback                0x08004cfc   Section        0  usart_printf.o(i.HAL_UART_RxCpltCallback)
    i.HAL_UART_Transmit                      0x08004d24   Section        0  stm32f4xx_hal_uart.o(i.HAL_UART_Transmit)
    i.HAL_UART_TxCpltCallback                0x08004dfc   Section        0  stm32f4xx_hal_uart.o(i.HAL_UART_TxCpltCallback)
    i.HardFault_Handler                      0x08004dfe   Section        0  stm32f4xx_it.o(i.HardFault_Handler)
    i.Hardware_Init                          0x08004e14   Section        0  main.o(i.Hardware_Init)
    i.IsCompleteHardwareInit                 0x080051b0   Section        0  main.o(i.IsCompleteHardwareInit)
    i.KalmanFilter_Calculate                 0x080051cc   Section        0  digtalsignal_process.o(i.KalmanFilter_Calculate)
    i.KalmanFilter_Init                      0x08005240   Section        0  digtalsignal_process.o(i.KalmanFilter_Init)
    i.MX_ADC1_Init                           0x0800527c   Section        0  adc.o(i.MX_ADC1_Init)
    i.MX_DMA_Init                            0x08005348   Section        0  dma.o(i.MX_DMA_Init)
    i.MX_GPIO_Init                           0x08005380   Section        0  gpio.o(i.MX_GPIO_Init)
    i.MX_TIM2_Init                           0x08005478   Section        0  tim.o(i.MX_TIM2_Init)
    i.MX_TIM3_Init                           0x080054e4   Section        0  tim.o(i.MX_TIM3_Init)
    i.MX_TIM4_Init                           0x08005550   Section        0  tim.o(i.MX_TIM4_Init)
    i.MX_USART1_UART_Init                    0x080055c0   Section        0  usart.o(i.MX_USART1_UART_Init)
    i.MX_USART2_UART_Init                    0x080055f8   Section        0  usart.o(i.MX_USART2_UART_Init)
    i.MX_USART6_UART_Init                    0x08005630   Section        0  usart.o(i.MX_USART6_UART_Init)
    i.Mean_Filter_Rest_F                     0x08005668   Section        0  digtalsignal_process.o(i.Mean_Filter_Rest_F)
    i.Mean_Filter_Rest_U16                   0x08005694   Section        0  digtalsignal_process.o(i.Mean_Filter_Rest_U16)
    i.MemManage_Handler                      0x080056ac   Section        0  stm32f4xx_it.o(i.MemManage_Handler)
    i.NMI_Handler                            0x080056b0   Section        0  stm32f4xx_it.o(i.NMI_Handler)
    i.PendSV_Handler                         0x080056b4   Section        0  stm32f4xx_it.o(i.PendSV_Handler)
    i.SVC_Handler                            0x080056b6   Section        0  stm32f4xx_it.o(i.SVC_Handler)
    i.Send_Command                           0x080056b8   Section        0  usart_gyroscope .o(i.Send_Command)
    i.ServoMotor_Control_Init                0x080056e8   Section        0  servomotor_control.o(i.ServoMotor_Control_Init)
    i.ServoMotor_Move_Immediately            0x08005734   Section        0  servomotor_control.o(i.ServoMotor_Move_Immediately)
    i.SysTick_Handler                        0x0800579a   Section        0  stm32f4xx_it.o(i.SysTick_Handler)
    i.SystemClock_Config                     0x080057a4   Section        0  main.o(i.SystemClock_Config)
    i.SystemInit                             0x0800585c   Section        0  system_stm32f4xx.o(i.SystemInit)
    i.TIM2_IRQHandler                        0x08005878   Section        0  stm32f4xx_it.o(i.TIM2_IRQHandler)
    i.TIM3_IRQHandler                        0x08005888   Section        0  stm32f4xx_it.o(i.TIM3_IRQHandler)
    i.TIM4_IRQHandler                        0x08005898   Section        0  stm32f4xx_it.o(i.TIM4_IRQHandler)
    i.TIM_Base_SetConfig                     0x080058a8   Section        0  stm32f4xx_hal_tim.o(i.TIM_Base_SetConfig)
    i.TIM_ETR_SetConfig                      0x0800594c   Section        0  stm32f4xx_hal_tim.o(i.TIM_ETR_SetConfig)
    i.TIM_ITRx_SetConfig                     0x08005962   Section        0  stm32f4xx_hal_tim.o(i.TIM_ITRx_SetConfig)
    TIM_ITRx_SetConfig                       0x08005963   Thumb Code    18  stm32f4xx_hal_tim.o(i.TIM_ITRx_SetConfig)
    i.TIM_TI1_ConfigInputStage               0x08005974   Section        0  stm32f4xx_hal_tim.o(i.TIM_TI1_ConfigInputStage)
    TIM_TI1_ConfigInputStage                 0x08005975   Thumb Code    38  stm32f4xx_hal_tim.o(i.TIM_TI1_ConfigInputStage)
    i.TIM_TI2_ConfigInputStage               0x0800599a   Section        0  stm32f4xx_hal_tim.o(i.TIM_TI2_ConfigInputStage)
    TIM_TI2_ConfigInputStage                 0x0800599b   Thumb Code    40  stm32f4xx_hal_tim.o(i.TIM_TI2_ConfigInputStage)
    i.UART6_Reset                            0x080059c4   Section        0  usart_printf.o(i.UART6_Reset)
    i.UART_DMAAbortOnError                   0x08005a08   Section        0  stm32f4xx_hal_uart.o(i.UART_DMAAbortOnError)
    UART_DMAAbortOnError                     0x08005a09   Thumb Code    20  stm32f4xx_hal_uart.o(i.UART_DMAAbortOnError)
    i.UART_EndRxTransfer                     0x08005a1c   Section        0  stm32f4xx_hal_uart.o(i.UART_EndRxTransfer)
    UART_EndRxTransfer                       0x08005a1d   Thumb Code    32  stm32f4xx_hal_uart.o(i.UART_EndRxTransfer)
    i.UART_EndTransmit_IT                    0x08005a3c   Section        0  stm32f4xx_hal_uart.o(i.UART_EndTransmit_IT)
    UART_EndTransmit_IT                      0x08005a3d   Thumb Code    32  stm32f4xx_hal_uart.o(i.UART_EndTransmit_IT)
    i.UART_Receive_IT                        0x08005a5c   Section        0  stm32f4xx_hal_uart.o(i.UART_Receive_IT)
    UART_Receive_IT                          0x08005a5d   Thumb Code   166  stm32f4xx_hal_uart.o(i.UART_Receive_IT)
    i.UART_SetConfig                         0x08005b04   Section        0  stm32f4xx_hal_uart.o(i.UART_SetConfig)
    UART_SetConfig                           0x08005b05   Thumb Code  1190  stm32f4xx_hal_uart.o(i.UART_SetConfig)
    i.UART_Transmit_IT                       0x08005faa   Section        0  stm32f4xx_hal_uart.o(i.UART_Transmit_IT)
    UART_Transmit_IT                         0x08005fab   Thumb Code   104  stm32f4xx_hal_uart.o(i.UART_Transmit_IT)
    i.UART_WaitOnFlagUntilTimeout            0x08006012   Section        0  stm32f4xx_hal_uart.o(i.UART_WaitOnFlagUntilTimeout)
    UART_WaitOnFlagUntilTimeout              0x08006013   Thumb Code   108  stm32f4xx_hal_uart.o(i.UART_WaitOnFlagUntilTimeout)
    i.USART1_IRQHandler                      0x08006080   Section        0  stm32f4xx_it.o(i.USART1_IRQHandler)
    i.USART1_Start_IT                        0x08006090   Section        0  usart_printf.o(i.USART1_Start_IT)
    i.USART2_IRQHandler                      0x080060b4   Section        0  stm32f4xx_it.o(i.USART2_IRQHandler)
    i.USART2_Start_IT                        0x080060c4   Section        0  usart_printf.o(i.USART2_Start_IT)
    i.USART6_IRQHandler                      0x080060e8   Section        0  stm32f4xx_it.o(i.USART6_IRQHandler)
    i.USART6_SendBuf                         0x080060f8   Section        0  usart_printf.o(i.USART6_SendBuf)
    i.USART6_Start_IT                        0x0800611c   Section        0  usart_printf.o(i.USART6_Start_IT)
    i.USART_Gyroscope_MeanFilter_Test        0x08006140   Section        0  main.o(i.USART_Gyroscope_MeanFilter_Test)
    i.UsageFault_Handler                     0x08006178   Section        0  stm32f4xx_it.o(i.UsageFault_Handler)
    i.__0printf$3                            0x0800617c   Section        0  printf3.o(i.__0printf$3)
    i.__NVIC_GetPriorityGrouping             0x0800619c   Section        0  stm32f4xx_hal_cortex.o(i.__NVIC_GetPriorityGrouping)
    __NVIC_GetPriorityGrouping               0x0800619d   Thumb Code    10  stm32f4xx_hal_cortex.o(i.__NVIC_GetPriorityGrouping)
    i.__NVIC_SetPriority                     0x080061ac   Section        0  stm32f4xx_hal_cortex.o(i.__NVIC_SetPriority)
    __NVIC_SetPriority                       0x080061ad   Thumb Code    32  stm32f4xx_hal_cortex.o(i.__NVIC_SetPriority)
    i.__scatterload_copy                     0x080061d4   Section       14  handlers.o(i.__scatterload_copy)
    i.__scatterload_null                     0x080061e2   Section        2  handlers.o(i.__scatterload_null)
    i.__scatterload_zeroinit                 0x080061e4   Section       14  handlers.o(i.__scatterload_zeroinit)
    i._printf_core                           0x080061f4   Section        0  printf3.o(i._printf_core)
    _printf_core                             0x080061f5   Thumb Code   436  printf3.o(i._printf_core)
    i.assert_failed                          0x080063ac   Section        0  main.o(i.assert_failed)
    i.fputc                                  0x080063f0   Section        0  usart_printf.o(i.fputc)
    i.main                                   0x08006414   Section        0  main.o(i.main)
    .constdata                               0x080064f4   Section        8  stm32f4xx_hal_dma.o(.constdata)
    flagBitshiftOffset                       0x080064f4   Data           8  stm32f4xx_hal_dma.o(.constdata)
    .constdata                               0x080064fc   Section       15  usart_gyroscope .o(.constdata)
    .constdata                               0x0800650b   Section       24  system_stm32f4xx.o(.constdata)
    .data                                    0x20000000   Section       92  main.o(.data)
    ret                                      0x20000000   Data           1  main.o(.data)
    HardwareComplete_Flag                    0x20000001   Data           1  main.o(.data)
    Sensor1_V_Data                           0x20000002   Data           2  main.o(.data)
    Sensor2_V_Data                           0x20000004   Data           2  main.o(.data)
    Sensor3_V_Data                           0x20000006   Data           2  main.o(.data)
    Sensor4_V_Data                           0x20000008   Data           2  main.o(.data)
    Vref                                     0x2000000a   Data           2  main.o(.data)
    sample_count                             0x2000000c   Data           4  main.o(.data)
    Sensor1_V_Data_F                         0x20000010   Data           4  main.o(.data)
    Sensor2_V_Data_F                         0x20000014   Data           4  main.o(.data)
    Sensor3_V_Data_F                         0x20000018   Data           4  main.o(.data)
    Sensor4_V_Data_F                         0x2000001c   Data           4  main.o(.data)
    Vref_F                                   0x20000020   Data           4  main.o(.data)
    Angle                                    0x20000024   Data           4  main.o(.data)
    angle_x                                  0x20000028   Data           4  main.o(.data)
    angle_y                                  0x2000002c   Data           4  main.o(.data)
    angle_z                                  0x20000030   Data           4  main.o(.data)
    acc_x                                    0x20000034   Data           4  main.o(.data)
    acc_y                                    0x20000038   Data           4  main.o(.data)
    acc_z                                    0x2000003c   Data           4  main.o(.data)
    gyro_x                                   0x20000040   Data           4  main.o(.data)
    gyro_y                                   0x20000044   Data           4  main.o(.data)
    gyro_z                                   0x20000048   Data           4  main.o(.data)
    temp_id                                  0x2000004c   Data           1  main.o(.data)
    angle                                    0x20000050   Data           4  main.o(.data)
    position                                 0x20000054   Data           2  main.o(.data)
    wait_time                                0x20000058   Data           4  main.o(.data)
    .data                                    0x2000005c   Section        9  stm32f4xx_hal.o(.data)
    .data                                    0x20000066   Section       11  adc_operation.o(.data)
    uhADCChannel_1_ToDAC_mVolt               0x20000066   Data           2  adc_operation.o(.data)
    uhADCChannel_3_ToDAC_mVolt               0x20000068   Data           2  adc_operation.o(.data)
    uhADCChannel_5_ToDAC_mVolt               0x2000006a   Data           2  adc_operation.o(.data)
    uhADCChannel_6_ToDAC_mVolt               0x2000006c   Data           2  adc_operation.o(.data)
    uhADCChannel_Vref_ToDAC_mVolt            0x2000006e   Data           2  adc_operation.o(.data)
    .data                                    0x20000074   Section       20  usart_printf.o(.data)
    isUartRxCompleted                        0x20000074   Data           1  usart_printf.o(.data)
    USART6_Rx_Data                           0x20000075   Data           1  usart_printf.o(.data)
    isGotFrameHeader                         0x20000076   Data           1  usart_printf.o(.data)
    frameHeaderCount                         0x20000077   Data           1  usart_printf.o(.data)
    dataLength                               0x20000078   Data           1  usart_printf.o(.data)
    dataCount                                0x20000079   Data           1  usart_printf.o(.data)
    command_parameter_count                  0x2000007a   Data           1  usart_printf.o(.data)
    Res                                      0x2000007b   Data           1  usart_printf.o(.data)
    USART1_Rx_Data                           0x2000007c   Data           1  usart_printf.o(.data)
    Gyroscope_Ret                            0x2000007d   Data           1  usart_printf.o(.data)
    USART2_Rx_Data                           0x2000007e   Data           1  usart_printf.o(.data)
    .data                                    0x20000088   Section       65  usart_gyroscope .o(.data)
    ucRxCnt                                  0x20000088   Data           1  usart_gyroscope .o(.data)
    S_Acc                                    0x2000008a   Data           8  usart_gyroscope .o(.data)
    S_AngleAcc                               0x20000092   Data           8  usart_gyroscope .o(.data)
    S_Angle                                  0x2000009a   Data           8  usart_gyroscope .o(.data)
    angle_x                                  0x200000a4   Data           4  usart_gyroscope .o(.data)
    angle_y                                  0x200000a8   Data           4  usart_gyroscope .o(.data)
    angle_z                                  0x200000ac   Data           4  usart_gyroscope .o(.data)
    acc_x                                    0x200000b0   Data           4  usart_gyroscope .o(.data)
    acc_y                                    0x200000b4   Data           4  usart_gyroscope .o(.data)
    acc_z                                    0x200000b8   Data           4  usart_gyroscope .o(.data)
    gyro_x                                   0x200000bc   Data           4  usart_gyroscope .o(.data)
    gyro_y                                   0x200000c0   Data           4  usart_gyroscope .o(.data)
    gyro_z                                   0x200000c4   Data           4  usart_gyroscope .o(.data)
    tx_buff                                  0x200000c8   Data           1  usart_gyroscope .o(.data)
    .data                                    0x200000ca   Section       32  adc_function.o(.data)
    Sensor_No1_DataBuf                       0x200000ca   Data           6  adc_function.o(.data)
    Sensor_No2_DataBuf                       0x200000d0   Data           6  adc_function.o(.data)
    Sensor_No3_DataBuf                       0x200000d6   Data           6  adc_function.o(.data)
    Sensor_No4_DataBuf                       0x200000dc   Data           6  adc_function.o(.data)
    Sensor_Vref_DataBuf                      0x200000e2   Data           6  adc_function.o(.data)
    DataBuf_Index                            0x200000e8   Data           1  adc_function.o(.data)
    KalmanFilterInitFlag                     0x200000e9   Data           1  adc_function.o(.data)
    .data                                    0x200000ea   Section        1  gyroscopedata_process.o(.data)
    DataBuf_Index                            0x200000ea   Data           1  gyroscopedata_process.o(.data)
    .data                                    0x200000ec   Section        4  system_stm32f4xx.o(.data)
    .bss                                     0x200000f0   Section      168  adc.o(.bss)
    .bss                                     0x20000198   Section      192  tim.o(.bss)
    .bss                                     0x20000258   Section      192  usart.o(.bss)
    .bss                                     0x20000318   Section       10  adc_operation.o(.bss)
    aADCxConvertedValues                     0x20000318   Data          10  adc_operation.o(.bss)
    .bss                                     0x20000322   Section       18  servomotor_control.o(.bss)
    .bss                                     0x20000334   Section      250  usart_gyroscope .o(.bss)
    ucRxBuffer                               0x20000334   Data         250  usart_gyroscope .o(.bss)
    .bss                                     0x20000430   Section      120  adc_function.o(.bss)
    KalmanFilterStruct_Sensor_No1            0x20000430   Data          24  adc_function.o(.bss)
    KalmanFilterStruct_Sensor_No2            0x20000448   Data          24  adc_function.o(.bss)
    KalmanFilterStruct_Sensor_No3            0x20000460   Data          24  adc_function.o(.bss)
    KalmanFilterStruct_Sensor_No4            0x20000478   Data          24  adc_function.o(.bss)
    KalmanFilterStruct_Sensor_Vref           0x20000490   Data          24  adc_function.o(.bss)
    .bss                                     0x200004a8   Section       72  gyroscopedata_process.o(.bss)
    Angle_X_Buff                             0x200004a8   Data          12  gyroscopedata_process.o(.bss)
    Angle_Y_Buff                             0x200004b4   Data          12  gyroscopedata_process.o(.bss)
    Angle_Z_Buff                             0x200004c0   Data          12  gyroscopedata_process.o(.bss)
    Gyro_X_Buff                              0x200004cc   Data          12  gyroscopedata_process.o(.bss)
    Gyro_Y_Buff                              0x200004d8   Data          12  gyroscopedata_process.o(.bss)
    Gyro_Z_Buff                              0x200004e4   Data          12  gyroscopedata_process.o(.bss)
    STACK                                    0x200004f0   Section     2048  startup_stm32f411xe.o(STACK)

    Global Symbols

    Symbol Name                              Value     Ov Type        Size  Object(Section)

    BuildAttributes$$THM_ISAv4$E$P$D$K$B$S$7EM$VFPi3$EXTD16$VFPS$VFMA$PE$A:L22UL41UL21$X:L11$S22US41US21$IEEE1$IW$USESV6$~STKCKD$USESV7$~SHL$OTIME$ROPI$IEEEJ$EBA8$MICROLIB$REQ8$PRES8$EABIv2 0x00000000   Number         0  anon$$obj.o ABSOLUTE
    __ARM_use_no_argv                        0x00000000   Number         0  main.o ABSOLUTE
    _printf_a                                0x00000000   Number         0  stubs.o ABSOLUTE
    _printf_c                                0x00000000   Number         0  stubs.o ABSOLUTE
    _printf_charcount                        0x00000000   Number         0  stubs.o ABSOLUTE
    _printf_d                                0x00000000   Number         0  stubs.o ABSOLUTE
    _printf_e                                0x00000000   Number         0  stubs.o ABSOLUTE
    _printf_f                                0x00000000   Number         0  stubs.o ABSOLUTE
    _printf_flags                            0x00000000   Number         0  stubs.o ABSOLUTE
    _printf_fp_dec                           0x00000000   Number         0  stubs.o ABSOLUTE
    _printf_fp_hex                           0x00000000   Number         0  stubs.o ABSOLUTE
    _printf_g                                0x00000000   Number         0  stubs.o ABSOLUTE
    _printf_i                                0x00000000   Number         0  stubs.o ABSOLUTE
    _printf_int_dec                          0x00000000   Number         0  stubs.o ABSOLUTE
    _printf_l                                0x00000000   Number         0  stubs.o ABSOLUTE
    _printf_lc                               0x00000000   Number         0  stubs.o ABSOLUTE
    _printf_ll                               0x00000000   Number         0  stubs.o ABSOLUTE
    _printf_lld                              0x00000000   Number         0  stubs.o ABSOLUTE
    _printf_lli                              0x00000000   Number         0  stubs.o ABSOLUTE
    _printf_llo                              0x00000000   Number         0  stubs.o ABSOLUTE
    _printf_llu                              0x00000000   Number         0  stubs.o ABSOLUTE
    _printf_llx                              0x00000000   Number         0  stubs.o ABSOLUTE
    _printf_longlong_dec                     0x00000000   Number         0  stubs.o ABSOLUTE
    _printf_longlong_hex                     0x00000000   Number         0  stubs.o ABSOLUTE
    _printf_longlong_oct                     0x00000000   Number         0  stubs.o ABSOLUTE
    _printf_ls                               0x00000000   Number         0  stubs.o ABSOLUTE
    _printf_mbtowc                           0x00000000   Number         0  stubs.o ABSOLUTE
    _printf_n                                0x00000000   Number         0  stubs.o ABSOLUTE
    _printf_o                                0x00000000   Number         0  stubs.o ABSOLUTE
    _printf_p                                0x00000000   Number         0  stubs.o ABSOLUTE
    _printf_percent                          0x00000000   Number         0  stubs.o ABSOLUTE
    _printf_pre_padding                      0x00000000   Number         0  stubs.o ABSOLUTE
    _printf_return_value                     0x00000000   Number         0  stubs.o ABSOLUTE
    _printf_s                                0x00000000   Number         0  stubs.o ABSOLUTE
    _printf_sizespec                         0x00000000   Number         0  stubs.o ABSOLUTE
    _printf_str                              0x00000000   Number         0  stubs.o ABSOLUTE
    _printf_truncate_signed                  0x00000000   Number         0  stubs.o ABSOLUTE
    _printf_truncate_unsigned                0x00000000   Number         0  stubs.o ABSOLUTE
    _printf_u                                0x00000000   Number         0  stubs.o ABSOLUTE
    _printf_wc                               0x00000000   Number         0  stubs.o ABSOLUTE
    _printf_wctomb                           0x00000000   Number         0  stubs.o ABSOLUTE
    _printf_widthprec                        0x00000000   Number         0  stubs.o ABSOLUTE
    _printf_x                                0x00000000   Number         0  stubs.o ABSOLUTE
    __arm_fini_                               - Undefined Weak Reference
    __cpp_initialize__aeabi_                  - Undefined Weak Reference
    __cxa_finalize                            - Undefined Weak Reference
    __decompress                              - Undefined Weak Reference
    _clock_init                               - Undefined Weak Reference
    _microlib_exit                            - Undefined Weak Reference
    __Vectors_Size                           0x00000198   Number         0  startup_stm32f411xe.o ABSOLUTE
    __Vectors                                0x08000000   Data           4  startup_stm32f411xe.o(RESET)
    __Vectors_End                            0x08000198   Data           0  startup_stm32f411xe.o(RESET)
    __main                                   0x08000199   Thumb Code     0  entry.o(.ARM.Collect$$$$00000000)
    _main_stk                                0x08000199   Thumb Code     0  entry2.o(.ARM.Collect$$$$00000001)
    _main_scatterload                        0x0800019d   Thumb Code     0  entry5.o(.ARM.Collect$$$$00000004)
    __main_after_scatterload                 0x080001a1   Thumb Code     0  entry5.o(.ARM.Collect$$$$00000004)
    _main_clock                              0x080001a1   Thumb Code     0  entry7b.o(.ARM.Collect$$$$00000008)
    _main_cpp_init                           0x080001a1   Thumb Code     0  entry8b.o(.ARM.Collect$$$$0000000A)
    _main_init                               0x080001a1   Thumb Code     0  entry9a.o(.ARM.Collect$$$$0000000B)
    __rt_lib_shutdown_fini                   0x080001a9   Thumb Code     0  entry12b.o(.ARM.Collect$$$$0000000E)
    __rt_final_cpp                           0x080001ad   Thumb Code     0  entry10a.o(.ARM.Collect$$$$0000000F)
    __rt_final_exit                          0x080001ad   Thumb Code     0  entry11a.o(.ARM.Collect$$$$00000011)
    Reset_Handler                            0x080001b1   Thumb Code     8  startup_stm32f411xe.o(.text)
    DMA1_Stream0_IRQHandler                  0x080001cb   Thumb Code     0  startup_stm32f411xe.o(.text)
    DMA1_Stream1_IRQHandler                  0x080001cb   Thumb Code     0  startup_stm32f411xe.o(.text)
    DMA1_Stream2_IRQHandler                  0x080001cb   Thumb Code     0  startup_stm32f411xe.o(.text)
    DMA1_Stream3_IRQHandler                  0x080001cb   Thumb Code     0  startup_stm32f411xe.o(.text)
    DMA1_Stream4_IRQHandler                  0x080001cb   Thumb Code     0  startup_stm32f411xe.o(.text)
    DMA1_Stream5_IRQHandler                  0x080001cb   Thumb Code     0  startup_stm32f411xe.o(.text)
    DMA1_Stream6_IRQHandler                  0x080001cb   Thumb Code     0  startup_stm32f411xe.o(.text)
    DMA1_Stream7_IRQHandler                  0x080001cb   Thumb Code     0  startup_stm32f411xe.o(.text)
    DMA2_Stream1_IRQHandler                  0x080001cb   Thumb Code     0  startup_stm32f411xe.o(.text)
    DMA2_Stream2_IRQHandler                  0x080001cb   Thumb Code     0  startup_stm32f411xe.o(.text)
    DMA2_Stream3_IRQHandler                  0x080001cb   Thumb Code     0  startup_stm32f411xe.o(.text)
    DMA2_Stream4_IRQHandler                  0x080001cb   Thumb Code     0  startup_stm32f411xe.o(.text)
    DMA2_Stream5_IRQHandler                  0x080001cb   Thumb Code     0  startup_stm32f411xe.o(.text)
    DMA2_Stream6_IRQHandler                  0x080001cb   Thumb Code     0  startup_stm32f411xe.o(.text)
    DMA2_Stream7_IRQHandler                  0x080001cb   Thumb Code     0  startup_stm32f411xe.o(.text)
    EXTI0_IRQHandler                         0x080001cb   Thumb Code     0  startup_stm32f411xe.o(.text)
    EXTI15_10_IRQHandler                     0x080001cb   Thumb Code     0  startup_stm32f411xe.o(.text)
    EXTI1_IRQHandler                         0x080001cb   Thumb Code     0  startup_stm32f411xe.o(.text)
    EXTI2_IRQHandler                         0x080001cb   Thumb Code     0  startup_stm32f411xe.o(.text)
    EXTI3_IRQHandler                         0x080001cb   Thumb Code     0  startup_stm32f411xe.o(.text)
    EXTI4_IRQHandler                         0x080001cb   Thumb Code     0  startup_stm32f411xe.o(.text)
    EXTI9_5_IRQHandler                       0x080001cb   Thumb Code     0  startup_stm32f411xe.o(.text)
    FLASH_IRQHandler                         0x080001cb   Thumb Code     0  startup_stm32f411xe.o(.text)
    FPU_IRQHandler                           0x080001cb   Thumb Code     0  startup_stm32f411xe.o(.text)
    I2C1_ER_IRQHandler                       0x080001cb   Thumb Code     0  startup_stm32f411xe.o(.text)
    I2C1_EV_IRQHandler                       0x080001cb   Thumb Code     0  startup_stm32f411xe.o(.text)
    I2C2_ER_IRQHandler                       0x080001cb   Thumb Code     0  startup_stm32f411xe.o(.text)
    I2C2_EV_IRQHandler                       0x080001cb   Thumb Code     0  startup_stm32f411xe.o(.text)
    I2C3_ER_IRQHandler                       0x080001cb   Thumb Code     0  startup_stm32f411xe.o(.text)
    I2C3_EV_IRQHandler                       0x080001cb   Thumb Code     0  startup_stm32f411xe.o(.text)
    OTG_FS_IRQHandler                        0x080001cb   Thumb Code     0  startup_stm32f411xe.o(.text)
    OTG_FS_WKUP_IRQHandler                   0x080001cb   Thumb Code     0  startup_stm32f411xe.o(.text)
    PVD_IRQHandler                           0x080001cb   Thumb Code     0  startup_stm32f411xe.o(.text)
    RCC_IRQHandler                           0x080001cb   Thumb Code     0  startup_stm32f411xe.o(.text)
    RTC_Alarm_IRQHandler                     0x080001cb   Thumb Code     0  startup_stm32f411xe.o(.text)
    RTC_WKUP_IRQHandler                      0x080001cb   Thumb Code     0  startup_stm32f411xe.o(.text)
    SDIO_IRQHandler                          0x080001cb   Thumb Code     0  startup_stm32f411xe.o(.text)
    SPI1_IRQHandler                          0x080001cb   Thumb Code     0  startup_stm32f411xe.o(.text)
    SPI2_IRQHandler                          0x080001cb   Thumb Code     0  startup_stm32f411xe.o(.text)
    SPI3_IRQHandler                          0x080001cb   Thumb Code     0  startup_stm32f411xe.o(.text)
    SPI4_IRQHandler                          0x080001cb   Thumb Code     0  startup_stm32f411xe.o(.text)
    SPI5_IRQHandler                          0x080001cb   Thumb Code     0  startup_stm32f411xe.o(.text)
    TAMP_STAMP_IRQHandler                    0x080001cb   Thumb Code     0  startup_stm32f411xe.o(.text)
    TIM1_BRK_TIM9_IRQHandler                 0x080001cb   Thumb Code     0  startup_stm32f411xe.o(.text)
    TIM1_CC_IRQHandler                       0x080001cb   Thumb Code     0  startup_stm32f411xe.o(.text)
    TIM1_TRG_COM_TIM11_IRQHandler            0x080001cb   Thumb Code     0  startup_stm32f411xe.o(.text)
    TIM1_UP_TIM10_IRQHandler                 0x080001cb   Thumb Code     0  startup_stm32f411xe.o(.text)
    TIM5_IRQHandler                          0x080001cb   Thumb Code     0  startup_stm32f411xe.o(.text)
    WWDG_IRQHandler                          0x080001cb   Thumb Code     0  startup_stm32f411xe.o(.text)
    __aeabi_uldivmod                         0x080001d5   Thumb Code    98  uldiv.o(.text)
    __aeabi_memset                           0x08000237   Thumb Code    14  memseta.o(.text)
    __aeabi_memset4                          0x08000237   Thumb Code     0  memseta.o(.text)
    __aeabi_memset8                          0x08000237   Thumb Code     0  memseta.o(.text)
    __aeabi_memclr                           0x08000245   Thumb Code     4  memseta.o(.text)
    __aeabi_memclr4                          0x08000245   Thumb Code     0  memseta.o(.text)
    __aeabi_memclr8                          0x08000245   Thumb Code     0  memseta.o(.text)
    _memset$wrapper                          0x08000249   Thumb Code    18  memseta.o(.text)
    __aeabi_dadd                             0x0800025b   Thumb Code   322  dadd.o(.text)
    __aeabi_dsub                             0x0800039d   Thumb Code     6  dadd.o(.text)
    __aeabi_drsub                            0x080003a3   Thumb Code     6  dadd.o(.text)
    __aeabi_ui2d                             0x080003a9   Thumb Code    26  dfltui.o(.text)
    __aeabi_f2d                              0x080003c3   Thumb Code    38  f2d.o(.text)
    __aeabi_cdrcmple                         0x080003e9   Thumb Code    48  cdrcmple.o(.text)
    __aeabi_uidiv                            0x08000419   Thumb Code     0  uidiv.o(.text)
    __aeabi_uidivmod                         0x08000419   Thumb Code    44  uidiv.o(.text)
    __aeabi_llsl                             0x08000445   Thumb Code    30  llshl.o(.text)
    _ll_shift_l                              0x08000445   Thumb Code     0  llshl.o(.text)
    __aeabi_llsr                             0x08000463   Thumb Code    32  llushr.o(.text)
    _ll_ushift_r                             0x08000463   Thumb Code     0  llushr.o(.text)
    __aeabi_lasr                             0x08000483   Thumb Code    36  llsshr.o(.text)
    _ll_sshift_r                             0x08000483   Thumb Code     0  llsshr.o(.text)
    __I$use$fp                               0x080004a7   Thumb Code     0  iusefp.o(.text)
    _double_round                            0x080004a7   Thumb Code    30  depilogue.o(.text)
    _double_epilogue                         0x080004c5   Thumb Code   156  depilogue.o(.text)
    __scatterload                            0x08000561   Thumb Code    28  init.o(.text)
    __scatterload_rt2                        0x08000561   Thumb Code     0  init.o(.text)
    ADC_Get_Data                             0x0800062d   Thumb Code   170  adc_operation.o(i.ADC_Get_Data)
    ADC_Get_SensorData_1                     0x080006fd   Thumb Code    12  adc_operation.o(i.ADC_Get_SensorData_1)
    ADC_Get_SensorData_2                     0x0800070d   Thumb Code    12  adc_operation.o(i.ADC_Get_SensorData_2)
    ADC_Get_SensorData_3                     0x0800071d   Thumb Code    12  adc_operation.o(i.ADC_Get_SensorData_3)
    ADC_Get_SensorData_4                     0x0800072d   Thumb Code    12  adc_operation.o(i.ADC_Get_SensorData_4)
    ADC_Get_Vref                             0x0800073d   Thumb Code    12  adc_operation.o(i.ADC_Get_Vref)
    ADC_IRQHandler                           0x0800074d   Thumb Code    10  stm32f4xx_it.o(i.ADC_IRQHandler)
    ADC_KalmanFilter_Value_Test              0x08000911   Thumb Code    34  main.o(i.ADC_KalmanFilter_Value_Test)
    ADC_Operation_Init                       0x0800094d   Thumb Code    54  adc_operation.o(i.ADC_Operation_Init)
    BusFault_Handler                         0x08000995   Thumb Code     4  stm32f4xx_it.o(i.BusFault_Handler)
    CopeSerial2Data                          0x080009e9   Thumb Code   130  usart_gyroscope .o(i.CopeSerial2Data)
    DMA2_Stream0_IRQHandler                  0x08000a81   Thumb Code    10  stm32f4xx_it.o(i.DMA2_Stream0_IRQHandler)
    Data_Mean_Filter_F                       0x08000b9d   Thumb Code    78  digtalsignal_process.o(i.Data_Mean_Filter_F)
    Data_Mean_Filter_U16                     0x08000bf1   Thumb Code    50  digtalsignal_process.o(i.Data_Mean_Filter_U16)
    DebugMon_Handler                         0x08000c23   Thumb Code     2  stm32f4xx_it.o(i.DebugMon_Handler)
    Error_Handler                            0x08000c25   Thumb Code    50  main.o(i.Error_Handler)
    Get_ADC_KalmanFilter_Value               0x08000c5d   Thumb Code  1488  adc_function.o(i.Get_ADC_KalmanFilter_Value)
    Get_ADC_MeanFilter_Value                 0x08001235   Thumb Code   290  adc_function.o(i.Get_ADC_MeanFilter_Value)
    Get_MotionData_MeanFilter_Value          0x08001395   Thumb Code   388  gyroscopedata_process.o(i.Get_MotionData_MeanFilter_Value)
    Get_Xaxis_Angle                          0x08001535   Thumb Code    42  usart_gyroscope .o(i.Get_Xaxis_Angle)
    Get_Xaxis_Angle_Acc                      0x08001571   Thumb Code    42  usart_gyroscope .o(i.Get_Xaxis_Angle_Acc)
    Get_Yaxis_Angle                          0x080015ad   Thumb Code    42  usart_gyroscope .o(i.Get_Yaxis_Angle)
    Get_Yaxis_Angle_Acc                      0x080015e9   Thumb Code    42  usart_gyroscope .o(i.Get_Yaxis_Angle_Acc)
    Get_Zaxis_Angle                          0x08001625   Thumb Code    42  usart_gyroscope .o(i.Get_Zaxis_Angle)
    Get_Zaxis_Angle_Acc                      0x08001661   Thumb Code    42  usart_gyroscope .o(i.Get_Zaxis_Angle_Acc)
    Gyroscope_Calibration                    0x0800169d   Thumb Code    96  usart_gyroscope .o(i.Gyroscope_Calibration)
    HAL_ADCEx_InjectedConvCpltCallback       0x08001739   Thumb Code     2  stm32f4xx_hal_adc_ex.o(i.HAL_ADCEx_InjectedConvCpltCallback)
    HAL_ADC_ConfigChannel                    0x0800173d   Thumb Code   500  stm32f4xx_hal_adc.o(i.HAL_ADC_ConfigChannel)
    HAL_ADC_ConvCpltCallback                 0x0800197d   Thumb Code     8  adc_operation.o(i.HAL_ADC_ConvCpltCallback)
    HAL_ADC_ConvHalfCpltCallback             0x08001989   Thumb Code     2  stm32f4xx_hal_adc.o(i.HAL_ADC_ConvHalfCpltCallback)
    HAL_ADC_ErrorCallback                    0x0800198b   Thumb Code     2  stm32f4xx_hal_adc.o(i.HAL_ADC_ErrorCallback)
    HAL_ADC_IRQHandler                       0x0800198d   Thumb Code   444  stm32f4xx_hal_adc.o(i.HAL_ADC_IRQHandler)
    HAL_ADC_Init                             0x08001b81   Thumb Code   556  stm32f4xx_hal_adc.o(i.HAL_ADC_Init)
    HAL_ADC_LevelOutOfWindowCallback         0x08001ded   Thumb Code     2  stm32f4xx_hal_adc.o(i.HAL_ADC_LevelOutOfWindowCallback)
    HAL_ADC_MspInit                          0x08001df1   Thumb Code   194  adc.o(i.HAL_ADC_MspInit)
    HAL_ADC_PollForConversion                0x08001ec9   Thumb Code   194  stm32f4xx_hal_adc.o(i.HAL_ADC_PollForConversion)
    HAL_ADC_Start                            0x08001f8d   Thumb Code   302  stm32f4xx_hal_adc.o(i.HAL_ADC_Start)
    HAL_ADC_Start_DMA                        0x08002105   Thumb Code   366  stm32f4xx_hal_adc.o(i.HAL_ADC_Start_DMA)
    HAL_DMA_Abort_IT                         0x080022c9   Thumb Code    40  stm32f4xx_hal_dma.o(i.HAL_DMA_Abort_IT)
    HAL_DMA_IRQHandler                       0x080022f1   Thumb Code   570  stm32f4xx_hal_dma.o(i.HAL_DMA_IRQHandler)
    HAL_DMA_Init                             0x08002531   Thumb Code   792  stm32f4xx_hal_dma.o(i.HAL_DMA_Init)
    HAL_DMA_Start_IT                         0x0800288d   Thumb Code   166  stm32f4xx_hal_dma.o(i.HAL_DMA_Start_IT)
    HAL_Delay                                0x0800296d   Thumb Code    36  stm32f4xx_hal.o(i.HAL_Delay)
    HAL_GPIO_Init                            0x08002995   Thumb Code   862  stm32f4xx_hal_gpio.o(i.HAL_GPIO_Init)
    HAL_GPIO_TogglePin                       0x08002d6d   Thumb Code    46  stm32f4xx_hal_gpio.o(i.HAL_GPIO_TogglePin)
    HAL_GPIO_WritePin                        0x08002dd9   Thumb Code    60  stm32f4xx_hal_gpio.o(i.HAL_GPIO_WritePin)
    HAL_GetTick                              0x08002e51   Thumb Code     6  stm32f4xx_hal.o(i.HAL_GetTick)
    HAL_IncTick                              0x08002e5d   Thumb Code    16  stm32f4xx_hal.o(i.HAL_IncTick)
    HAL_Init                                 0x08002e75   Thumb Code    54  stm32f4xx_hal.o(i.HAL_Init)
    HAL_InitTick                             0x08002eb1   Thumb Code    64  stm32f4xx_hal.o(i.HAL_InitTick)
    HAL_MspInit                              0x08002efd   Thumb Code    68  stm32f4xx_hal_msp.o(i.HAL_MspInit)
    HAL_NVIC_EnableIRQ                       0x08002f45   Thumb Code    48  stm32f4xx_hal_cortex.o(i.HAL_NVIC_EnableIRQ)
    HAL_NVIC_SetPriority                     0x08002fb1   Thumb Code   152  stm32f4xx_hal_cortex.o(i.HAL_NVIC_SetPriority)
    HAL_NVIC_SetPriorityGrouping             0x08003085   Thumb Code    66  stm32f4xx_hal_cortex.o(i.HAL_NVIC_SetPriorityGrouping)
    HAL_RCC_ClockConfig                      0x0800310d   Thumb Code   628  stm32f4xx_hal_rcc.o(i.HAL_RCC_ClockConfig)
    HAL_RCC_GetHCLKFreq                      0x080033cd   Thumb Code     6  stm32f4xx_hal_rcc.o(i.HAL_RCC_GetHCLKFreq)
    HAL_RCC_GetPCLK1Freq                     0x080033d9   Thumb Code    22  stm32f4xx_hal_rcc.o(i.HAL_RCC_GetPCLK1Freq)
    HAL_RCC_GetPCLK2Freq                     0x080033f9   Thumb Code    22  stm32f4xx_hal_rcc.o(i.HAL_RCC_GetPCLK2Freq)
    HAL_RCC_GetSysClockFreq                  0x08003419   Thumb Code   162  stm32f4xx_hal_rcc.o(i.HAL_RCC_GetSysClockFreq)
    HAL_RCC_OscConfig                        0x080034c9   Thumb Code  1522  stm32f4xx_hal_rcc.o(i.HAL_RCC_OscConfig)
    HAL_SYSTICK_Config                       0x08003ac5   Thumb Code    52  stm32f4xx_hal_cortex.o(i.HAL_SYSTICK_Config)
    HAL_TIMEx_BreakCallback                  0x08003af9   Thumb Code     2  stm32f4xx_hal_tim_ex.o(i.HAL_TIMEx_BreakCallback)
    HAL_TIMEx_CommutCallback                 0x08003afb   Thumb Code     2  stm32f4xx_hal_tim_ex.o(i.HAL_TIMEx_CommutCallback)
    HAL_TIMEx_MasterConfigSynchronization    0x08003afd   Thumb Code   270  stm32f4xx_hal_tim_ex.o(i.HAL_TIMEx_MasterConfigSynchronization)
    HAL_TIM_Base_Init                        0x08003c5d   Thumb Code   222  stm32f4xx_hal_tim.o(i.HAL_TIM_Base_Init)
    HAL_TIM_Base_MspInit                     0x08003d91   Thumb Code   178  tim.o(i.HAL_TIM_Base_MspInit)
    HAL_TIM_Base_Start_IT                    0x08003e51   Thumb Code   120  stm32f4xx_hal_tim.o(i.HAL_TIM_Base_Start_IT)
    HAL_TIM_ConfigClockSource                0x08003f1d   Thumb Code  1238  stm32f4xx_hal_tim.o(i.HAL_TIM_ConfigClockSource)
    HAL_TIM_IC_CaptureCallback               0x080043f3   Thumb Code     2  stm32f4xx_hal_tim.o(i.HAL_TIM_IC_CaptureCallback)
    HAL_TIM_IRQHandler                       0x080043f5   Thumb Code   406  stm32f4xx_hal_tim.o(i.HAL_TIM_IRQHandler)
    HAL_TIM_OC_DelayElapsedCallback          0x0800458b   Thumb Code     2  stm32f4xx_hal_tim.o(i.HAL_TIM_OC_DelayElapsedCallback)
    HAL_TIM_PWM_PulseFinishedCallback        0x0800458d   Thumb Code     2  stm32f4xx_hal_tim.o(i.HAL_TIM_PWM_PulseFinishedCallback)
    HAL_TIM_PeriodElapsedCallback            0x08004591   Thumb Code    60  timx_callback_function.o(i.HAL_TIM_PeriodElapsedCallback)
    HAL_TIM_TriggerCallback                  0x080045d9   Thumb Code     2  stm32f4xx_hal_tim.o(i.HAL_TIM_TriggerCallback)
    HAL_UART1_RxCpltCallback                 0x080045dd   Thumb Code    26  usart_printf.o(i.HAL_UART1_RxCpltCallback)
    HAL_UART6_RxCpltCallback                 0x08004605   Thumb Code   410  usart_printf.o(i.HAL_UART6_RxCpltCallback)
    HAL_UART_ErrorCallback                   0x080047c9   Thumb Code    46  usart_printf.o(i.HAL_UART_ErrorCallback)
    HAL_UART_IRQHandler                      0x08004801   Thumb Code   336  stm32f4xx_hal_uart.o(i.HAL_UART_IRQHandler)
    HAL_UART_Init                            0x08004955   Thumb Code   274  stm32f4xx_hal_uart.o(i.HAL_UART_Init)
    HAL_UART_MspInit                         0x08004ab1   Thumb Code   446  usart.o(i.HAL_UART_MspInit)
    HAL_UART_Receive_IT                      0x08004c8d   Thumb Code   112  stm32f4xx_hal_uart.o(i.HAL_UART_Receive_IT)
    HAL_UART_RxCpltCallback                  0x08004cfd   Thumb Code    30  usart_printf.o(i.HAL_UART_RxCpltCallback)
    HAL_UART_Transmit                        0x08004d25   Thumb Code   216  stm32f4xx_hal_uart.o(i.HAL_UART_Transmit)
    HAL_UART_TxCpltCallback                  0x08004dfd   Thumb Code     2  stm32f4xx_hal_uart.o(i.HAL_UART_TxCpltCallback)
    HardFault_Handler                        0x08004dff   Thumb Code    22  stm32f4xx_it.o(i.HardFault_Handler)
    Hardware_Init                            0x08004e15   Thumb Code   362  main.o(i.Hardware_Init)
    IsCompleteHardwareInit                   0x080051b1   Thumb Code    24  main.o(i.IsCompleteHardwareInit)
    KalmanFilter_Calculate                   0x080051cd   Thumb Code   114  digtalsignal_process.o(i.KalmanFilter_Calculate)
    KalmanFilter_Init                        0x08005241   Thumb Code    50  digtalsignal_process.o(i.KalmanFilter_Init)
    MX_ADC1_Init                             0x0800527d   Thumb Code   192  adc.o(i.MX_ADC1_Init)
    MX_DMA_Init                              0x08005349   Thumb Code    52  dma.o(i.MX_DMA_Init)
    MX_GPIO_Init                             0x08005381   Thumb Code   236  gpio.o(i.MX_GPIO_Init)
    MX_TIM2_Init                             0x08005479   Thumb Code   104  tim.o(i.MX_TIM2_Init)
    MX_TIM3_Init                             0x080054e5   Thumb Code   100  tim.o(i.MX_TIM3_Init)
    MX_TIM4_Init                             0x08005551   Thumb Code   102  tim.o(i.MX_TIM4_Init)
    MX_USART1_UART_Init                      0x080055c1   Thumb Code    46  usart.o(i.MX_USART1_UART_Init)
    MX_USART2_UART_Init                      0x080055f9   Thumb Code    46  usart.o(i.MX_USART2_UART_Init)
    MX_USART6_UART_Init                      0x08005631   Thumb Code    46  usart.o(i.MX_USART6_UART_Init)
    Mean_Filter_Rest_F                       0x08005669   Thumb Code    40  digtalsignal_process.o(i.Mean_Filter_Rest_F)
    Mean_Filter_Rest_U16                     0x08005695   Thumb Code    24  digtalsignal_process.o(i.Mean_Filter_Rest_U16)
    MemManage_Handler                        0x080056ad   Thumb Code     4  stm32f4xx_it.o(i.MemManage_Handler)
    NMI_Handler                              0x080056b1   Thumb Code     4  stm32f4xx_it.o(i.NMI_Handler)
    PendSV_Handler                           0x080056b5   Thumb Code     2  stm32f4xx_it.o(i.PendSV_Handler)
    SVC_Handler                              0x080056b7   Thumb Code     2  stm32f4xx_it.o(i.SVC_Handler)
    Send_Command                             0x080056b9   Thumb Code    40  usart_gyroscope .o(i.Send_Command)
    ServoMotor_Control_Init                  0x080056e9   Thumb Code    70  servomotor_control.o(i.ServoMotor_Control_Init)
    ServoMotor_Move_Immediately              0x08005735   Thumb Code   102  servomotor_control.o(i.ServoMotor_Move_Immediately)
    SysTick_Handler                          0x0800579b   Thumb Code     8  stm32f4xx_it.o(i.SysTick_Handler)
    SystemClock_Config                       0x080057a5   Thumb Code   174  main.o(i.SystemClock_Config)
    SystemInit                               0x0800585d   Thumb Code    24  system_stm32f4xx.o(i.SystemInit)
    TIM2_IRQHandler                          0x08005879   Thumb Code    10  stm32f4xx_it.o(i.TIM2_IRQHandler)
    TIM3_IRQHandler                          0x08005889   Thumb Code    10  stm32f4xx_it.o(i.TIM3_IRQHandler)
    TIM4_IRQHandler                          0x08005899   Thumb Code    10  stm32f4xx_it.o(i.TIM4_IRQHandler)
    TIM_Base_SetConfig                       0x080058a9   Thumb Code   134  stm32f4xx_hal_tim.o(i.TIM_Base_SetConfig)
    TIM_ETR_SetConfig                        0x0800594d   Thumb Code    22  stm32f4xx_hal_tim.o(i.TIM_ETR_SetConfig)
    UART6_Reset                              0x080059c5   Thumb Code    38  usart_printf.o(i.UART6_Reset)
    USART1_IRQHandler                        0x08006081   Thumb Code    10  stm32f4xx_it.o(i.USART1_IRQHandler)
    USART1_Start_IT                          0x08006091   Thumb Code    26  usart_printf.o(i.USART1_Start_IT)
    USART2_IRQHandler                        0x080060b5   Thumb Code    10  stm32f4xx_it.o(i.USART2_IRQHandler)
    USART2_Start_IT                          0x080060c5   Thumb Code    26  usart_printf.o(i.USART2_Start_IT)
    USART6_IRQHandler                        0x080060e9   Thumb Code    10  stm32f4xx_it.o(i.USART6_IRQHandler)
    USART6_SendBuf                           0x080060f9   Thumb Code    32  usart_printf.o(i.USART6_SendBuf)
    USART6_Start_IT                          0x0800611d   Thumb Code    26  usart_printf.o(i.USART6_Start_IT)
    USART_Gyroscope_MeanFilter_Test          0x08006141   Thumb Code    28  main.o(i.USART_Gyroscope_MeanFilter_Test)
    UsageFault_Handler                       0x08006179   Thumb Code     4  stm32f4xx_it.o(i.UsageFault_Handler)
    __0printf$3                              0x0800617d   Thumb Code    22  printf3.o(i.__0printf$3)
    __1printf$3                              0x0800617d   Thumb Code     0  printf3.o(i.__0printf$3)
    __2printf                                0x0800617d   Thumb Code     0  printf3.o(i.__0printf$3)
    __scatterload_copy                       0x080061d5   Thumb Code    14  handlers.o(i.__scatterload_copy)
    __scatterload_null                       0x080061e3   Thumb Code     2  handlers.o(i.__scatterload_null)
    __scatterload_zeroinit                   0x080061e5   Thumb Code    14  handlers.o(i.__scatterload_zeroinit)
    assert_failed                            0x080063ad   Thumb Code    18  main.o(i.assert_failed)
    fputc                                    0x080063f1   Thumb Code    30  usart_printf.o(i.fputc)
    main                                     0x08006415   Thumb Code   106  main.o(i.main)
    YAWCMD                                   0x080064fc   Data           3  usart_gyroscope .o(.constdata)
    ACCCMD                                   0x080064ff   Data           3  usart_gyroscope .o(.constdata)
    SLEEPCMD                                 0x08006502   Data           3  usart_gyroscope .o(.constdata)
    UARTMODECMD                              0x08006505   Data           3  usart_gyroscope .o(.constdata)
    IICMODECMD                               0x08006508   Data           3  usart_gyroscope .o(.constdata)
    AHBPrescTable                            0x0800650b   Data          16  system_stm32f4xx.o(.constdata)
    APBPrescTable                            0x0800651b   Data           8  system_stm32f4xx.o(.constdata)
    Region$$Table$$Base                      0x08006524   Number         0  anon$$obj.o(Region$$Table)
    Region$$Table$$Limit                     0x08006544   Number         0  anon$$obj.o(Region$$Table)
    uwTick                                   0x2000005c   Data           4  stm32f4xx_hal.o(.data)
    uwTickPrio                               0x20000060   Data           4  stm32f4xx_hal.o(.data)
    uwTickFreq                               0x20000064   Data           1  stm32f4xx_hal.o(.data)
    ubSequenceCompleted                      0x20000070   Data           1  adc_operation.o(.data)
    __stdout                                 0x20000080   Data           4  usart_printf.o(.data)
    __stdin                                  0x20000084   Data           4  usart_printf.o(.data)
    SystemCoreClock                          0x200000ec   Data           4  system_stm32f4xx.o(.data)
    hadc1                                    0x200000f0   Data          72  adc.o(.bss)
    hdma_adc1                                0x20000138   Data          96  adc.o(.bss)
    htim2                                    0x20000198   Data          64  tim.o(.bss)
    htim3                                    0x200001d8   Data          64  tim.o(.bss)
    htim4                                    0x20000218   Data          64  tim.o(.bss)
    huart1                                   0x20000258   Data          64  usart.o(.bss)
    huart2                                   0x20000298   Data          64  usart.o(.bss)
    huart6                                   0x200002d8   Data          64  usart.o(.bss)
    RxDataStruct                             0x20000322   Data          18  servomotor_control.o(.bss)
    __initial_sp                             0x20000cf0   Data           0  startup_stm32f411xe.o(STACK)



==============================================================================

Memory Map of the image

  Image Entry point : 0x08000199

  Load Region LR_IROM1 (Base: 0x08000000, Size: 0x00006634, Max: 0x00080000, ABSOLUTE)

    Execution Region ER_IROM1 (Exec base: 0x08000000, Load base: 0x08000000, Size: 0x00006544, Max: 0x00080000, ABSOLUTE)

    Exec Addr    Load Addr    Size         Type   Attr      Idx    E Section Name        Object

    0x08000000   0x08000000   0x00000198   Data   RO            3    RESET               startup_stm32f411xe.o
    0x08000198   0x08000198   0x00000000   Code   RO         4401  * .ARM.Collect$$$$00000000  mc_w.l(entry.o)
    0x08000198   0x08000198   0x00000004   Code   RO         4691    .ARM.Collect$$$$00000001  mc_w.l(entry2.o)
    0x0800019c   0x0800019c   0x00000004   Code   RO         4694    .ARM.Collect$$$$00000004  mc_w.l(entry5.o)
    0x080001a0   0x080001a0   0x00000000   Code   RO         4696    .ARM.Collect$$$$00000008  mc_w.l(entry7b.o)
    0x080001a0   0x080001a0   0x00000000   Code   RO         4698    .ARM.Collect$$$$0000000A  mc_w.l(entry8b.o)
    0x080001a0   0x080001a0   0x00000008   Code   RO         4699    .ARM.Collect$$$$0000000B  mc_w.l(entry9a.o)
    0x080001a8   0x080001a8   0x00000004   Code   RO         4706    .ARM.Collect$$$$0000000E  mc_w.l(entry12b.o)
    0x080001ac   0x080001ac   0x00000000   Code   RO         4701    .ARM.Collect$$$$0000000F  mc_w.l(entry10a.o)
    0x080001ac   0x080001ac   0x00000000   Code   RO         4703    .ARM.Collect$$$$00000011  mc_w.l(entry11a.o)
    0x080001ac   0x080001ac   0x00000004   Code   RO         4692    .ARM.Collect$$$$00002712  mc_w.l(entry2.o)
    0x080001b0   0x080001b0   0x00000024   Code   RO            4    .text               startup_stm32f411xe.o
    0x080001d4   0x080001d4   0x00000062   Code   RO         4404    .text               mc_w.l(uldiv.o)
    0x08000236   0x08000236   0x00000024   Code   RO         4408    .text               mc_w.l(memseta.o)
    0x0800025a   0x0800025a   0x0000014e   Code   RO         4677    .text               mf_w.l(dadd.o)
    0x080003a8   0x080003a8   0x0000001a   Code   RO         4685    .text               mf_w.l(dfltui.o)
    0x080003c2   0x080003c2   0x00000026   Code   RO         4687    .text               mf_w.l(f2d.o)
    0x080003e8   0x080003e8   0x00000030   Code   RO         4689    .text               mf_w.l(cdrcmple.o)
    0x08000418   0x08000418   0x0000002c   Code   RO         4707    .text               mc_w.l(uidiv.o)
    0x08000444   0x08000444   0x0000001e   Code   RO         4709    .text               mc_w.l(llshl.o)
    0x08000462   0x08000462   0x00000020   Code   RO         4711    .text               mc_w.l(llushr.o)
    0x08000482   0x08000482   0x00000024   Code   RO         4713    .text               mc_w.l(llsshr.o)
    0x080004a6   0x080004a6   0x00000000   Code   RO         4722    .text               mc_w.l(iusefp.o)
    0x080004a6   0x080004a6   0x000000ba   Code   RO         4725    .text               mf_w.l(depilogue.o)
    0x08000560   0x08000560   0x00000024   Code   RO         4733    .text               mc_w.l(init.o)
    0x08000584   0x08000584   0x0000007e   Code   RO          671    i.ADC_DMAConvCplt   stm32f4xx_hal_adc.o
    0x08000602   0x08000602   0x0000001a   Code   RO          672    i.ADC_DMAError      stm32f4xx_hal_adc.o
    0x0800061c   0x0800061c   0x0000000e   Code   RO          673    i.ADC_DMAHalfConvCplt  stm32f4xx_hal_adc.o
    0x0800062a   0x0800062a   0x00000002   PAD
    0x0800062c   0x0800062c   0x000000d0   Code   RO         3654    i.ADC_Get_Data      adc_operation.o
    0x080006fc   0x080006fc   0x00000010   Code   RO         3655    i.ADC_Get_SensorData_1  adc_operation.o
    0x0800070c   0x0800070c   0x00000010   Code   RO         3656    i.ADC_Get_SensorData_2  adc_operation.o
    0x0800071c   0x0800071c   0x00000010   Code   RO         3657    i.ADC_Get_SensorData_3  adc_operation.o
    0x0800072c   0x0800072c   0x00000010   Code   RO         3658    i.ADC_Get_SensorData_4  adc_operation.o
    0x0800073c   0x0800073c   0x00000010   Code   RO         3659    i.ADC_Get_Vref      adc_operation.o
    0x0800074c   0x0800074c   0x00000010   Code   RO          494    i.ADC_IRQHandler    stm32f4xx_it.o
    0x0800075c   0x0800075c   0x000001b4   Code   RO          674    i.ADC_Init          stm32f4xx_hal_adc.o
    0x08000910   0x08000910   0x0000003c   Code   RO           13    i.ADC_KalmanFilter_Value_Test  main.o
    0x0800094c   0x0800094c   0x00000048   Code   RO         3660    i.ADC_Operation_Init  adc_operation.o
    0x08000994   0x08000994   0x00000004   Code   RO          495    i.BusFault_Handler  stm32f4xx_it.o
    0x08000998   0x08000998   0x0000001a   Code   RO         3855    i.CmdStruct_To_Array  servomotor_control.o
    0x080009b2   0x080009b2   0x00000034   Code   RO         3856    i.CmdStruct_To_Array_Checksum  servomotor_control.o
    0x080009e6   0x080009e6   0x00000002   PAD
    0x080009e8   0x080009e8   0x00000098   Code   RO         3941    i.CopeSerial2Data   usart_gyroscope .o
    0x08000a80   0x08000a80   0x00000010   Code   RO          496    i.DMA2_Stream0_IRQHandler  stm32f4xx_it.o
    0x08000a90   0x08000a90   0x00000034   Code   RO         1514    i.DMA_CalcBaseAndBitshift  stm32f4xx_hal_dma.o
    0x08000ac4   0x08000ac4   0x000000aa   Code   RO         1515    i.DMA_CheckFifoParam  stm32f4xx_hal_dma.o
    0x08000b6e   0x08000b6e   0x0000002c   Code   RO         1516    i.DMA_SetConfig     stm32f4xx_hal_dma.o
    0x08000b9a   0x08000b9a   0x00000002   PAD
    0x08000b9c   0x08000b9c   0x00000054   Code   RO         4084    i.Data_Mean_Filter_F  digtalsignal_process.o
    0x08000bf0   0x08000bf0   0x00000032   Code   RO         4085    i.Data_Mean_Filter_U16  digtalsignal_process.o
    0x08000c22   0x08000c22   0x00000002   Code   RO          497    i.DebugMon_Handler  stm32f4xx_it.o
    0x08000c24   0x08000c24   0x00000038   Code   RO           16    i.Error_Handler     main.o
    0x08000c5c   0x08000c5c   0x000005d8   Code   RO         4044    i.Get_ADC_KalmanFilter_Value  adc_function.o
    0x08001234   0x08001234   0x0000013c   Code   RO         4045    i.Get_ADC_MeanFilter_Value  adc_function.o
    0x08001370   0x08001370   0x00000022   Code   RO         3857    i.Get_CheckSum      servomotor_control.o
    0x08001392   0x08001392   0x00000002   PAD
    0x08001394   0x08001394   0x000001a0   Code   RO         4211    i.Get_MotionData_MeanFilter_Value  gyroscopedata_process.o
    0x08001534   0x08001534   0x0000003c   Code   RO         3943    i.Get_Xaxis_Angle   usart_gyroscope .o
    0x08001570   0x08001570   0x0000003c   Code   RO         3944    i.Get_Xaxis_Angle_Acc  usart_gyroscope .o
    0x080015ac   0x080015ac   0x0000003c   Code   RO         3946    i.Get_Yaxis_Angle   usart_gyroscope .o
    0x080015e8   0x080015e8   0x0000003c   Code   RO         3947    i.Get_Yaxis_Angle_Acc  usart_gyroscope .o
    0x08001624   0x08001624   0x0000003c   Code   RO         3949    i.Get_Zaxis_Angle   usart_gyroscope .o
    0x08001660   0x08001660   0x0000003c   Code   RO         3950    i.Get_Zaxis_Angle_Acc  usart_gyroscope .o
    0x0800169c   0x0800169c   0x0000009c   Code   RO         3951    i.Gyroscope_Calibration  usart_gyroscope .o
    0x08001738   0x08001738   0x00000002   Code   RO          845    i.HAL_ADCEx_InjectedConvCpltCallback  stm32f4xx_hal_adc_ex.o
    0x0800173a   0x0800173a   0x00000002   PAD
    0x0800173c   0x0800173c   0x00000240   Code   RO          676    i.HAL_ADC_ConfigChannel  stm32f4xx_hal_adc.o
    0x0800197c   0x0800197c   0x0000000c   Code   RO         3661    i.HAL_ADC_ConvCpltCallback  adc_operation.o
    0x08001988   0x08001988   0x00000002   Code   RO          678    i.HAL_ADC_ConvHalfCpltCallback  stm32f4xx_hal_adc.o
    0x0800198a   0x0800198a   0x00000002   Code   RO          680    i.HAL_ADC_ErrorCallback  stm32f4xx_hal_adc.o
    0x0800198c   0x0800198c   0x000001f4   Code   RO          684    i.HAL_ADC_IRQHandler  stm32f4xx_hal_adc.o
    0x08001b80   0x08001b80   0x0000026c   Code   RO          685    i.HAL_ADC_Init      stm32f4xx_hal_adc.o
    0x08001dec   0x08001dec   0x00000002   Code   RO          686    i.HAL_ADC_LevelOutOfWindowCallback  stm32f4xx_hal_adc.o
    0x08001dee   0x08001dee   0x00000002   PAD
    0x08001df0   0x08001df0   0x000000d8   Code   RO          305    i.HAL_ADC_MspInit   adc.o
    0x08001ec8   0x08001ec8   0x000000c2   Code   RO          689    i.HAL_ADC_PollForConversion  stm32f4xx_hal_adc.o
    0x08001f8a   0x08001f8a   0x00000002   PAD
    0x08001f8c   0x08001f8c   0x00000178   Code   RO          691    i.HAL_ADC_Start     stm32f4xx_hal_adc.o
    0x08002104   0x08002104   0x000001c4   Code   RO          692    i.HAL_ADC_Start_DMA  stm32f4xx_hal_adc.o
    0x080022c8   0x080022c8   0x00000028   Code   RO         1518    i.HAL_DMA_Abort_IT  stm32f4xx_hal_dma.o
    0x080022f0   0x080022f0   0x00000240   Code   RO         1522    i.HAL_DMA_IRQHandler  stm32f4xx_hal_dma.o
    0x08002530   0x08002530   0x0000035c   Code   RO         1523    i.HAL_DMA_Init      stm32f4xx_hal_dma.o
    0x0800288c   0x0800288c   0x000000e0   Code   RO         1527    i.HAL_DMA_Start_IT  stm32f4xx_hal_dma.o
    0x0800296c   0x0800296c   0x00000028   Code   RO         1965    i.HAL_Delay         stm32f4xx_hal.o
    0x08002994   0x08002994   0x000003d8   Code   RO         1410    i.HAL_GPIO_Init     stm32f4xx_hal_gpio.o
    0x08002d6c   0x08002d6c   0x0000006c   Code   RO         1413    i.HAL_GPIO_TogglePin  stm32f4xx_hal_gpio.o
    0x08002dd8   0x08002dd8   0x00000078   Code   RO         1414    i.HAL_GPIO_WritePin  stm32f4xx_hal_gpio.o
    0x08002e50   0x08002e50   0x0000000c   Code   RO         1971    i.HAL_GetTick       stm32f4xx_hal.o
    0x08002e5c   0x08002e5c   0x00000018   Code   RO         1977    i.HAL_IncTick       stm32f4xx_hal.o
    0x08002e74   0x08002e74   0x0000003c   Code   RO         1978    i.HAL_Init          stm32f4xx_hal.o
    0x08002eb0   0x08002eb0   0x0000004c   Code   RO         1979    i.HAL_InitTick      stm32f4xx_hal.o
    0x08002efc   0x08002efc   0x00000048   Code   RO          625    i.HAL_MspInit       stm32f4xx_hal_msp.o
    0x08002f44   0x08002f44   0x0000006c   Code   RO         1823    i.HAL_NVIC_EnableIRQ  stm32f4xx_hal_cortex.o
    0x08002fb0   0x08002fb0   0x000000d4   Code   RO         1829    i.HAL_NVIC_SetPriority  stm32f4xx_hal_cortex.o
    0x08003084   0x08003084   0x00000088   Code   RO         1830    i.HAL_NVIC_SetPriorityGrouping  stm32f4xx_hal_cortex.o
    0x0800310c   0x0800310c   0x000002c0   Code   RO          947    i.HAL_RCC_ClockConfig  stm32f4xx_hal_rcc.o
    0x080033cc   0x080033cc   0x0000000c   Code   RO          952    i.HAL_RCC_GetHCLKFreq  stm32f4xx_hal_rcc.o
    0x080033d8   0x080033d8   0x00000020   Code   RO          954    i.HAL_RCC_GetPCLK1Freq  stm32f4xx_hal_rcc.o
    0x080033f8   0x080033f8   0x00000020   Code   RO          955    i.HAL_RCC_GetPCLK2Freq  stm32f4xx_hal_rcc.o
    0x08003418   0x08003418   0x000000b0   Code   RO          956    i.HAL_RCC_GetSysClockFreq  stm32f4xx_hal_rcc.o
    0x080034c8   0x080034c8   0x000005fc   Code   RO          959    i.HAL_RCC_OscConfig  stm32f4xx_hal_rcc.o
    0x08003ac4   0x08003ac4   0x00000034   Code   RO         1834    i.HAL_SYSTICK_Config  stm32f4xx_hal_cortex.o
    0x08003af8   0x08003af8   0x00000002   Code   RO         2904    i.HAL_TIMEx_BreakCallback  stm32f4xx_hal_tim_ex.o
    0x08003afa   0x08003afa   0x00000002   Code   RO         2905    i.HAL_TIMEx_CommutCallback  stm32f4xx_hal_tim_ex.o
    0x08003afc   0x08003afc   0x00000160   Code   RO         2922    i.HAL_TIMEx_MasterConfigSynchronization  stm32f4xx_hal_tim_ex.o
    0x08003c5c   0x08003c5c   0x00000134   Code   RO         2218    i.HAL_TIM_Base_Init  stm32f4xx_hal_tim.o
    0x08003d90   0x08003d90   0x000000c0   Code   RO          379    i.HAL_TIM_Base_MspInit  tim.o
    0x08003e50   0x08003e50   0x000000cc   Code   RO         2223    i.HAL_TIM_Base_Start_IT  stm32f4xx_hal_tim.o
    0x08003f1c   0x08003f1c   0x000004d6   Code   RO         2227    i.HAL_TIM_ConfigClockSource  stm32f4xx_hal_tim.o
    0x080043f2   0x080043f2   0x00000002   Code   RO         2247    i.HAL_TIM_IC_CaptureCallback  stm32f4xx_hal_tim.o
    0x080043f4   0x080043f4   0x00000196   Code   RO         2261    i.HAL_TIM_IRQHandler  stm32f4xx_hal_tim.o
    0x0800458a   0x0800458a   0x00000002   Code   RO         2264    i.HAL_TIM_OC_DelayElapsedCallback  stm32f4xx_hal_tim.o
    0x0800458c   0x0800458c   0x00000002   Code   RO         2291    i.HAL_TIM_PWM_PulseFinishedCallback  stm32f4xx_hal_tim.o
    0x0800458e   0x0800458e   0x00000002   PAD
    0x08004590   0x08004590   0x00000048   Code   RO         3517    i.HAL_TIM_PeriodElapsedCallback  timx_callback_function.o
    0x080045d8   0x080045d8   0x00000002   Code   RO         2304    i.HAL_TIM_TriggerCallback  stm32f4xx_hal_tim.o
    0x080045da   0x080045da   0x00000002   PAD
    0x080045dc   0x080045dc   0x00000028   Code   RO         3735    i.HAL_UART1_RxCpltCallback  usart_printf.o
    0x08004604   0x08004604   0x000001c4   Code   RO         3736    i.HAL_UART6_RxCpltCallback  usart_printf.o
    0x080047c8   0x080047c8   0x00000038   Code   RO         3737    i.HAL_UART_ErrorCallback  usart_printf.o
    0x08004800   0x08004800   0x00000154   Code   RO         3179    i.HAL_UART_IRQHandler  stm32f4xx_hal_uart.o
    0x08004954   0x08004954   0x0000015c   Code   RO         3180    i.HAL_UART_Init     stm32f4xx_hal_uart.o
    0x08004ab0   0x08004ab0   0x000001dc   Code   RO          437    i.HAL_UART_MspInit  usart.o
    0x08004c8c   0x08004c8c   0x00000070   Code   RO         3185    i.HAL_UART_Receive_IT  stm32f4xx_hal_uart.o
    0x08004cfc   0x08004cfc   0x00000028   Code   RO         3738    i.HAL_UART_RxCpltCallback  usart_printf.o
    0x08004d24   0x08004d24   0x000000d8   Code   RO         3188    i.HAL_UART_Transmit  stm32f4xx_hal_uart.o
    0x08004dfc   0x08004dfc   0x00000002   Code   RO         3191    i.HAL_UART_TxCpltCallback  stm32f4xx_hal_uart.o
    0x08004dfe   0x08004dfe   0x00000016   Code   RO          498    i.HardFault_Handler  stm32f4xx_it.o
    0x08004e14   0x08004e14   0x0000039c   Code   RO           17    i.Hardware_Init     main.o
    0x080051b0   0x080051b0   0x0000001c   Code   RO           18    i.IsCompleteHardwareInit  main.o
    0x080051cc   0x080051cc   0x00000072   Code   RO         4097    i.KalmanFilter_Calculate  digtalsignal_process.o
    0x0800523e   0x0800523e   0x00000002   PAD
    0x08005240   0x08005240   0x0000003c   Code   RO         4098    i.KalmanFilter_Init  digtalsignal_process.o
    0x0800527c   0x0800527c   0x000000cc   Code   RO          306    i.MX_ADC1_Init      adc.o
    0x08005348   0x08005348   0x00000038   Code   RO          350    i.MX_DMA_Init       dma.o
    0x08005380   0x08005380   0x000000f8   Code   RO          276    i.MX_GPIO_Init      gpio.o
    0x08005478   0x08005478   0x0000006c   Code   RO          380    i.MX_TIM2_Init      tim.o
    0x080054e4   0x080054e4   0x0000006c   Code   RO          381    i.MX_TIM3_Init      tim.o
    0x08005550   0x08005550   0x00000070   Code   RO          382    i.MX_TIM4_Init      tim.o
    0x080055c0   0x080055c0   0x00000038   Code   RO          438    i.MX_USART1_UART_Init  usart.o
    0x080055f8   0x080055f8   0x00000038   Code   RO          439    i.MX_USART2_UART_Init  usart.o
    0x08005630   0x08005630   0x00000038   Code   RO          440    i.MX_USART6_UART_Init  usart.o
    0x08005668   0x08005668   0x0000002c   Code   RO         4099    i.Mean_Filter_Rest_F  digtalsignal_process.o
    0x08005694   0x08005694   0x00000018   Code   RO         4100    i.Mean_Filter_Rest_U16  digtalsignal_process.o
    0x080056ac   0x080056ac   0x00000004   Code   RO          499    i.MemManage_Handler  stm32f4xx_it.o
    0x080056b0   0x080056b0   0x00000004   Code   RO          500    i.NMI_Handler       stm32f4xx_it.o
    0x080056b4   0x080056b4   0x00000002   Code   RO          501    i.PendSV_Handler    stm32f4xx_it.o
    0x080056b6   0x080056b6   0x00000002   Code   RO          502    i.SVC_Handler       stm32f4xx_it.o
    0x080056b8   0x080056b8   0x00000030   Code   RO         3952    i.Send_Command      usart_gyroscope .o
    0x080056e8   0x080056e8   0x0000004c   Code   RO         3858    i.ServoMotor_Control_Init  servomotor_control.o
    0x08005734   0x08005734   0x00000066   Code   RO         3860    i.ServoMotor_Move_Immediately  servomotor_control.o
    0x0800579a   0x0800579a   0x00000008   Code   RO          503    i.SysTick_Handler   stm32f4xx_it.o
    0x080057a2   0x080057a2   0x00000002   PAD
    0x080057a4   0x080057a4   0x000000b8   Code   RO           19    i.SystemClock_Config  main.o
    0x0800585c   0x0800585c   0x0000001c   Code   RO         4274    i.SystemInit        system_stm32f4xx.o
    0x08005878   0x08005878   0x00000010   Code   RO          504    i.TIM2_IRQHandler   stm32f4xx_it.o
    0x08005888   0x08005888   0x00000010   Code   RO          505    i.TIM3_IRQHandler   stm32f4xx_it.o
    0x08005898   0x08005898   0x00000010   Code   RO          506    i.TIM4_IRQHandler   stm32f4xx_it.o
    0x080058a8   0x080058a8   0x000000a4   Code   RO         2306    i.TIM_Base_SetConfig  stm32f4xx_hal_tim.o
    0x0800594c   0x0800594c   0x00000016   Code   RO         2317    i.TIM_ETR_SetConfig  stm32f4xx_hal_tim.o
    0x08005962   0x08005962   0x00000012   Code   RO         2318    i.TIM_ITRx_SetConfig  stm32f4xx_hal_tim.o
    0x08005974   0x08005974   0x00000026   Code   RO         2324    i.TIM_TI1_ConfigInputStage  stm32f4xx_hal_tim.o
    0x0800599a   0x0800599a   0x00000028   Code   RO         2326    i.TIM_TI2_ConfigInputStage  stm32f4xx_hal_tim.o
    0x080059c2   0x080059c2   0x00000002   PAD
    0x080059c4   0x080059c4   0x00000044   Code   RO         3740    i.UART6_Reset       usart_printf.o
    0x08005a08   0x08005a08   0x00000014   Code   RO         3193    i.UART_DMAAbortOnError  stm32f4xx_hal_uart.o
    0x08005a1c   0x08005a1c   0x00000020   Code   RO         3203    i.UART_EndRxTransfer  stm32f4xx_hal_uart.o
    0x08005a3c   0x08005a3c   0x00000020   Code   RO         3204    i.UART_EndTransmit_IT  stm32f4xx_hal_uart.o
    0x08005a5c   0x08005a5c   0x000000a6   Code   RO         3206    i.UART_Receive_IT   stm32f4xx_hal_uart.o
    0x08005b02   0x08005b02   0x00000002   PAD
    0x08005b04   0x08005b04   0x000004a6   Code   RO         3207    i.UART_SetConfig    stm32f4xx_hal_uart.o
    0x08005faa   0x08005faa   0x00000068   Code   RO         3208    i.UART_Transmit_IT  stm32f4xx_hal_uart.o
    0x08006012   0x08006012   0x0000006c   Code   RO         3209    i.UART_WaitOnFlagUntilTimeout  stm32f4xx_hal_uart.o
    0x0800607e   0x0800607e   0x00000002   PAD
    0x08006080   0x08006080   0x00000010   Code   RO          507    i.USART1_IRQHandler  stm32f4xx_it.o
    0x08006090   0x08006090   0x00000024   Code   RO         3741    i.USART1_Start_IT   usart_printf.o
    0x080060b4   0x080060b4   0x00000010   Code   RO          508    i.USART2_IRQHandler  stm32f4xx_it.o
    0x080060c4   0x080060c4   0x00000024   Code   RO         3743    i.USART2_Start_IT   usart_printf.o
    0x080060e8   0x080060e8   0x00000010   Code   RO          509    i.USART6_IRQHandler  stm32f4xx_it.o
    0x080060f8   0x080060f8   0x00000024   Code   RO         3744    i.USART6_SendBuf    usart_printf.o
    0x0800611c   0x0800611c   0x00000024   Code   RO         3745    i.USART6_Start_IT   usart_printf.o
    0x08006140   0x08006140   0x00000038   Code   RO           20    i.USART_Gyroscope_MeanFilter_Test  main.o
    0x08006178   0x08006178   0x00000004   Code   RO          510    i.UsageFault_Handler  stm32f4xx_it.o
    0x0800617c   0x0800617c   0x00000020   Code   RO         4499    i.__0printf$3       mc_w.l(printf3.o)
    0x0800619c   0x0800619c   0x00000010   Code   RO         1836    i.__NVIC_GetPriorityGrouping  stm32f4xx_hal_cortex.o
    0x080061ac   0x080061ac   0x00000028   Code   RO         1837    i.__NVIC_SetPriority  stm32f4xx_hal_cortex.o
    0x080061d4   0x080061d4   0x0000000e   Code   RO         4737    i.__scatterload_copy  mc_w.l(handlers.o)
    0x080061e2   0x080061e2   0x00000002   Code   RO         4738    i.__scatterload_null  mc_w.l(handlers.o)
    0x080061e4   0x080061e4   0x0000000e   Code   RO         4739    i.__scatterload_zeroinit  mc_w.l(handlers.o)
    0x080061f2   0x080061f2   0x00000002   PAD
    0x080061f4   0x080061f4   0x000001b8   Code   RO         4506    i._printf_core      mc_w.l(printf3.o)
    0x080063ac   0x080063ac   0x00000044   Code   RO           22    i.assert_failed     main.o
    0x080063f0   0x080063f0   0x00000024   Code   RO         3747    i.fputc             usart_printf.o
    0x08006414   0x08006414   0x000000e0   Code   RO           23    i.main              main.o
    0x080064f4   0x080064f4   0x00000008   Data   RO         1529    .constdata          stm32f4xx_hal_dma.o
    0x080064fc   0x080064fc   0x0000000f   Data   RO         3954    .constdata          usart_gyroscope .o
    0x0800650b   0x0800650b   0x00000018   Data   RO         4275    .constdata          system_stm32f4xx.o
    0x08006523   0x08006523   0x00000001   PAD
    0x08006524   0x08006524   0x00000020   Data   RO         4735    Region$$Table       anon$$obj.o


    Execution Region RW_IRAM1 (Exec base: 0x20000000, Load base: 0x08006544, Size: 0x00000cf0, Max: 0x00020000, ABSOLUTE)

    Exec Addr    Load Addr    Size         Type   Attr      Idx    E Section Name        Object

    0x20000000   0x08006544   0x0000005c   Data   RW           24    .data               main.o
    0x2000005c   0x080065a0   0x00000009   Data   RW         1985    .data               stm32f4xx_hal.o
    0x20000065   0x080065a9   0x00000001   PAD
    0x20000066   0x080065aa   0x0000000b   Data   RW         3663    .data               adc_operation.o
    0x20000071   0x080065b5   0x00000003   PAD
    0x20000074   0x080065b8   0x00000014   Data   RW         3750    .data               usart_printf.o
    0x20000088   0x080065cc   0x00000041   Data   RW         3955    .data               usart_gyroscope .o
    0x200000c9   0x0800660d   0x00000001   PAD
    0x200000ca   0x0800660e   0x00000020   Data   RW         4047    .data               adc_function.o
    0x200000ea   0x0800662e   0x00000001   Data   RW         4213    .data               gyroscopedata_process.o
    0x200000eb   0x0800662f   0x00000001   PAD
    0x200000ec   0x08006630   0x00000004   Data   RW         4276    .data               system_stm32f4xx.o
    0x200000f0        -       0x000000a8   Zero   RW          307    .bss                adc.o
    0x20000198        -       0x000000c0   Zero   RW          383    .bss                tim.o
    0x20000258        -       0x000000c0   Zero   RW          441    .bss                usart.o
    0x20000318        -       0x0000000a   Zero   RW         3662    .bss                adc_operation.o
    0x20000322        -       0x00000012   Zero   RW         3865    .bss                servomotor_control.o
    0x20000334        -       0x000000fa   Zero   RW         3953    .bss                usart_gyroscope .o
    0x2000042e   0x08006634   0x00000002   PAD
    0x20000430        -       0x00000078   Zero   RW         4046    .bss                adc_function.o
    0x200004a8        -       0x00000048   Zero   RW         4212    .bss                gyroscopedata_process.o
    0x200004f0        -       0x00000800   Zero   RW            1    STACK               startup_stm32f411xe.o


==============================================================================

Image component sizes


      Code (inc. data)   RO Data    RW Data    ZI Data      Debug   Object Name

       420         34          0          0        168       2075   adc.o
      1812         70          0         32        120       3652   adc_function.o
       372         80          0         11         10       6016   adc_operation.o
       376         20          0          0          0       5965   digtalsignal_process.o
        56          4          0          0          0        918   dma.o
       248         12          0          0          0       1183   gpio.o
       416         28          0          1         72       2178   gyroscopedata_process.o
      1600        804          0         92          0     442973   main.o
       290          6          0          0         18       7958   servomotor_control.o
        36          8        408          0       2048        852   startup_stm32f411xe.o
       212         36          0          9          0       9493   stm32f4xx_hal.o
      3326        422          0          0          0      10798   stm32f4xx_hal_adc.o
         2          0          0          0          0       1161   stm32f4xx_hal_adc_ex.o
       564        204          0          0          0      34655   stm32f4xx_hal_cortex.o
      1966        138          8          0          0       6726   stm32f4xx_hal_dma.o
      1212        244          0          0          0       3509   stm32f4xx_hal_gpio.o
        72          4          0          0          0       1006   stm32f4xx_hal_msp.o
      2488        200          0          0          0       6148   stm32f4xx_hal_rcc.o
      2446        286          0          0          0      10415   stm32f4xx_hal_tim.o
       356         82          0          0          0       2737   stm32f4xx_hal_tim_ex.o
      2670        150          0          0          0       9866   stm32f4xx_hal_uart.o
       180         48          0          0          0      14416   stm32f4xx_it.o
        28          4         24          4          0       1323   system_stm32f4xx.o
       520         36          0          0        192       3312   tim.o
        72         12          0          0          0       1140   timx_callback_function.o
       644         60          0          0        192       3308   usart.o
       716        198         15         65        250       7609   usart_gyroscope .o
       836        146          0         20          0       9704   usart_printf.o

    ----------------------------------------------------------------------
     23964       3336        488        240       3072     611096   Object Totals
         0          0         32          0          0          0   (incl. Generated)
        28          0          1          6          2          0   (incl. Padding)

    ----------------------------------------------------------------------

      Code (inc. data)   RO Data    RW Data    ZI Data      Debug   Library Member Name

         0          0          0          0          0          0   entry.o
         0          0          0          0          0          0   entry10a.o
         0          0          0          0          0          0   entry11a.o
         4          0          0          0          0          0   entry12b.o
         8          4          0          0          0          0   entry2.o
         4          0          0          0          0          0   entry5.o
         0          0          0          0          0          0   entry7b.o
         0          0          0          0          0          0   entry8b.o
         8          4          0          0          0          0   entry9a.o
        30          0          0          0          0          0   handlers.o
        36          8          0          0          0         68   init.o
         0          0          0          0          0          0   iusefp.o
        30          0          0          0          0         68   llshl.o
        36          0          0          0          0         68   llsshr.o
        32          0          0          0          0         68   llushr.o
        36          0          0          0          0        108   memseta.o
       472         14          0          0          0        184   printf3.o
        44          0          0          0          0         80   uidiv.o
        98          0          0          0          0         92   uldiv.o
        48          0          0          0          0         68   cdrcmple.o
       334          0          0          0          0        148   dadd.o
       186          0          0          0          0        176   depilogue.o
        26          0          0          0          0         76   dfltui.o
        38          0          0          0          0         68   f2d.o

    ----------------------------------------------------------------------
      1472         30          0          0          0       1272   Library Totals
         2          0          0          0          0          0   (incl. Padding)

    ----------------------------------------------------------------------

      Code (inc. data)   RO Data    RW Data    ZI Data      Debug   Library Name

       838         30          0          0          0        736   mc_w.l
       632          0          0          0          0        536   mf_w.l

    ----------------------------------------------------------------------
      1472         30          0          0          0       1272   Library Totals

    ----------------------------------------------------------------------

==============================================================================


      Code (inc. data)   RO Data    RW Data    ZI Data      Debug   

     25436       3366        488        240       3072     598100   Grand Totals
     25436       3366        488        240       3072     598100   ELF Image Totals
     25436       3366        488        240          0          0   ROM Totals

==============================================================================

    Total RO  Size (Code + RO Data)                25924 (  25.32kB)
    Total RW  Size (RW Data + ZI Data)              3312 (   3.23kB)
    Total ROM Size (Code + RO Data + RW Data)      26164 (  25.55kB)

==============================================================================

